[2019-09-05 10:29:04,052: WARNING/ForkPoolWorker-8] /FILE FROM\ == /Users/xxx/Projects/tracker_rework/tracker/workers/continuous/continuous_worker.py
[2019-09-05 10:29:04,053: INFO/ForkPoolWorker-9] Task continuous_worker.check_diff_delayed[a94b29f9-437e-476b-b646-e66dbeb1facf] succeeded in 0.5213044910015014s: {'current': 100, 'total': 100, 'status': {'url': 'https://www.basf.com/global/en/investors/share-and-adrs/share-overview/share-buyback.html', 'div': 'www.basf.com', 'diff_neg': [], 'diff_pos': [], 'nearest_link_pos': [], 'nearest_link_neg': [], 'all_links_pos': [], 'all_links_neg': [], 'diff_nb': 0}, 'result': 0}
[2019-09-05 10:29:04,053: WARNING/ForkPoolWorker-8] -> Fetching local content from : /Users/xxx/Projects/tracker_rework/data/light_sbb_exane/www.group.intesasanpaolo.com/website_content/scriptIsir0/si09/investor_relations/eng_comunicati_stampa_price.jsp
[2019-09-05 10:29:04,053: WARNING/ForkPoolWorker-8] -> Fetching remote content from : https://www.group.intesasanpaolo.com/scriptIsir0/si09/investor_relations/eng_comunicati_stampa_price.jsp
[2019-09-05 10:29:04,054: INFO/MainProcess] Received task: continuous_worker.check_diff_delayed[2464fd46-abf1-413b-ad8a-27d0c9fdf7bf]  
[2019-09-05 10:29:04,054: WARNING/ForkPoolWorker-9] /FILE FROM\ == /Users/xxx/Projects/tracker_rework/tracker/workers/continuous/continuous_worker.py
[2019-09-05 10:29:04,055: WARNING/ForkPoolWorker-9] -> Fetching local content from : /Users/xxx/Projects/tracker_rework/data/light_sbb_exane/www.enel.com/website_content/media/allpressreleases
[2019-09-05 10:29:04,055: WARNING/ForkPoolWorker-8] Problem reading local content : 'utf-8' codec can't decode byte 0xa0 in position 10312: invalid start byte
[2019-09-05 10:29:04,055: WARNING/ForkPoolWorker-9] -> Fetching remote content from : https://www.enel.com/media/allpressreleases
[2019-09-05 10:29:04,115: WARNING/ForkPoolWorker-12] -> cleaning HTML content ....
[2019-09-05 10:29:04,119: WARNING/ForkPoolWorker-12] -> cleaning HTML content ....
[2019-09-05 10:29:04,124: WARNING/ForkPoolWorker-12] ******* len status all linsk pos 1: 0
[2019-09-05 10:29:04,125: WARNING/ForkPoolWorker-12] -------------------------------———
[2019-09-05 10:29:04,125: WARNING/ForkPoolWorker-12] Excluded links are :
[2019-09-05 10:29:04,125: WARNING/ForkPoolWorker-12] -------------------------------———
[2019-09-05 10:29:04,126: WARNING/ForkPoolWorker-12] (https://www.vicat.com) DIFF POS:
[]
[2019-09-05 10:29:04,127: WARNING/ForkPoolWorker-12] (https://www.vicat.com) DIFF NEG :
[]
[2019-09-05 10:29:04,127: WARNING/ForkPoolWorker-12] ***** Content is SIMILAR *****
[2019-09-05 10:29:04,129: INFO/ForkPoolWorker-12] Task continuous_worker.check_diff_delayed[8bb411f0-42c4-447d-b5b9-f60843510f6b] succeeded in 0.4990515850004158s: {'current': 100, 'total': 100, 'status': {'url': 'https://www.vicat.com/finance/regulated-information', 'div': 'www.vicat.com', 'diff_neg': [], 'diff_pos': [], 'nearest_link_pos': [], 'nearest_link_neg': [], 'all_links_pos': [], 'all_links_neg': [], 'diff_nb': 0}, 'result': 0}
[2019-09-05 10:29:04,131: INFO/MainProcess] Received task: continuous_worker.check_diff_delayed[8762ff51-3fe0-49e7-aeb0-ee1f1f13fdf8]  
[2019-09-05 10:29:04,132: WARNING/ForkPoolWorker-12] /FILE FROM\ == /Users/xxx/Projects/tracker_rework/tracker/workers/continuous/continuous_worker.py
[2019-09-05 10:29:04,132: WARNING/ForkPoolWorker-12] -> Fetching local content from : /Users/xxx/Projects/tracker_rework/data/light_sbb_exane/www.telekom.com/website_content/en/investor-relations/publications/mandatory-announcements
[2019-09-05 10:29:04,133: WARNING/ForkPoolWorker-12] -> Fetching remote content from : https://www.telekom.com/en/investor-relations/publications/mandatory-announcements
[2019-09-05 10:29:04,140: WARNING/ForkPoolWorker-9] [200] https://www.enel.com/media/allpressreleases
[2019-09-05 10:29:04,148: WARNING/ForkPoolWorker-10] //////////// https://www.icade.fr/en/group/about-icade has been redirected to : http://www.icade.fr/en/group/about-icade //////////
[2019-09-05 10:29:04,149: WARNING/ForkPoolWorker-10] URL = https://www.icade.fr/en/group/about-icade (detected NON pdf)
[2019-09-05 10:29:04,181: WARNING/ForkPoolWorker-10] -> cleaning HTML content ....
[2019-09-05 10:29:04,193: WARNING/ForkPoolWorker-10] RESPONSE => b'false'
[2019-09-05 10:29:04,194: WARNING/ForkPoolWorker-10] RESPONSE 2 = b'false'
[2019-09-05 10:29:04,194: WARNING/ForkPoolWorker-10] ENTER CHECK SBB : http://www.icade.fr/en/newsroom/press-releases
[2019-09-05 10:29:04,218: WARNING/ForkPoolWorker-9] -> cleaning HTML content ....
[2019-09-05 10:29:04,219: WARNING/ForkPoolWorker-9] -> cleaning HTML content ....
[2019-09-05 10:29:04,220: WARNING/ForkPoolWorker-9] ******* len status all linsk pos 1: 0
[2019-09-05 10:29:04,220: WARNING/ForkPoolWorker-9] -------------------------------———
[2019-09-05 10:29:04,220: WARNING/ForkPoolWorker-9] Excluded links are :
[2019-09-05 10:29:04,221: WARNING/ForkPoolWorker-9] -------------------------------———
[2019-09-05 10:29:04,222: WARNING/ForkPoolWorker-9] (https://www.enel.com) DIFF POS:
[]
[2019-09-05 10:29:04,222: WARNING/ForkPoolWorker-9] (https://www.enel.com) DIFF NEG :
[]
[2019-09-05 10:29:04,222: WARNING/ForkPoolWorker-9] ***** Content is SIMILAR *****
[2019-09-05 10:29:04,224: INFO/ForkPoolWorker-9] Task continuous_worker.check_diff_delayed[0d70f77f-eef8-487f-b19e-895ce2892206] succeeded in 0.16944243699981598s: {'current': 100, 'total': 100, 'status': {'url': 'https://www.enel.com/media/allpressreleases', 'div': 'www.enel.com', 'diff_neg': [], 'diff_pos': [], 'nearest_link_pos': [], 'nearest_link_neg': [], 'all_links_pos': [], 'all_links_neg': [], 'diff_nb': 0}, 'result': 0}
[2019-09-05 10:29:04,225: WARNING/ForkPoolWorker-9] /FILE FROM\ == /Users/xxx/Projects/tracker_rework/tracker/workers/continuous/continuous_worker.py
[2019-09-05 10:29:04,225: WARNING/ForkPoolWorker-9] -> Fetching local content from : /Users/xxx/Projects/tracker_rework/data/light_sbb_exane/www.mercialys.com/website_content/investors/regulated-information/securities-transactions
[2019-09-05 10:29:04,226: INFO/MainProcess] Received task: continuous_worker.check_diff_delayed[87953ba2-f22c-488c-bc50-ce9fcc26ebf9]  
[2019-09-05 10:29:04,226: WARNING/ForkPoolWorker-9] -> Fetching remote content from : http://www.mercialys.com/investors/regulated-information/securities-transactions
[2019-09-05 10:29:04,307: WARNING/ForkPoolWorker-10] //////////// https://www.icade.fr/en/newsroom/press-releases has been redirected to : http://www.icade.fr/en/newsroom/press-releases //////////
[2019-09-05 10:29:04,308: WARNING/ForkPoolWorker-10] URL = https://www.icade.fr/en/newsroom/press-releases (detected NON pdf)
[2019-09-05 10:29:04,312: WARNING/ForkPoolWorker-8] [200] https://www.group.intesasanpaolo.com/scriptIsir0/si09/investor_relations/eng_comunicati_stampa_price.jsp
[2019-09-05 10:29:04,315: INFO/MainProcess] Received task: continuous_worker.check_diff_delayed[d1d9cd3a-838b-4a3e-a983-44d5d7c252a0]  
[2019-09-05 10:29:04,369: WARNING/ForkPoolWorker-10] -> cleaning HTML content ....
[2019-09-05 10:29:04,381: WARNING/ForkPoolWorker-10] RESPONSE => b'false'
[2019-09-05 10:29:04,381: WARNING/ForkPoolWorker-10] RESPONSE 2 = b'false'
[2019-09-05 10:29:04,382: WARNING/ForkPoolWorker-10] ENTER CHECK SBB : http://www.icade.fr/en/group
[2019-09-05 10:29:04,403: WARNING/ForkPoolWorker-4] -> cleaning HTML content ....
[2019-09-05 10:29:04,404: WARNING/ForkPoolWorker-4] -> cleaning HTML content ....
[2019-09-05 10:29:04,405: WARNING/ForkPoolWorker-4] diff all links pos = ['https://www.lseg.com/content/regulatory-news/page/9', 'https://www.lseg.com/regulatory-news/14210314/details']
[2019-09-05 10:29:04,405: WARNING/ForkPoolWorker-4] ******* len status all linsk pos 1: 0
[2019-09-05 10:29:04,405: WARNING/ForkPoolWorker-4] -------------------------------———
[2019-09-05 10:29:04,406: WARNING/ForkPoolWorker-4] Excluded links are :
[2019-09-05 10:29:04,406: WARNING/ForkPoolWorker-4] -------------------------------———
[2019-09-05 10:29:04,407: WARNING/ForkPoolWorker-4] (https://www.lseg.com) DIFF POS:
[]
[2019-09-05 10:29:04,408: WARNING/ForkPoolWorker-4] (https://www.lseg.com) DIFF NEG :
[]
[2019-09-05 10:29:04,408: WARNING/ForkPoolWorker-4] ***** Content is SIMILAR *****
[2019-09-05 10:29:04,410: INFO/ForkPoolWorker-4] Task continuous_worker.check_diff_delayed[b947ae23-7ded-418e-81d0-88119879c1a8] succeeded in 2.094009164000454s: {'current': 100, 'total': 100, 'status': {'url': 'https://www.lseg.com/content/regulatory-news', 'div': 'www.lseg.com', 'diff_neg': [], 'diff_pos': [], 'nearest_link_pos': [], 'nearest_link_neg': [], 'all_links_pos': [], 'all_links_neg': [], 'diff_nb': 0}, 'result': 0}
[2019-09-05 10:29:04,411: WARNING/ForkPoolWorker-4] /FILE FROM\ == /Users/xxx/Projects/tracker_rework/tracker/workers/continuous/continuous_worker.py
[2019-09-05 10:29:04,411: WARNING/ForkPoolWorker-4] -> Fetching local content from : /Users/xxx/Projects/tracker_rework/data/light_sbb_exane/webcorporativa.bankinter.com/website_content/www2/corporativa/en/inf_financiera_cnmv/hechos_relevantes_cnmv/fechas/2019
[2019-09-05 10:29:04,412: WARNING/ForkPoolWorker-4] -> Fetching remote content from : https://webcorporativa.bankinter.com/www2/corporativa/en/inf_financiera_cnmv/hechos_relevantes_cnmv/fechas/2019
[2019-09-05 10:29:04,412: WARNING/ForkPoolWorker-4] Problem reading local content : 'utf-8' codec can't decode byte 0xe1 in position 2856: invalid continuation byte
[2019-09-05 10:29:04,428: WARNING/ForkPoolWorker-9] [200] http://www.mercialys.com/investors/regulated-information/securities-transactions
[2019-09-05 10:29:04,431: INFO/MainProcess] Received task: continuous_worker.check_diff_delayed[18cda0a3-f595-4ddf-a5db-31ce8b4fbd88]  
[2019-09-05 10:29:04,466: WARNING/ForkPoolWorker-10] //////////// https://www.icade.fr/en/group has been redirected to : http://www.icade.fr/en/group //////////
[2019-09-05 10:29:04,466: WARNING/ForkPoolWorker-10] URL = https://www.icade.fr/en/group (detected NON pdf)
[2019-09-05 10:29:04,471: WARNING/ForkPoolWorker-11] [200] https://www.cofinimmo.com/news-and-media/press-releases/
[2019-09-05 10:29:04,498: WARNING/ForkPoolWorker-9] -> cleaning HTML content ....
[2019-09-05 10:29:04,498: WARNING/ForkPoolWorker-9] -> cleaning HTML content ....
[2019-09-05 10:29:04,499: WARNING/ForkPoolWorker-9] ******* len status all linsk pos 1: 0
[2019-09-05 10:29:04,499: WARNING/ForkPoolWorker-9] -------------------------------———
[2019-09-05 10:29:04,500: WARNING/ForkPoolWorker-9] Excluded links are :
[2019-09-05 10:29:04,500: WARNING/ForkPoolWorker-9] -------------------------------———
[2019-09-05 10:29:04,501: WARNING/ForkPoolWorker-9] (http://www.mercialys.com) DIFF POS:
[]
[2019-09-05 10:29:04,501: WARNING/ForkPoolWorker-9] (http://www.mercialys.com) DIFF NEG :
[]
[2019-09-05 10:29:04,502: WARNING/ForkPoolWorker-9] ***** Content is SIMILAR *****
[2019-09-05 10:29:04,503: INFO/ForkPoolWorker-9] Task continuous_worker.check_diff_delayed[3ed9858a-2d60-4d5d-97db-9ee4effa0d31] succeeded in 0.2780570139984775s: {'current': 100, 'total': 100, 'status': {'url': 'http://www.mercialys.com/investors/regulated-information/securities-transactions', 'div': 'www.mercialys.com', 'diff_neg': [], 'diff_pos': [], 'nearest_link_pos': [], 'nearest_link_neg': [], 'all_links_pos': [], 'all_links_neg': [], 'diff_nb': 0}, 'result': 0}
[2019-09-05 10:29:04,503: WARNING/ForkPoolWorker-10] -> cleaning HTML content ....
[2019-09-05 10:29:04,504: WARNING/ForkPoolWorker-9] /FILE FROM\ == /Users/xxx/Projects/tracker_rework/tracker/workers/continuous/continuous_worker.py
[2019-09-05 10:29:04,505: WARNING/ForkPoolWorker-9] -> Fetching local content from : /Users/xxx/Projects/tracker_rework/data/light_sbb_exane/www.vopak.com/website_content/newsroom/press-and-news-releases
[2019-09-05 10:29:04,505: WARNING/ForkPoolWorker-9] -> Fetching remote content from : https://www.vopak.com/newsroom/press-and-news-releases
[2019-09-05 10:29:04,508: INFO/MainProcess] Received task: continuous_worker.check_diff_delayed[c5e88be8-529e-42de-a975-bf2b8b25354c]  
[2019-09-05 10:29:04,518: WARNING/ForkPoolWorker-10] RESPONSE => b'false'
[2019-09-05 10:29:04,518: WARNING/ForkPoolWorker-10] RESPONSE 2 = b'false'
[2019-09-05 10:29:04,519: WARNING/ForkPoolWorker-10] ENTER CHECK SBB : http://www.icade.fr/en/innovation/innovation-partnerships
[2019-09-05 10:29:04,531: WARNING/ForkPoolWorker-13] [200] https://www.kingfisher.com/content/kingfisher/corporate/en/investors/regulatory-news/rns.html
[2019-09-05 10:29:04,583: WARNING/ForkPoolWorker-4] [200] https://webcorporativa.bankinter.com/www2/corporativa/en/inf_financiera_cnmv/hechos_relevantes_cnmv/fechas/2019
[2019-09-05 10:29:04,613: WARNING/ForkPoolWorker-4] Problem fetching local content or remote content.
[2019-09-05 10:29:04,615: INFO/ForkPoolWorker-4] Task continuous_worker.check_diff_delayed[7ab3a67f-3e96-4951-accc-4b3f8f5335a6] succeeded in 0.20394641099846922s: {'current': 100, 'total': 100, 'status': {'url': 'https://webcorporativa.bankinter.com/www2/corporativa/en/inf_financiera_cnmv/hechos_relevantes_cnmv/fechas/2019', 'div': 'webcorporativa.bankinter.com', 'diff_neg': [], 'diff_pos': [], 'nearest_link_pos': [], 'nearest_link_neg': [], 'all_links_pos': None, 'all_links_neg': None, 'diff_nb': 0}, 'result': 0}
[2019-09-05 10:29:04,616: WARNING/ForkPoolWorker-4] /FILE FROM\ == /Users/xxx/Projects/tracker_rework/tracker/workers/continuous/continuous_worker.py
[2019-09-05 10:29:04,616: WARNING/ForkPoolWorker-4] -> Fetching local content from : /Users/xxx/Projects/tracker_rework/data/light_sbb_exane/www.proximus.com/website_content/search?categories=ed151ef9-99a7-4464-880a-b6ba30afcf5a&searchSection=press
[2019-09-05 10:29:04,617: WARNING/ForkPoolWorker-4] -> Fetching remote content from : https://www.proximus.com/search?categories=ed151ef9-99a7-4464-880a-b6ba30afcf5a&searchSection=press
[2019-09-05 10:29:04,619: INFO/MainProcess] Received task: continuous_worker.check_diff_delayed[147a08b4-2a88-44e9-ba10-a96b4eeb373c]  
[2019-09-05 10:29:04,649: WARNING/ForkPoolWorker-13] -> cleaning HTML content ....
[2019-09-05 10:29:04,650: WARNING/ForkPoolWorker-13] -> cleaning HTML content ....
[2019-09-05 10:29:04,651: WARNING/ForkPoolWorker-13] ******* len status all linsk pos 1: 0
[2019-09-05 10:29:04,651: WARNING/ForkPoolWorker-13] -------------------------------———
[2019-09-05 10:29:04,652: WARNING/ForkPoolWorker-13] Excluded links are :
[2019-09-05 10:29:04,652: WARNING/ForkPoolWorker-13] -------------------------------———
[2019-09-05 10:29:04,653: WARNING/ForkPoolWorker-13] (https://www.kingfisher.com) DIFF POS:
[]
[2019-09-05 10:29:04,653: WARNING/ForkPoolWorker-13] (https://www.kingfisher.com) DIFF NEG :
[]
[2019-09-05 10:29:04,653: WARNING/ForkPoolWorker-13] ***** Content is SIMILAR *****
[2019-09-05 10:29:04,655: INFO/ForkPoolWorker-13] Task continuous_worker.check_diff_delayed[16fe24ba-8753-4bfb-8b1f-890c2147afef] succeeded in 0.6420835390017601s: {'current': 100, 'total': 100, 'status': {'url': 'https://www.kingfisher.com/content/kingfisher/corporate/en/investors/regulatory-news/rns.html', 'div': 'www.kingfisher.com', 'diff_neg': [], 'diff_pos': [], 'nearest_link_pos': [], 'nearest_link_neg': [], 'all_links_pos': [], 'all_links_neg': [], 'diff_nb': 0}, 'result': 0}
[2019-09-05 10:29:04,657: WARNING/ForkPoolWorker-13] /FILE FROM\ == /Users/xxx/Projects/tracker_rework/tracker/workers/continuous/continuous_worker.py
[2019-09-05 10:29:04,657: WARNING/ForkPoolWorker-13] -> Fetching local content from : /Users/xxx/Projects/tracker_rework/data/light_sbb_exane/www.intertek.com/website_content/investors/stock-exchange-announcements/unknown___
[2019-09-05 10:29:04,658: WARNING/ForkPoolWorker-13] -> Fetching remote content from : http://www.intertek.com/investors/stock-exchange-announcements/
[2019-09-05 10:29:04,659: WARNING/ForkPoolWorker-10] //////////// https://www.icade.fr/en/innovation/innovation-partnerships has been redirected to : http://www.icade.fr/en/innovation/innovation-partnerships //////////
[2019-09-05 10:29:04,659: WARNING/ForkPoolWorker-10] URL = https://www.icade.fr/en/innovation/innovation-partnerships (detected NON pdf)
[2019-09-05 10:29:04,685: WARNING/ForkPoolWorker-10] -> cleaning HTML content ....
[2019-09-05 10:29:04,699: WARNING/ForkPoolWorker-10] RESPONSE => b'false'
[2019-09-05 10:29:04,699: WARNING/ForkPoolWorker-10] RESPONSE 2 = b'false'
[2019-09-05 10:29:04,700: WARNING/ForkPoolWorker-10] ENTER CHECK SBB : http://www.icade.fr/en/projects
[2019-09-05 10:29:04,747: WARNING/ForkPoolWorker-9] [200] https://www.vopak.com/newsroom/press-and-news-releases
[2019-09-05 10:29:04,762: INFO/MainProcess] Received task: continuous_worker.check_diff_delayed[6ef2e650-9fd3-4545-b52c-5a852a715fd3]  
[2019-09-05 10:29:04,772: WARNING/ForkPoolWorker-10] //////////// https://www.icade.fr/en/projects has been redirected to : http://www.icade.fr/en/projects //////////
[2019-09-05 10:29:04,773: WARNING/ForkPoolWorker-10] URL = https://www.icade.fr/en/projects (detected NON pdf)
[2019-09-05 10:29:04,828: WARNING/ForkPoolWorker-10] -> cleaning HTML content ....
[2019-09-05 10:29:04,829: WARNING/ForkPoolWorker-10] ENTER CHECK SBB : http://www.icade.fr/en/finance/regulated-information/icade-steps-up-the-implementation-of-its-strategic-plan
[2019-09-05 10:29:04,833: WARNING/ForkPoolWorker-4] [200] https://www.proximus.com/search?categories=ed151ef9-99a7-4464-880a-b6ba30afcf5a&searchSection=press
[2019-09-05 10:29:04,841: WARNING/ForkPoolWorker-9] -> cleaning HTML content ....
[2019-09-05 10:29:04,842: WARNING/ForkPoolWorker-9] -> cleaning HTML content ....
[2019-09-05 10:29:04,843: WARNING/ForkPoolWorker-9] ******* len status all linsk pos 1: 0
[2019-09-05 10:29:04,844: WARNING/ForkPoolWorker-9] -------------------------------———
[2019-09-05 10:29:04,844: WARNING/ForkPoolWorker-9] Excluded links are :
[2019-09-05 10:29:04,844: WARNING/ForkPoolWorker-9] -------------------------------———
[2019-09-05 10:29:04,845: WARNING/ForkPoolWorker-9] (https://www.vopak.com) DIFF POS:
[]
[2019-09-05 10:29:04,845: WARNING/ForkPoolWorker-9] (https://www.vopak.com) DIFF NEG :
[]
[2019-09-05 10:29:04,846: WARNING/ForkPoolWorker-9] ***** Content is SIMILAR *****
[2019-09-05 10:29:04,847: INFO/ForkPoolWorker-9] Task continuous_worker.check_diff_delayed[6c746736-f68c-480f-9d8c-8e7c2e7771c1] succeeded in 0.34316878599929623s: {'current': 100, 'total': 100, 'status': {'url': 'https://www.vopak.com/newsroom/press-and-news-releases', 'div': 'www.vopak.com', 'diff_neg': [], 'diff_pos': [], 'nearest_link_pos': [], 'nearest_link_neg': [], 'all_links_pos': [], 'all_links_neg': [], 'diff_nb': 0}, 'result': 0}
[2019-09-05 10:29:04,848: WARNING/ForkPoolWorker-9] /FILE FROM\ == /Users/xxx/Projects/tracker_rework/tracker/workers/continuous/continuous_worker.py
[2019-09-05 10:29:04,849: WARNING/ForkPoolWorker-9] -> Fetching local content from : /Users/xxx/Projects/tracker_rework/data/light_sbb_exane/www.aegon.com/website_content/investors/press-releases/unknown___
[2019-09-05 10:29:04,849: WARNING/ForkPoolWorker-9] -> Fetching remote content from : https://www.aegon.com/investors/press-releases/
[2019-09-05 10:29:04,945: WARNING/ForkPoolWorker-10] //////////// https://www.icade.fr/en/finance/regulated-information/icade-steps-up-the-implementation-of-its-strategic-plan has been redirected to : http://www.icade.fr/en/finance/regulated-information/icade-steps-up-the-implementation-of-its-strategic-plan //////////
[2019-09-05 10:29:04,946: WARNING/ForkPoolWorker-10] URL = https://www.icade.fr/en/finance/regulated-information/icade-steps-up-the-implementation-of-its-strategic-plan (detected NON pdf)
[2019-09-05 10:29:04,983: WARNING/ForkPoolWorker-10] -> cleaning HTML content ....
[2019-09-05 10:29:04,994: WARNING/ForkPoolWorker-9] [200] https://www.aegon.com/investors/press-releases/
[2019-09-05 10:29:04,998: WARNING/ForkPoolWorker-10] RESPONSE => b'false'
[2019-09-05 10:29:04,999: WARNING/ForkPoolWorker-10] RESPONSE 2 = b'false'
[2019-09-05 10:29:04,999: WARNING/ForkPoolWorker-10] ENTER CHECK SBB : http://www.icade.fr?page=4
[2019-09-05 10:29:05,030: WARNING/ForkPoolWorker-13] [200] http://www.intertek.com/investors/stock-exchange-announcements/
[2019-09-05 10:29:05,099: WARNING/ForkPoolWorker-8] Problem fetching local content or remote content.
[2019-09-05 10:29:05,101: INFO/ForkPoolWorker-8] Task continuous_worker.check_diff_delayed[51de15df-232b-4be9-a80e-03311fe0672e] succeeded in 1.048915184001089s: {'current': 100, 'total': 100, 'status': {'url': 'https://www.group.intesasanpaolo.com/scriptIsir0/si09/investor_relations/eng_comunicati_stampa_price.jsp', 'div': 'www.group.intesasanpaolo.com', 'diff_neg': [], 'diff_pos': [], 'nearest_link_pos': [], 'nearest_link_neg': [], 'all_links_pos': None, 'all_links_neg': None, 'diff_nb': 0}, 'result': 0}
[2019-09-05 10:29:05,103: INFO/MainProcess] Received task: continuous_worker.check_diff_delayed[8fd91f10-f97b-4554-a0eb-d2a8c192d3e1]  
[2019-09-05 10:29:05,104: WARNING/ForkPoolWorker-8] /FILE FROM\ == /Users/xxx/Projects/tracker_rework/tracker/workers/continuous/continuous_worker.py
[2019-09-05 10:29:05,104: WARNING/ForkPoolWorker-8] -> Fetching local content from : /Users/xxx/Projects/tracker_rework/data/light_sbb_exane/www.saipem.com/website_content/sites/SAIPEM_en_IT/press/PRESS-saipem-press-all-releases.page
[2019-09-05 10:29:05,105: WARNING/ForkPoolWorker-8] -> Fetching remote content from : http://www.saipem.com/sites/SAIPEM_en_IT/press/PRESS-saipem-press-all-releases.page
[2019-09-05 10:29:05,233: WARNING/ForkPoolWorker-12] [200] https://www.telekom.com/en/investor-relations/publications/mandatory-announcements
[2019-09-05 10:29:05,262: WARNING/ForkPoolWorker-11] -> cleaning HTML content ....
[2019-09-05 10:29:05,267: WARNING/ForkPoolWorker-11] -> cleaning HTML content ....
[2019-09-05 10:29:05,272: WARNING/ForkPoolWorker-11] ******* len status all linsk pos 1: 0
[2019-09-05 10:29:05,272: WARNING/ForkPoolWorker-11] -------------------------------———
[2019-09-05 10:29:05,273: WARNING/ForkPoolWorker-11] Excluded links are :
[2019-09-05 10:29:05,273: WARNING/ForkPoolWorker-11] -------------------------------———
[2019-09-05 10:29:05,274: WARNING/ForkPoolWorker-11] (https://www.cofinimmo.com) DIFF POS:
[]
[2019-09-05 10:29:05,274: WARNING/ForkPoolWorker-11] (https://www.cofinimmo.com) DIFF NEG :
[]
[2019-09-05 10:29:05,275: WARNING/ForkPoolWorker-11] ***** Content is SIMILAR *****
[2019-09-05 10:29:05,277: INFO/ForkPoolWorker-11] Task continuous_worker.check_diff_delayed[d6d53390-d844-468f-8b65-f16bdfed1b04] succeeded in 1.6995839880000858s: {'current': 100, 'total': 100, 'status': {'url': 'https://www.cofinimmo.com/news-and-media/press-releases/', 'div': 'www.cofinimmo.com', 'diff_neg': [], 'diff_pos': [], 'nearest_link_pos': [], 'nearest_link_neg': [], 'all_links_pos': [], 'all_links_neg': [], 'diff_nb': 0}, 'result': 0}
[2019-09-05 10:29:05,279: INFO/MainProcess] Received task: continuous_worker.check_diff_delayed[da16eaec-5f1b-4674-bdac-c329b1ac1bc6]  
[2019-09-05 10:29:05,279: WARNING/ForkPoolWorker-11] /FILE FROM\ == /Users/xxx/Projects/tracker_rework/tracker/workers/continuous/continuous_worker.py
[2019-09-05 10:29:05,280: WARNING/ForkPoolWorker-11] -> Fetching local content from : /Users/xxx/Projects/tracker_rework/data/light_sbb_exane/www.iairgroup.com/website_content/en/newsroom/press-releases
[2019-09-05 10:29:05,280: WARNING/ForkPoolWorker-11] -> Fetching remote content from : https://www.iairgroup.com/en/newsroom/press-releases
[2019-09-05 10:29:05,323: WARNING/ForkPoolWorker-9] -> cleaning HTML content ....
[2019-09-05 10:29:05,325: WARNING/ForkPoolWorker-9] -> cleaning HTML content ....
[2019-09-05 10:29:05,326: WARNING/ForkPoolWorker-9] ******* len status all linsk pos 1: 0
[2019-09-05 10:29:05,327: WARNING/ForkPoolWorker-9] -------------------------------———
[2019-09-05 10:29:05,327: WARNING/ForkPoolWorker-9] Excluded links are :
[2019-09-05 10:29:05,327: WARNING/ForkPoolWorker-9] -------------------------------———
[2019-09-05 10:29:05,328: WARNING/ForkPoolWorker-9] (https://www.aegon.com) DIFF POS:
[]
[2019-09-05 10:29:05,328: WARNING/ForkPoolWorker-9] (https://www.aegon.com) DIFF NEG :
[]
[2019-09-05 10:29:05,329: WARNING/ForkPoolWorker-9] ***** Content is SIMILAR *****
[2019-09-05 10:29:05,330: INFO/ForkPoolWorker-9] Task continuous_worker.check_diff_delayed[f7db913a-8fb1-4811-9334-caa4cc90620e] succeeded in 0.48186795500078006s: {'current': 100, 'total': 100, 'status': {'url': 'https://www.aegon.com/investors/press-releases/', 'div': 'www.aegon.com', 'diff_neg': [], 'diff_pos': [], 'nearest_link_pos': [], 'nearest_link_neg': [], 'all_links_pos': [], 'all_links_neg': [], 'diff_nb': 0}, 'result': 0}
[2019-09-05 10:29:05,332: INFO/MainProcess] Received task: continuous_worker.check_diff_delayed[668597dc-e6a9-4607-9815-224e34259a35]  
[2019-09-05 10:29:05,333: WARNING/ForkPoolWorker-9] /FILE FROM\ == /Users/xxx/Projects/tracker_rework/tracker/workers/continuous/continuous_worker.py
[2019-09-05 10:29:05,333: WARNING/ForkPoolWorker-9] -> Fetching local content from : /Users/xxx/Projects/tracker_rework/data/light_sbb_exane/www.allianz.com/website_content/en/investor_relations/share/share-buy-back.html
[2019-09-05 10:29:05,333: WARNING/ForkPoolWorker-9] -> Fetching remote content from : https://www.allianz.com/en/investor_relations/share/share-buy-back.html
[2019-09-05 10:29:05,426: WARNING/ForkPoolWorker-9] [200] https://www.allianz.com/en/investor_relations/share/share-buy-back.html
[2019-09-05 10:29:05,518: WARNING/ForkPoolWorker-12] -> cleaning HTML content ....
[2019-09-05 10:29:05,521: WARNING/ForkPoolWorker-12] -> cleaning HTML content ....
[2019-09-05 10:29:05,523: WARNING/ForkPoolWorker-12] ******* len status all linsk pos 1: 0
[2019-09-05 10:29:05,524: WARNING/ForkPoolWorker-12] -------------------------------———
[2019-09-05 10:29:05,524: WARNING/ForkPoolWorker-12] Excluded links are :
[2019-09-05 10:29:05,524: WARNING/ForkPoolWorker-12] -------------------------------———
[2019-09-05 10:29:05,525: WARNING/ForkPoolWorker-12] (https://www.telekom.com) DIFF POS:
[]
[2019-09-05 10:29:05,526: WARNING/ForkPoolWorker-12] (https://www.telekom.com) DIFF NEG :
[]
[2019-09-05 10:29:05,526: WARNING/ForkPoolWorker-12] ***** Content is SIMILAR *****
[2019-09-05 10:29:05,528: INFO/ForkPoolWorker-12] Task continuous_worker.check_diff_delayed[704ec4d1-d6d8-4f2d-80c5-62cd1aec76ec] succeeded in 1.395963541999663s: {'current': 100, 'total': 100, 'status': {'url': 'https://www.telekom.com/en/investor-relations/publications/mandatory-announcements', 'div': 'www.telekom.com', 'diff_neg': [], 'diff_pos': [], 'nearest_link_pos': [], 'nearest_link_neg': [], 'all_links_pos': [], 'all_links_neg': [], 'diff_nb': 0}, 'result': 0}
[2019-09-05 10:29:05,529: WARNING/ForkPoolWorker-12] /FILE FROM\ == /Users/xxx/Projects/tracker_rework/tracker/workers/continuous/continuous_worker.py
[2019-09-05 10:29:05,529: WARNING/ForkPoolWorker-12] -> Fetching local content from : /Users/xxx/Projects/tracker_rework/data/light_sbb_exane/www.valeo.com/website_content/fr/rachat-actions/unknown___
[2019-09-05 10:29:05,530: INFO/MainProcess] Received task: continuous_worker.check_diff_delayed[e9d209be-0573-4569-aa5e-d2fa340f451f]  
[2019-09-05 10:29:05,530: WARNING/ForkPoolWorker-12] -> Fetching remote content from : https://www.valeo.com/fr/rachat-actions/
[2019-09-05 10:29:05,531: WARNING/ForkPoolWorker-12] Problem reading local content : 'utf-8' codec can't decode byte 0xc3 in position 71826: invalid continuation byte
[2019-09-05 10:29:05,588: WARNING/ForkPoolWorker-10] //////////// https://www.icade.fr/?page=4 has been redirected to : http://www.icade.fr?page=4 //////////
[2019-09-05 10:29:05,589: WARNING/ForkPoolWorker-10] URL = https://www.icade.fr/?page=4 (detected NON pdf)
[2019-09-05 10:29:05,591: WARNING/ForkPoolWorker-11] [200] https://www.iairgroup.com/en/newsroom/press-releases
[2019-09-05 10:29:05,630: WARNING/ForkPoolWorker-10] -> cleaning HTML content ....
[2019-09-05 10:29:05,640: WARNING/ForkPoolWorker-10] RESPONSE => b'false'
[2019-09-05 10:29:05,640: WARNING/ForkPoolWorker-10] RESPONSE 2 = b'false'
[2019-09-05 10:29:05,641: WARNING/ForkPoolWorker-10] ENTER CHECK SBB : http://www.icade.fr/en/activities/property-development
[2019-09-05 10:29:05,660: WARNING/ForkPoolWorker-8] [200] http://www.saipem.com/sites/SAIPEM_en_IT/press/PRESS-saipem-press-all-releases.page
[2019-09-05 10:29:05,721: WARNING/ForkPoolWorker-11] -> cleaning HTML content ....
[2019-09-05 10:29:05,722: WARNING/ForkPoolWorker-11] -> cleaning HTML content ....
[2019-09-05 10:29:05,723: WARNING/ForkPoolWorker-11] ******* len status all linsk pos 1: 0
[2019-09-05 10:29:05,724: WARNING/ForkPoolWorker-11] -------------------------------———
[2019-09-05 10:29:05,724: WARNING/ForkPoolWorker-11] Excluded links are :
[2019-09-05 10:29:05,724: WARNING/ForkPoolWorker-11] -------------------------------———
[2019-09-05 10:29:05,725: WARNING/ForkPoolWorker-11] (https://www.iairgroup.com) DIFF POS:
[]
[2019-09-05 10:29:05,726: WARNING/ForkPoolWorker-11] (https://www.iairgroup.com) DIFF NEG :
[]
[2019-09-05 10:29:05,726: WARNING/ForkPoolWorker-11] ***** Content is SIMILAR *****
[2019-09-05 10:29:05,727: INFO/ForkPoolWorker-11] Task continuous_worker.check_diff_delayed[864f2500-0f23-46bf-bccf-3e52b97f639b] succeeded in 0.4482076339991181s: {'current': 100, 'total': 100, 'status': {'url': 'https://www.iairgroup.com/en/newsroom/press-releases', 'div': 'www.iairgroup.com', 'diff_neg': [], 'diff_pos': [], 'nearest_link_pos': [], 'nearest_link_neg': [], 'all_links_pos': [], 'all_links_neg': [], 'diff_nb': 0}, 'result': 0}
[2019-09-05 10:29:05,729: INFO/MainProcess] Received task: continuous_worker.check_diff_delayed[fc98aaa4-9fd3-4595-8924-d0cc1f0de201]  
[2019-09-05 10:29:05,729: WARNING/ForkPoolWorker-11] /FILE FROM\ == /Users/xxx/Projects/tracker_rework/tracker/workers/continuous/continuous_worker.py
[2019-09-05 10:29:05,730: WARNING/ForkPoolWorker-11] -> Fetching local content from : /Users/xxx/Projects/tracker_rework/data/light_sbb_exane/www.biomerieux-finance.com/website_content/content/regulated-information?title=&field_regular_informations_tid_i18n=24&field_document_publication_value%5Bmin%5D%5Byear%5D=1998&field_document_publication_value%5Bmax%5D%5Byear%5D=2019
[2019-09-05 10:29:05,730: WARNING/ForkPoolWorker-11] -> Fetching remote content from : https://www.biomerieux-finance.com/content/regulated-information?title=&field_regular_informations_tid_i18n=24&field_document_publication_value%5Bmin%5D%5Byear%5D=1998&field_document_publication_value%5Bmax%5D%5Byear%5D=2019
[2019-09-05 10:29:05,731: WARNING/ForkPoolWorker-11] Problem reading local content : [Errno 2] No such file or directory: '/Users/xxx/Projects/tracker_rework/data/light_sbb_exane/www.biomerieux-finance.com/website_content/content/regulated-information?title=&field_regular_informations_tid_i18n=24&field_document_publication_value%5Bmin%5D%5Byear%5D=1998&field_document_publication_value%5Bmax%5D%5Byear%5D=2019'
[2019-09-05 10:29:05,772: WARNING/ForkPoolWorker-3] [200] http://www.teleperformanceinvestorrelations.com/en-us/regulated-information/share-buy-back-program-and-liquidity-contract
[2019-09-05 10:29:05,787: WARNING/ForkPoolWorker-8] -> cleaning HTML content ....
[2019-09-05 10:29:05,788: WARNING/ForkPoolWorker-8] -> cleaning HTML content ....
[2019-09-05 10:29:05,789: WARNING/ForkPoolWorker-8] ******* len status all linsk pos 1: 0
[2019-09-05 10:29:05,789: WARNING/ForkPoolWorker-8] -------------------------------———
[2019-09-05 10:29:05,790: WARNING/ForkPoolWorker-8] Excluded links are :
[2019-09-05 10:29:05,790: WARNING/ForkPoolWorker-8] -------------------------------———
[2019-09-05 10:29:05,790: WARNING/ForkPoolWorker-10] //////////// https://www.icade.fr/en/activities/property-development has been redirected to : http://www.icade.fr/en/activities/property-development //////////
[2019-09-05 10:29:05,790: WARNING/ForkPoolWorker-10] URL = https://www.icade.fr/en/activities/property-development (detected NON pdf)
[2019-09-05 10:29:05,791: WARNING/ForkPoolWorker-8] (http://www.saipem.com) DIFF POS:
[]
[2019-09-05 10:29:05,791: WARNING/ForkPoolWorker-8] (http://www.saipem.com) DIFF NEG :
[]
[2019-09-05 10:29:05,791: WARNING/ForkPoolWorker-8] ***** Content is SIMILAR *****
[2019-09-05 10:29:05,793: INFO/ForkPoolWorker-8] Task continuous_worker.check_diff_delayed[66a7549a-a051-4f29-a31a-0d94480c5787] succeeded in 0.6894523359987943s: {'current': 100, 'total': 100, 'status': {'url': 'http://www.saipem.com/sites/SAIPEM_en_IT/press/PRESS-saipem-press-all-releases.page', 'div': 'www.saipem.com', 'diff_neg': [], 'diff_pos': [], 'nearest_link_pos': [], 'nearest_link_neg': [], 'all_links_pos': [], 'all_links_neg': [], 'diff_nb': 0}, 'result': 0}
[2019-09-05 10:29:05,795: INFO/MainProcess] Received task: continuous_worker.check_diff_delayed[1e4cadda-7de3-426b-bbbb-da9d595de2c9]  
[2019-09-05 10:29:05,795: WARNING/ForkPoolWorker-8] /FILE FROM\ == /Users/xxx/Projects/tracker_rework/tracker/workers/continuous/continuous_worker.py
[2019-09-05 10:29:05,795: WARNING/ForkPoolWorker-8] -> Fetching local content from : /Users/xxx/Projects/tracker_rework/data/light_sbb_exane/www.ing.com/website_content/Newsroom/All-news/Press-releases.htm
[2019-09-05 10:29:05,796: WARNING/ForkPoolWorker-8] -> Fetching remote content from : https://www.ing.com/Newsroom/All-news/Press-releases.htm
[2019-09-05 10:29:05,836: WARNING/ForkPoolWorker-10] -> cleaning HTML content ....
[2019-09-05 10:29:05,842: WARNING/ForkPoolWorker-12] [200] https://www.valeo.com/fr/rachat-actions/
[2019-09-05 10:29:05,849: WARNING/ForkPoolWorker-10] RESPONSE => b'false'
[2019-09-05 10:29:05,850: WARNING/ForkPoolWorker-10] RESPONSE 2 = b'false'
[2019-09-05 10:29:05,851: WARNING/ForkPoolWorker-10] ENTER CHECK SBB : http://www.icade.fr/en/finance/regulated-information/monthly-information-concerning-the-total-number-of-voting-rights-and-shares8
[2019-09-05 10:29:05,924: WARNING/ForkPoolWorker-8] [200] https://www.ing.com/Newsroom/All-news/Press-releases.htm
[2019-09-05 10:29:05,959: WARNING/ForkPoolWorker-10] //////////// https://www.icade.fr/en/finance/regulated-information/monthly-information-concerning-the-total-number-of-voting-rights-and-shares8 has been redirected to : http://www.icade.fr/en/finance/regulated-information/monthly-information-concerning-the-total-number-of-voting-rights-and-shares8 //////////
[2019-09-05 10:29:05,960: WARNING/ForkPoolWorker-10] URL = https://www.icade.fr/en/finance/regulated-information/monthly-information-concerning-the-total-number-of-voting-rights-and-shares8 (detected NON pdf)
[2019-09-05 10:29:05,982: WARNING/ForkPoolWorker-10] -> cleaning HTML content ....
[2019-09-05 10:29:05,992: WARNING/ForkPoolWorker-10] RESPONSE => b'false'
[2019-09-05 10:29:05,993: WARNING/ForkPoolWorker-10] RESPONSE 2 = b'false'
[2019-09-05 10:29:05,993: WARNING/ForkPoolWorker-10] ENTER CHECK SBB : http://www.icade.fr?page=34
[2019-09-05 10:29:06,025: WARNING/ForkPoolWorker-8] -> cleaning HTML content ....
[2019-09-05 10:29:06,027: WARNING/ForkPoolWorker-8] -> cleaning HTML content ....
[2019-09-05 10:29:06,028: WARNING/ForkPoolWorker-8] ******* len status all linsk pos 1: 0
[2019-09-05 10:29:06,028: WARNING/ForkPoolWorker-8] -------------------------------———
[2019-09-05 10:29:06,028: WARNING/ForkPoolWorker-8] Excluded links are :
[2019-09-05 10:29:06,029: WARNING/ForkPoolWorker-8] -------------------------------———
[2019-09-05 10:29:06,029: WARNING/ForkPoolWorker-8] (https://www.ing.com) DIFF POS:
[]
[2019-09-05 10:29:06,030: WARNING/ForkPoolWorker-8] (https://www.ing.com) DIFF NEG :
[]
[2019-09-05 10:29:06,030: WARNING/ForkPoolWorker-8] ***** Content is SIMILAR *****
[2019-09-05 10:29:06,032: INFO/ForkPoolWorker-8] Task continuous_worker.check_diff_delayed[5145664a-6efc-46a4-a922-57109db6c99e] succeeded in 0.23685627599843428s: {'current': 100, 'total': 100, 'status': {'url': 'https://www.ing.com/Newsroom/All-news/Press-releases.htm', 'div': 'www.ing.com', 'diff_neg': [], 'diff_pos': [], 'nearest_link_pos': [], 'nearest_link_neg': [], 'all_links_pos': [], 'all_links_neg': [], 'diff_nb': 0}, 'result': 0}
[2019-09-05 10:29:06,034: INFO/MainProcess] Received task: continuous_worker.check_diff_delayed[e60729c2-f1d5-42cd-bec8-575c51f03793]  
[2019-09-05 10:29:06,034: WARNING/ForkPoolWorker-8] /FILE FROM\ == /Users/xxx/Projects/tracker_rework/tracker/workers/continuous/continuous_worker.py
[2019-09-05 10:29:06,034: WARNING/ForkPoolWorker-8] -> Fetching local content from : /Users/xxx/Projects/tracker_rework/data/light_sbb_exane/www.accorhotels.group/website_content/en/investors
[2019-09-05 10:29:06,035: WARNING/ForkPoolWorker-8] -> Fetching remote content from : https://www.accorhotels.group/en/investors
[2019-09-05 10:29:06,214: WARNING/ForkPoolWorker-13] -> cleaning HTML content ....
[2019-09-05 10:29:06,214: WARNING/ForkPoolWorker-9] -> cleaning HTML content ....
[2019-09-05 10:29:06,215: WARNING/ForkPoolWorker-13] -> cleaning HTML content ....
[2019-09-05 10:29:06,216: WARNING/ForkPoolWorker-13] ******* len status all linsk pos 1: 0
[2019-09-05 10:29:06,216: WARNING/ForkPoolWorker-13] -------------------------------———
[2019-09-05 10:29:06,216: WARNING/ForkPoolWorker-13] Excluded links are :
[2019-09-05 10:29:06,217: WARNING/ForkPoolWorker-13] -------------------------------———
[2019-09-05 10:29:06,218: WARNING/ForkPoolWorker-13] (http://www.intertek.com) DIFF POS:
[]
[2019-09-05 10:29:06,218: WARNING/ForkPoolWorker-13] (http://www.intertek.com) DIFF NEG :
[]
[2019-09-05 10:29:06,219: WARNING/ForkPoolWorker-13] ***** Content is SIMILAR *****
[2019-09-05 10:29:06,220: INFO/ForkPoolWorker-13] Task continuous_worker.check_diff_delayed[ec768f41-2e1b-4065-8b9d-917ce4442ee7] succeeded in 1.5637964090019523s: {'current': 100, 'total': 100, 'status': {'url': 'http://www.intertek.com/investors/stock-exchange-announcements/', 'div': 'www.intertek.com', 'diff_neg': [], 'diff_pos': [], 'nearest_link_pos': [], 'nearest_link_neg': [], 'all_links_pos': [], 'all_links_neg': [], 'diff_nb': 0}, 'result': 0}
[2019-09-05 10:29:06,222: INFO/MainProcess] Received task: continuous_worker.check_diff_delayed[f6773981-d5bd-4ade-a877-cc93a2a2b6ce]  
[2019-09-05 10:29:06,223: WARNING/ForkPoolWorker-13] /FILE FROM\ == /Users/xxx/Projects/tracker_rework/tracker/workers/continuous/continuous_worker.py
[2019-09-05 10:29:06,223: WARNING/ForkPoolWorker-13] -> Fetching local content from : /Users/xxx/Projects/tracker_rework/data/light_sbb_exane/www.italgas.it/website_content/en/media/news-and-press-releases/unknown___
[2019-09-05 10:29:06,224: WARNING/ForkPoolWorker-13] -> Fetching remote content from : https://www.italgas.it/en/media/news-and-press-releases/
[2019-09-05 10:29:06,225: WARNING/ForkPoolWorker-9] -> cleaning HTML content ....
[2019-09-05 10:29:06,244: WARNING/ForkPoolWorker-9] ******* len status all linsk pos 1: 0
[2019-09-05 10:29:06,245: WARNING/ForkPoolWorker-9] -------------------------------———
[2019-09-05 10:29:06,245: WARNING/ForkPoolWorker-9] Excluded links are :
[2019-09-05 10:29:06,245: WARNING/ForkPoolWorker-9] -------------------------------———
[2019-09-05 10:29:06,246: WARNING/ForkPoolWorker-9] (https://www.allianz.com) DIFF POS:
[]
[2019-09-05 10:29:06,247: WARNING/ForkPoolWorker-9] (https://www.allianz.com) DIFF NEG :
[]
[2019-09-05 10:29:06,247: WARNING/ForkPoolWorker-9] ***** Content is SIMILAR *****
[2019-09-05 10:29:06,249: INFO/ForkPoolWorker-9] Task continuous_worker.check_diff_delayed[22509084-3611-42ea-a6ba-c8d1df978860] succeeded in 0.9164835760020651s: {'current': 100, 'total': 100, 'status': {'url': 'https://www.allianz.com/en/investor_relations/share/share-buy-back.html', 'div': 'www.allianz.com', 'diff_neg': [], 'diff_pos': [], 'nearest_link_pos': [], 'nearest_link_neg': [], 'all_links_pos': [], 'all_links_neg': [], 'diff_nb': 0}, 'result': 0}
[2019-09-05 10:29:06,250: WARNING/ForkPoolWorker-9] /FILE FROM\ == /Users/xxx/Projects/tracker_rework/tracker/workers/continuous/continuous_worker.py
[2019-09-05 10:29:06,251: WARNING/ForkPoolWorker-9] -> Fetching local content from : /Users/xxx/Projects/tracker_rework/data/light_sbb_exane/www.michelin.com/website_content/en/finance/regulated-information/compagnie-generale-des-etablissements-michelin-amf/unknown___
[2019-09-05 10:29:06,251: INFO/MainProcess] Received task: continuous_worker.check_diff_delayed[1459160d-b760-4405-aaf8-d8677ae4a790]  
[2019-09-05 10:29:06,251: WARNING/ForkPoolWorker-9] -> Fetching remote content from : https://www.michelin.com/en/finance/regulated-information/compagnie-generale-des-etablissements-michelin-amf/
[2019-09-05 10:29:06,431: WARNING/ForkPoolWorker-10] //////////// https://www.icade.fr/?page=34 has been redirected to : http://www.icade.fr?page=34 //////////
[2019-09-05 10:29:06,431: WARNING/ForkPoolWorker-10] URL = https://www.icade.fr/?page=34 (detected NON pdf)
[2019-09-05 10:29:06,480: WARNING/ForkPoolWorker-4] -> cleaning HTML content ....
[2019-09-05 10:29:06,481: WARNING/ForkPoolWorker-4] -> cleaning HTML content ....
[2019-09-05 10:29:06,481: WARNING/ForkPoolWorker-4] ******* len status all linsk pos 1: 0
[2019-09-05 10:29:06,482: WARNING/ForkPoolWorker-4] -------------------------------———
[2019-09-05 10:29:06,482: WARNING/ForkPoolWorker-4] Excluded links are :
[2019-09-05 10:29:06,482: WARNING/ForkPoolWorker-12] Problem fetching local content or remote content.
[2019-09-05 10:29:06,482: WARNING/ForkPoolWorker-4] -------------------------------———
[2019-09-05 10:29:06,483: WARNING/ForkPoolWorker-4] (https://www.proximus.com) DIFF POS:
[]
[2019-09-05 10:29:06,484: WARNING/ForkPoolWorker-4] (https://www.proximus.com) DIFF NEG :
[]
[2019-09-05 10:29:06,484: WARNING/ForkPoolWorker-4] ***** Content is SIMILAR *****
[2019-09-05 10:29:06,484: INFO/ForkPoolWorker-12] Task continuous_worker.check_diff_delayed[9912e690-8fc0-41b5-99de-f1d84fa409e0] succeeded in 0.9552705040005094s: {'current': 100, 'total': 100, 'status': {'url': 'https://www.valeo.com/fr/rachat-actions/', 'div': 'www.valeo.com', 'diff_neg': [], 'diff_pos': [], 'nearest_link_pos': [], 'nearest_link_neg': [], 'all_links_pos': None, 'all_links_neg': None, 'diff_nb': 0}, 'result': 0}
[2019-09-05 10:29:06,485: INFO/ForkPoolWorker-4] Task continuous_worker.check_diff_delayed[fe1e1d84-80cf-4701-a7b0-9eea942582b3] succeeded in 1.8696561359975021s: {'current': 100, 'total': 100, 'status': {'url': 'https://www.proximus.com/search?categories=ed151ef9-99a7-4464-880a-b6ba30afcf5a&searchSection=press', 'div': 'www.proximus.com', 'diff_neg': [], 'diff_pos': [], 'nearest_link_pos': [], 'nearest_link_neg': [], 'all_links_pos': [], 'all_links_neg': [], 'diff_nb': 0}, 'result': 0}
[2019-09-05 10:29:06,486: INFO/MainProcess] Received task: continuous_worker.check_diff_delayed[8606c93d-be1d-4057-a6fe-242a6f6722d7]  
[2019-09-05 10:29:06,486: WARNING/ForkPoolWorker-12] /FILE FROM\ == /Users/xxx/Projects/tracker_rework/tracker/workers/continuous/continuous_worker.py
[2019-09-05 10:29:06,487: WARNING/ForkPoolWorker-12] -> Fetching local content from : /Users/xxx/Projects/tracker_rework/data/light_sbb_exane/www.asml.com/website_content/investors/share-buyback/en/s25436
[2019-09-05 10:29:06,487: WARNING/ForkPoolWorker-12] -> Fetching remote content from : https://www.asml.com/investors/share-buyback/en/s25436
[2019-09-05 10:29:06,487: WARNING/ForkPoolWorker-4] /FILE FROM\ == /Users/xxx/Projects/tracker_rework/tracker/workers/continuous/continuous_worker.py
[2019-09-05 10:29:06,488: WARNING/ForkPoolWorker-4] -> Fetching local content from : /Users/xxx/Projects/tracker_rework/data/light_sbb_exane/www.crh.com/website_content/investors/news-events/regulatory
[2019-09-05 10:29:06,488: INFO/MainProcess] Received task: continuous_worker.check_diff_delayed[ed4ce561-56b9-4e7a-84b5-80b721ab047f]  
[2019-09-05 10:29:06,488: WARNING/ForkPoolWorker-4] -> Fetching remote content from : https://www.crh.com/investors/news-events/regulatory
[2019-09-05 10:29:06,555: WARNING/ForkPoolWorker-10] -> cleaning HTML content ....
[2019-09-05 10:29:06,556: WARNING/ForkPoolWorker-10] ENTER CHECK SBB : https://www.instagram.com/icadeofficiel/?hl=fr
[2019-09-05 10:29:06,623: INFO/MainProcess] Received task: continuous_worker.check_diff_delayed[c5f0d87f-7c76-4f50-8ce7-cf19263e68d5]  
[2019-09-05 10:29:06,629: WARNING/ForkPoolWorker-9] [200] https://www.michelin.com/en/finance/regulated-information/compagnie-generale-des-etablissements-michelin-amf/
[2019-09-05 10:29:06,716: WARNING/ForkPoolWorker-12] [200] https://www.asml.com/investors/share-buyback/en/s25436
[2019-09-05 10:29:06,798: WARNING/ForkPoolWorker-12] -> cleaning HTML content ....
[2019-09-05 10:29:06,799: WARNING/ForkPoolWorker-12] -> cleaning HTML content ....
[2019-09-05 10:29:06,800: WARNING/ForkPoolWorker-12] ******* len status all linsk pos 1: 0
[2019-09-05 10:29:06,800: WARNING/ForkPoolWorker-12] -------------------------------———
[2019-09-05 10:29:06,801: WARNING/ForkPoolWorker-12] Excluded links are :
[2019-09-05 10:29:06,801: WARNING/ForkPoolWorker-12] -------------------------------———
[2019-09-05 10:29:06,802: WARNING/ForkPoolWorker-12] (https://www.asml.com) DIFF POS:
[]
[2019-09-05 10:29:06,802: WARNING/ForkPoolWorker-12] (https://www.asml.com) DIFF NEG :
[]
[2019-09-05 10:29:06,803: WARNING/ForkPoolWorker-12] ***** Content is SIMILAR *****
[2019-09-05 10:29:06,804: INFO/ForkPoolWorker-12] Task continuous_worker.check_diff_delayed[1cb053ef-4c18-4b36-8439-e495c84283fb] succeeded in 0.3179150039977685s: {'current': 100, 'total': 100, 'status': {'url': 'https://www.asml.com/investors/share-buyback/en/s25436', 'div': 'www.asml.com', 'diff_neg': [], 'diff_pos': [], 'nearest_link_pos': [], 'nearest_link_neg': [], 'all_links_pos': [], 'all_links_neg': [], 'diff_nb': 0}, 'result': 0}
[2019-09-05 10:29:06,805: WARNING/ForkPoolWorker-12] /FILE FROM\ == /Users/xxx/Projects/tracker_rework/tracker/workers/continuous/continuous_worker.py
[2019-09-05 10:29:06,806: WARNING/ForkPoolWorker-12] -> Fetching local content from : /Users/xxx/Projects/tracker_rework/data/light_sbb_exane/prensa.bancsabadell.com/website_content/en/News
[2019-09-05 10:29:06,806: WARNING/ForkPoolWorker-12] -> Fetching remote content from : http://prensa.bancsabadell.com/en/News
[2019-09-05 10:29:06,865: WARNING/ForkPoolWorker-4] [200] https://www.crh.com/investors/news-events/regulatory
[2019-09-05 10:29:06,929: WARNING/ForkPoolWorker-4] -> cleaning HTML content ....
[2019-09-05 10:29:06,930: WARNING/ForkPoolWorker-4] -> cleaning HTML content ....
[2019-09-05 10:29:06,931: WARNING/ForkPoolWorker-4] ******* len status all linsk pos 1: 0
[2019-09-05 10:29:06,932: WARNING/ForkPoolWorker-4] -------------------------------———
[2019-09-05 10:29:06,932: WARNING/ForkPoolWorker-4] Excluded links are :
[2019-09-05 10:29:06,933: WARNING/ForkPoolWorker-4] -------------------------------———
[2019-09-05 10:29:06,934: WARNING/ForkPoolWorker-4] (https://www.crh.com) DIFF POS:
[]
[2019-09-05 10:29:06,935: WARNING/ForkPoolWorker-4] (https://www.crh.com) DIFF NEG :
[]
[2019-09-05 10:29:06,935: WARNING/ForkPoolWorker-4] ***** Content is SIMILAR *****
[2019-09-05 10:29:06,937: INFO/ForkPoolWorker-4] Task continuous_worker.check_diff_delayed[c86e6632-66f3-4c4d-bda3-052d865c28ab] succeeded in 0.4494997570000123s: {'current': 100, 'total': 100, 'status': {'url': 'https://www.crh.com/investors/news-events/regulatory', 'div': 'www.crh.com', 'diff_neg': [], 'diff_pos': [], 'nearest_link_pos': [], 'nearest_link_neg': [], 'all_links_pos': [], 'all_links_neg': [], 'diff_nb': 0}, 'result': 0}
[2019-09-05 10:29:06,938: INFO/MainProcess] Received task: continuous_worker.check_diff_delayed[5ccb51c6-91da-4d83-85a3-c953e3e7548a]  
[2019-09-05 10:29:06,939: WARNING/ForkPoolWorker-4] /FILE FROM\ == /Users/xxx/Projects/tracker_rework/tracker/workers/continuous/continuous_worker.py
[2019-09-05 10:29:06,939: WARNING/ForkPoolWorker-4] -> Fetching local content from : /Users/xxx/Projects/tracker_rework/data/light_sbb_exane/www.eni.com/website_content/en_IT/media/press-releases.page
[2019-09-05 10:29:06,940: WARNING/ForkPoolWorker-4] -> Fetching remote content from : https://www.eni.com/en_IT/media/press-releases.page
[2019-09-05 10:29:06,952: WARNING/ForkPoolWorker-9] -> cleaning HTML content ....
[2019-09-05 10:29:06,963: WARNING/ForkPoolWorker-9] -> cleaning HTML content ....
