[2019-09-05 10:29:19,129: INFO/ForkPoolWorker-11] Task continuous_worker.check_diff_delayed[657d3b60-bdd9-43a2-a302-a49b5122092a] succeeded in 0.423155129999941s: {'current': 100, 'total': 100, 'status': {'url': 'http://www.unipolsai.com/en/press-room/press-releases', 'div': 'www.unipolsai.com', 'diff_neg': [], 'diff_pos': [], 'nearest_link_pos': [], 'nearest_link_neg': [], 'all_links_pos': [], 'all_links_neg': [], 'diff_nb': 0}, 'result': 0}
[2019-09-05 10:29:19,130: WARNING/ForkPoolWorker-11] /FILE FROM\ == /Users/xxx/Projects/tracker_rework/tracker/workers/continuous/continuous_worker.py
[2019-09-05 10:29:19,131: WARNING/ForkPoolWorker-11] -> Fetching local content from : /Users/xxx/Projects/tracker_rework/data/light_sbb_exane/www.wpp.com/website_content/investors/regulatory-news/unknown___
[2019-09-05 10:29:19,131: INFO/MainProcess] Received task: continuous_worker.check_diff_delayed[04c1ebcb-623c-43df-b1e4-90c9dc4ed422]  
[2019-09-05 10:29:19,131: WARNING/ForkPoolWorker-11] -> Fetching remote content from : https://www.wpp.com/investors/regulatory-news/
[2019-09-05 10:29:19,293: WARNING/ForkPoolWorker-13] [200] http://www.aena.es/en/corporate/press-releases.html
[2019-09-05 10:29:19,336: WARNING/ForkPoolWorker-10] //////////// https://www.icade.fr/en/finance/shareholders has been redirected to : http://www.icade.fr/en/finance/shareholders //////////
[2019-09-05 10:29:19,336: WARNING/ForkPoolWorker-10] URL = https://www.icade.fr/en/finance/shareholders (detected NON pdf)
[2019-09-05 10:29:19,356: WARNING/ForkPoolWorker-13] -> cleaning HTML content ....
[2019-09-05 10:29:19,357: WARNING/ForkPoolWorker-13] -> cleaning HTML content ....
[2019-09-05 10:29:19,357: WARNING/ForkPoolWorker-13] ******* len status all linsk pos 1: 0
[2019-09-05 10:29:19,357: WARNING/ForkPoolWorker-13] -------------------------------———
[2019-09-05 10:29:19,358: WARNING/ForkPoolWorker-13] Excluded links are :
[2019-09-05 10:29:19,358: WARNING/ForkPoolWorker-13] -------------------------------———
[2019-09-05 10:29:19,359: WARNING/ForkPoolWorker-13] (http://www.aena.es) DIFF POS:
[]
[2019-09-05 10:29:19,359: WARNING/ForkPoolWorker-13] (http://www.aena.es) DIFF NEG :
[]
[2019-09-05 10:29:19,360: WARNING/ForkPoolWorker-13] ***** Content is SIMILAR *****
[2019-09-05 10:29:19,361: INFO/ForkPoolWorker-13] Task continuous_worker.check_diff_delayed[e8d97e1b-bf8f-4d97-884e-a4b9a8f19297] succeeded in 0.391087370000605s: {'current': 100, 'total': 100, 'status': {'url': 'http://www.aena.es/en/corporate/press-releases.html', 'div': 'www.aena.es', 'diff_neg': [], 'diff_pos': [], 'nearest_link_pos': [], 'nearest_link_neg': [], 'all_links_pos': [], 'all_links_neg': [], 'diff_nb': 0}, 'result': 0}
[2019-09-05 10:29:19,363: INFO/MainProcess] Received task: continuous_worker.check_diff_delayed[8400cc0d-e4bc-4223-9d01-a73e625fada8]  
[2019-09-05 10:29:19,363: WARNING/ForkPoolWorker-13] /FILE FROM\ == /Users/xxx/Projects/tracker_rework/tracker/workers/continuous/continuous_worker.py
[2019-09-05 10:29:19,364: WARNING/ForkPoolWorker-13] -> Fetching local content from : /Users/xxx/Projects/tracker_rework/data/light_sbb_exane/www.kering.com/website_content/en/finance/regulated-information
[2019-09-05 10:29:19,364: WARNING/ForkPoolWorker-13] -> Fetching remote content from : http://www.kering.com/en/finance/regulated-information
[2019-09-05 10:29:19,373: WARNING/ForkPoolWorker-10] -> cleaning HTML content ....
[2019-09-05 10:29:19,382: WARNING/ForkPoolWorker-10] RESPONSE => b'false'
[2019-09-05 10:29:19,383: WARNING/ForkPoolWorker-10] RESPONSE 2 = b'false'
[2019-09-05 10:29:19,384: WARNING/ForkPoolWorker-10] ENTER CHECK SBB : http://www.icade.fr/en/csr/csr-ratings-awards
[2019-09-05 10:29:19,514: WARNING/ForkPoolWorker-10] //////////// https://www.icade.fr/en/csr/csr-ratings-awards has been redirected to : http://www.icade.fr/en/csr/csr-ratings-awards //////////
[2019-09-05 10:29:19,514: WARNING/ForkPoolWorker-10] URL = https://www.icade.fr/en/csr/csr-ratings-awards (detected NON pdf)
[2019-09-05 10:29:19,539: WARNING/ForkPoolWorker-10] -> cleaning HTML content ....
[2019-09-05 10:29:19,549: WARNING/ForkPoolWorker-10] RESPONSE => b'false'
[2019-09-05 10:29:19,549: WARNING/ForkPoolWorker-10] RESPONSE 2 = b'false'
[2019-09-05 10:29:19,550: WARNING/ForkPoolWorker-10] ENTER CHECK SBB : http://www.icade.fr/en/finance/regulated-information/icade-emmanuel-desmaizieres-appointed-ceo-of-icade-promotion
[2019-09-05 10:29:19,666: WARNING/ForkPoolWorker-10] //////////// https://www.icade.fr/en/finance/regulated-information/icade-emmanuel-desmaizieres-appointed-ceo-of-icade-promotion has been redirected to : http://www.icade.fr/en/finance/regulated-information/icade-emmanuel-desmaizieres-appointed-ceo-of-icade-promotion //////////
[2019-09-05 10:29:19,667: WARNING/ForkPoolWorker-10] URL = https://www.icade.fr/en/finance/regulated-information/icade-emmanuel-desmaizieres-appointed-ceo-of-icade-promotion (detected NON pdf)
[2019-09-05 10:29:19,691: WARNING/ForkPoolWorker-10] -> cleaning HTML content ....
[2019-09-05 10:29:19,700: WARNING/ForkPoolWorker-10] RESPONSE => b'false'
[2019-09-05 10:29:19,701: WARNING/ForkPoolWorker-10] RESPONSE 2 = b'false'
[2019-09-05 10:29:19,702: WARNING/ForkPoolWorker-10] ENTER CHECK SBB : http://www.icade.fr/en/finance/regulated-information/arkadea-poste-immo-and-icade-begin-construction-on-182-homes-in-the-rungis-business-park2
[2019-09-05 10:29:19,763: WARNING/ForkPoolWorker-13] [200] http://www.kering.com/en/finance/regulated-information
[2019-09-05 10:29:19,828: WARNING/ForkPoolWorker-10] //////////// https://www.icade.fr/en/finance/regulated-information/arkadea-poste-immo-and-icade-begin-construction-on-182-homes-in-the-rungis-business-park2 has been redirected to : http://www.icade.fr/en/finance/regulated-information/arkadea-poste-immo-and-icade-begin-construction-on-182-homes-in-the-rungis-business-park2 //////////
[2019-09-05 10:29:19,829: WARNING/ForkPoolWorker-10] URL = https://www.icade.fr/en/finance/regulated-information/arkadea-poste-immo-and-icade-begin-construction-on-182-homes-in-the-rungis-business-park2 (detected NON pdf)
[2019-09-05 10:29:19,854: WARNING/ForkPoolWorker-10] -> cleaning HTML content ....
[2019-09-05 10:29:19,864: WARNING/ForkPoolWorker-10] RESPONSE => b'false'
[2019-09-05 10:29:19,864: WARNING/ForkPoolWorker-10] RESPONSE 2 = b'false'
[2019-09-05 10:29:19,865: WARNING/ForkPoolWorker-10] ENTER CHECK SBB : http://www.icade.fr/en/finance/regulated-information/arkadea-poste-immo-and-icade-begin-construction-on-182-homes-in-the-rungis-business-park
[2019-09-05 10:29:19,985: WARNING/ForkPoolWorker-10] //////////// https://www.icade.fr/en/finance/regulated-information/arkadea-poste-immo-and-icade-begin-construction-on-182-homes-in-the-rungis-business-park has been redirected to : http://www.icade.fr/en/finance/regulated-information/arkadea-poste-immo-and-icade-begin-construction-on-182-homes-in-the-rungis-business-park //////////
[2019-09-05 10:29:19,985: WARNING/ForkPoolWorker-10] URL = https://www.icade.fr/en/finance/regulated-information/arkadea-poste-immo-and-icade-begin-construction-on-182-homes-in-the-rungis-business-park (detected NON pdf)
[2019-09-05 10:29:20,009: WARNING/ForkPoolWorker-10] -> cleaning HTML content ....
[2019-09-05 10:29:20,011: WARNING/ForkPoolWorker-10] ENTER CHECK SBB : http://www.icade.fr/en/content/download/1445/27638
[2019-09-05 10:29:20,100: WARNING/ForkPoolWorker-13] -> cleaning HTML content ....
[2019-09-05 10:29:20,101: WARNING/ForkPoolWorker-13] -> cleaning HTML content ....
[2019-09-05 10:29:20,102: WARNING/ForkPoolWorker-13] ******* len status all linsk pos 1: 0
[2019-09-05 10:29:20,103: WARNING/ForkPoolWorker-13] -------------------------------———
[2019-09-05 10:29:20,103: WARNING/ForkPoolWorker-13] Excluded links are :
[2019-09-05 10:29:20,103: WARNING/ForkPoolWorker-13] -------------------------------———
[2019-09-05 10:29:20,104: WARNING/ForkPoolWorker-13] (http://www.kering.com) DIFF POS:
[]
[2019-09-05 10:29:20,104: WARNING/ForkPoolWorker-13] (http://www.kering.com) DIFF NEG :
[]
[2019-09-05 10:29:20,105: WARNING/ForkPoolWorker-13] ***** Content is SIMILAR *****
[2019-09-05 10:29:20,107: INFO/ForkPoolWorker-13] Task continuous_worker.check_diff_delayed[f04eb6a2-f487-4dce-8bbc-1f56e9fbae9c] succeeded in 0.7435883830003149s: {'current': 100, 'total': 100, 'status': {'url': 'http://www.kering.com/en/finance/regulated-information', 'div': 'www.kering.com', 'diff_neg': [], 'diff_pos': [], 'nearest_link_pos': [], 'nearest_link_neg': [], 'all_links_pos': [], 'all_links_neg': [], 'diff_nb': 0}, 'result': 0}
[2019-09-05 10:29:20,109: INFO/MainProcess] Received task: continuous_worker.check_diff_delayed[68ad8666-f853-4295-9e38-c9de5a9dbf28]  
[2019-09-05 10:29:20,109: WARNING/ForkPoolWorker-13] /FILE FROM\ == /Users/xxx/Projects/tracker_rework/tracker/workers/continuous/continuous_worker.py
[2019-09-05 10:29:20,110: WARNING/ForkPoolWorker-13] -> Fetching local content from : /Users/xxx/Projects/tracker_rework/data/light_sbb_exane/www.posteitaliane.it/website_content/en/press-releases-price-sensitive.html
[2019-09-05 10:29:20,110: WARNING/ForkPoolWorker-13] -> Fetching remote content from : https://www.posteitaliane.it/en/press-releases-price-sensitive.html
[2019-09-05 10:29:20,221: WARNING/ForkPoolWorker-10] //////////// https://www.icade.fr/en/content/download/1445/file/e9eea4f36edb3569eac70be6efd2e1eb.pdf has been redirected to : http://www.icade.fr/en/content/download/1445/27638 //////////
[2019-09-05 10:29:20,357: WARNING/ForkPoolWorker-10] -> cleaning pdf content ...
[2019-09-05 10:29:20,385: WARNING/ForkPoolWorker-10] RESPONSE => b'false'
[2019-09-05 10:29:20,386: WARNING/ForkPoolWorker-10] RESPONSE 1 = b'false'
[2019-09-05 10:29:20,387: WARNING/ForkPoolWorker-10] ENTER CHECK SBB : http://www.icade.fr/en/finance
[2019-09-05 10:29:20,481: WARNING/ForkPoolWorker-11] [200] https://www.wpp.com/investors/regulatory-news/
[2019-09-05 10:29:20,649: INFO/MainProcess] Received task: continuous_worker.check_diff_delayed[cd7248b4-74e2-4667-a2a0-9813095315f1]  
[2019-09-05 10:29:20,703: WARNING/ForkPoolWorker-11] -> cleaning HTML content ....
[2019-09-05 10:29:20,704: WARNING/ForkPoolWorker-11] -> cleaning HTML content ....
[2019-09-05 10:29:20,704: WARNING/ForkPoolWorker-11] ******* len status all linsk pos 1: 0
[2019-09-05 10:29:20,705: WARNING/ForkPoolWorker-11] -------------------------------———
[2019-09-05 10:29:20,705: WARNING/ForkPoolWorker-11] Excluded links are :
[2019-09-05 10:29:20,705: WARNING/ForkPoolWorker-11] -------------------------------———
[2019-09-05 10:29:20,706: WARNING/ForkPoolWorker-11] (https://www.wpp.com) DIFF POS:
[]
[2019-09-05 10:29:20,706: WARNING/ForkPoolWorker-11] (https://www.wpp.com) DIFF NEG :
[]
[2019-09-05 10:29:20,707: WARNING/ForkPoolWorker-11] ***** Content is SIMILAR *****
[2019-09-05 10:29:20,709: INFO/ForkPoolWorker-11] Task continuous_worker.check_diff_delayed[b64ec5a7-3728-4204-a7a8-17ddc3f8a763] succeeded in 1.5785482629980834s: {'current': 100, 'total': 100, 'status': {'url': 'https://www.wpp.com/investors/regulatory-news/', 'div': 'www.wpp.com', 'diff_neg': [], 'diff_pos': [], 'nearest_link_pos': [], 'nearest_link_neg': [], 'all_links_pos': [], 'all_links_neg': [], 'diff_nb': 0}, 'result': 0}
[2019-09-05 10:29:20,710: WARNING/ForkPoolWorker-11] /FILE FROM\ == /Users/xxx/Projects/tracker_rework/tracker/workers/continuous/continuous_worker.py
[2019-09-05 10:29:20,710: WARNING/ForkPoolWorker-11] -> Fetching local content from : /Users/xxx/Projects/tracker_rework/data/light_sbb_exane/www.indracompany.com/website_content/en/accionistas/hechos-relevantes-cnmv/2019
[2019-09-05 10:29:20,711: WARNING/ForkPoolWorker-11] -> Fetching remote content from : https://www.indracompany.com/en/accionistas/hechos-relevantes-cnmv/2019
[2019-09-05 10:29:20,711: WARNING/ForkPoolWorker-11] Problem reading local content : [Errno 2] No such file or directory: '/Users/xxx/Projects/tracker_rework/data/light_sbb_exane/www.indracompany.com/website_content/en/accionistas/hechos-relevantes-cnmv/2019'
[2019-09-05 10:29:20,723: WARNING/ForkPoolWorker-12] [200] https://www.enagas.es/enagas/en/Comunicacion/NotasPrensa
[2019-09-05 10:29:20,876: WARNING/ForkPoolWorker-10] //////////// https://www.icade.fr/en/finance has been redirected to : http://www.icade.fr/en/finance //////////
[2019-09-05 10:29:20,876: WARNING/ForkPoolWorker-10] URL = https://www.icade.fr/en/finance (detected NON pdf)
[2019-09-05 10:29:20,923: WARNING/ForkPoolWorker-10] -> cleaning HTML content ....
[2019-09-05 10:29:20,934: WARNING/ForkPoolWorker-10] RESPONSE => b'false'
[2019-09-05 10:29:20,935: WARNING/ForkPoolWorker-10] RESPONSE 2 = b'false'
[2019-09-05 10:29:20,936: WARNING/ForkPoolWorker-10] ENTER CHECK SBB : http://www.icade.fr/en/activities/healthcare-property-investment
[2019-09-05 10:29:20,969: WARNING/ForkPoolWorker-12] -> cleaning HTML content ....
[2019-09-05 10:29:20,970: WARNING/ForkPoolWorker-12] -> cleaning HTML content ....
[2019-09-05 10:29:20,971: WARNING/ForkPoolWorker-12] ******* len status all linsk pos 1: 0
[2019-09-05 10:29:20,971: WARNING/ForkPoolWorker-12] -------------------------------———
[2019-09-05 10:29:20,972: WARNING/ForkPoolWorker-12] Excluded links are :
[2019-09-05 10:29:20,972: WARNING/ForkPoolWorker-12] -------------------------------———
[2019-09-05 10:29:20,973: WARNING/ForkPoolWorker-12] (https://www.enagas.es) DIFF POS:
[]
[2019-09-05 10:29:20,973: WARNING/ForkPoolWorker-12] (https://www.enagas.es) DIFF NEG :
[]
[2019-09-05 10:29:20,974: WARNING/ForkPoolWorker-12] ***** Content is SIMILAR *****
[2019-09-05 10:29:20,975: INFO/ForkPoolWorker-12] Task continuous_worker.check_diff_delayed[dca9dc24-f38c-4c4d-80ca-ab253625e18f] succeeded in 2.3299948839994613s: {'current': 100, 'total': 100, 'status': {'url': 'https://www.enagas.es/enagas/en/Comunicacion/NotasPrensa', 'div': 'www.enagas.es', 'diff_neg': [], 'diff_pos': [], 'nearest_link_pos': [], 'nearest_link_neg': [], 'all_links_pos': [], 'all_links_neg': [], 'diff_nb': 0}, 'result': 0}
[2019-09-05 10:29:20,977: INFO/MainProcess] Received task: continuous_worker.check_diff_delayed[b6a03100-0d0e-454c-bf22-d58aaa4e5c06]  
[2019-09-05 10:29:20,978: WARNING/ForkPoolWorker-12] /FILE FROM\ == /Users/xxx/Projects/tracker_rework/tracker/workers/continuous/continuous_worker.py
[2019-09-05 10:29:20,978: WARNING/ForkPoolWorker-12] -> Fetching local content from : /Users/xxx/Projects/tracker_rework/data/light_sbb_exane/www.shell.com/website_content/investors/dividend-information/dividend-downloads.html
[2019-09-05 10:29:20,978: WARNING/ForkPoolWorker-12] -> Fetching remote content from : https://www.shell.com/investors/dividend-information/dividend-downloads.html
[2019-09-05 10:29:21,043: WARNING/ForkPoolWorker-12] [200] https://www.shell.com/investors/dividend-information/dividend-downloads.html
[2019-09-05 10:29:21,072: WARNING/ForkPoolWorker-13] [200] https://www.posteitaliane.it/en/press-releases-price-sensitive.html
[2019-09-05 10:29:21,092: WARNING/ForkPoolWorker-10] //////////// https://www.icade.fr/en/activities/healthcare-property-investment has been redirected to : http://www.icade.fr/en/activities/healthcare-property-investment //////////
[2019-09-05 10:29:21,092: WARNING/ForkPoolWorker-10] URL = https://www.icade.fr/en/activities/healthcare-property-investment (detected NON pdf)
[2019-09-05 10:29:21,138: WARNING/ForkPoolWorker-10] -> cleaning HTML content ....
[2019-09-05 10:29:21,149: WARNING/ForkPoolWorker-10] RESPONSE => b'false'
[2019-09-05 10:29:21,150: WARNING/ForkPoolWorker-10] RESPONSE 2 = b'false'
[2019-09-05 10:29:21,151: WARNING/ForkPoolWorker-10] ENTER CHECK SBB : http://www.icade.fr/en/content/download/2078/29661
[2019-09-05 10:29:21,190: WARNING/ForkPoolWorker-11] Problem fetching local content or remote content.
[2019-09-05 10:29:21,192: INFO/ForkPoolWorker-11] Task continuous_worker.check_diff_delayed[ac9f423f-b7ba-477a-b1ce-232544a652cc] succeeded in 0.48241763999976683s: {'current': 100, 'total': 100, 'status': {'url': 'https://www.indracompany.com/en/accionistas/hechos-relevantes-cnmv/2019', 'div': 'www.indracompany.com', 'diff_neg': [], 'diff_pos': [], 'nearest_link_pos': [], 'nearest_link_neg': [], 'all_links_pos': None, 'all_links_neg': None, 'diff_nb': 0}, 'result': 0}
[2019-09-05 10:29:21,194: INFO/MainProcess] Received task: continuous_worker.check_diff_delayed[ab0dbb7a-4d10-4f26-a3f9-c92bd0e3e793]  
[2019-09-05 10:29:21,195: WARNING/ForkPoolWorker-11] /FILE FROM\ == /Users/xxx/Projects/tracker_rework/tracker/workers/continuous/continuous_worker.py
[2019-09-05 10:29:21,195: WARNING/ForkPoolWorker-11] -> Fetching local content from : /Users/xxx/Projects/tracker_rework/data/light_sbb_exane/www.danone.com/website_content/investor-relations/publications-events/regulated-information.html
[2019-09-05 10:29:21,196: WARNING/ForkPoolWorker-11] -> Fetching remote content from : https://www.danone.com/investor-relations/publications-events/regulated-information.html
[2019-09-05 10:29:21,211: WARNING/ForkPoolWorker-3] [200] https://www.neopost-group.com/en/finance/regulated-information/shares-buyback
[2019-09-05 10:29:21,246: WARNING/ForkPoolWorker-13] -> cleaning HTML content ....
[2019-09-05 10:29:21,247: WARNING/ForkPoolWorker-13] -> cleaning HTML content ....
[2019-09-05 10:29:21,248: WARNING/ForkPoolWorker-13] ******* len status all linsk pos 1: 0
[2019-09-05 10:29:21,248: WARNING/ForkPoolWorker-13] -------------------------------———
[2019-09-05 10:29:21,248: WARNING/ForkPoolWorker-13] Excluded links are :
[2019-09-05 10:29:21,248: WARNING/ForkPoolWorker-13] -------------------------------———
[2019-09-05 10:29:21,249: WARNING/ForkPoolWorker-13] (https://www.posteitaliane.it) DIFF POS:
[]
[2019-09-05 10:29:21,250: WARNING/ForkPoolWorker-13] (https://www.posteitaliane.it) DIFF NEG :
[]
[2019-09-05 10:29:21,250: WARNING/ForkPoolWorker-13] ***** Content is SIMILAR *****
[2019-09-05 10:29:21,252: INFO/ForkPoolWorker-13] Task continuous_worker.check_diff_delayed[3c4dce9d-dd13-47ef-abaf-2c7b5479d057] succeeded in 1.1425547510007164s: {'current': 100, 'total': 100, 'status': {'url': 'https://www.posteitaliane.it/en/press-releases-price-sensitive.html', 'div': 'www.posteitaliane.it', 'diff_neg': [], 'diff_pos': [], 'nearest_link_pos': [], 'nearest_link_neg': [], 'all_links_pos': [], 'all_links_neg': [], 'diff_nb': 0}, 'result': 0}
[2019-09-05 10:29:21,253: INFO/MainProcess] Received task: continuous_worker.check_diff_delayed[406d1320-0e6b-4570-8a45-1b2edd0173a7]  
[2019-09-05 10:29:21,254: WARNING/ForkPoolWorker-13] /FILE FROM\ == /Users/xxx/Projects/tracker_rework/tracker/workers/continuous/continuous_worker.py
[2019-09-05 10:29:21,254: WARNING/ForkPoolWorker-13] -> Fetching local content from : /Users/xxx/Projects/tracker_rework/data/light_sbb_exane/altice.net/website_content/share-repurchase-programme
[2019-09-05 10:29:21,255: WARNING/ForkPoolWorker-13] -> Fetching remote content from : http://altice.net/share-repurchase-programme
[2019-09-05 10:29:21,265: WARNING/ForkPoolWorker-11] [200] https://www.danone.com/investor-relations/publications-events/regulated-information.html
[2019-09-05 10:29:21,363: WARNING/ForkPoolWorker-13] [200] http://altice.net/share-repurchase-programme
[2019-09-05 10:29:21,414: WARNING/ForkPoolWorker-13] -> cleaning HTML content ....
[2019-09-05 10:29:21,415: WARNING/ForkPoolWorker-13] -> cleaning HTML content ....
[2019-09-05 10:29:21,415: WARNING/ForkPoolWorker-13] ******* len status all linsk pos 1: 0
[2019-09-05 10:29:21,415: WARNING/ForkPoolWorker-13] -------------------------------———
[2019-09-05 10:29:21,416: WARNING/ForkPoolWorker-13] Excluded links are :
[2019-09-05 10:29:21,416: WARNING/ForkPoolWorker-13] -------------------------------———
[2019-09-05 10:29:21,417: WARNING/ForkPoolWorker-13] (http://altice.net) DIFF POS:
[]
[2019-09-05 10:29:21,417: WARNING/ForkPoolWorker-13] (http://altice.net) DIFF NEG :
[]
[2019-09-05 10:29:21,418: WARNING/ForkPoolWorker-13] ***** Content is SIMILAR *****
[2019-09-05 10:29:21,419: INFO/ForkPoolWorker-13] Task continuous_worker.check_diff_delayed[ee2070b1-319b-4b09-ba65-62e75fd2566c] succeeded in 0.16525950100185582s: {'current': 100, 'total': 100, 'status': {'url': 'http://altice.net/share-repurchase-programme', 'div': 'altice.net', 'diff_neg': [], 'diff_pos': [], 'nearest_link_pos': [], 'nearest_link_neg': [], 'all_links_pos': [], 'all_links_neg': [], 'diff_nb': 0}, 'result': 0}
[2019-09-05 10:29:21,421: INFO/MainProcess] Received task: continuous_worker.check_diff_delayed[27784ea3-e350-478f-a56c-86896c841058]  
[2019-09-05 10:29:21,422: WARNING/ForkPoolWorker-13] /FILE FROM\ == /Users/xxx/Projects/tracker_rework/tracker/workers/continuous/continuous_worker.py
[2019-09-05 10:29:21,422: WARNING/ForkPoolWorker-13] -> Fetching local content from : /Users/xxx/Projects/tracker_rework/data/light_sbb_exane/worldline.com/website_content/en/home/investors/regulated-information.html
[2019-09-05 10:29:21,423: WARNING/ForkPoolWorker-13] -> Fetching remote content from : https://worldline.com/en/home/investors/regulated-information.html
[2019-09-05 10:29:21,480: WARNING/ForkPoolWorker-11] -> cleaning HTML content ....
[2019-09-05 10:29:21,482: WARNING/ForkPoolWorker-11] -> cleaning HTML content ....
[2019-09-05 10:29:21,486: WARNING/ForkPoolWorker-11] diff all links neg = ['http://twitter.com/Danone', 'http://facebook.com/Danone', '/content/dam/danone-corp/investors/en-all-publications/2018/registrationdocuments/Danone%20-%20Registration%20Document%202018.pdf', '/', 'http://linkedin.com/company/danone/']
[2019-09-05 10:29:21,487: WARNING/ForkPoolWorker-11] diff all links pos = ['/en.html', 'https://twitter.com/Danone', 'https://youtube.com/Danone', 'https://linkedin.com/company/danone/', '/media/other-news-related-to-danone.html', 'https://facebook.com/Danone', '/content/dam/danone-corp/danone-com/investors/en-all-publications/2018/registrationdocuments/Danone%20-%20Registration%20Document%202018.pdf']
[2019-09-05 10:29:21,487: WARNING/ForkPoolWorker-11] ******* len status all linsk pos 1: 0
[2019-09-05 10:29:21,488: WARNING/ForkPoolWorker-11] -------------------------------———
[2019-09-05 10:29:21,488: WARNING/ForkPoolWorker-11] Excluded links are :
[2019-09-05 10:29:21,488: WARNING/ForkPoolWorker-11] -------------------------------———
[2019-09-05 10:29:21,489: WARNING/ForkPoolWorker-11] (https://www.danone.com) DIFF POS:
[]
[2019-09-05 10:29:21,489: WARNING/ForkPoolWorker-11] (https://www.danone.com) DIFF NEG :
[]
[2019-09-05 10:29:21,490: WARNING/ForkPoolWorker-11] ***** Content is SIMILAR *****
[2019-09-05 10:29:21,491: INFO/ForkPoolWorker-11] Task continuous_worker.check_diff_delayed[668808e8-e452-4288-b4f8-875049951586] succeeded in 0.296761231002165s: {'current': 100, 'total': 100, 'status': {'url': 'https://www.danone.com/investor-relations/publications-events/regulated-information.html', 'div': 'www.danone.com', 'diff_neg': [], 'diff_pos': [], 'nearest_link_pos': [], 'nearest_link_neg': [], 'all_links_pos': [], 'all_links_neg': [], 'diff_nb': 0}, 'result': 0}
[2019-09-05 10:29:21,493: INFO/MainProcess] Received task: continuous_worker.check_diff_delayed[0562961f-5463-486e-9a84-90a0027c0ceb]  
[2019-09-05 10:29:21,493: WARNING/ForkPoolWorker-11] /FILE FROM\ == /Users/xxx/Projects/tracker_rework/tracker/workers/continuous/continuous_worker.py
[2019-09-05 10:29:21,494: WARNING/ForkPoolWorker-11] -> Fetching local content from : /Users/xxx/Projects/tracker_rework/data/light_sbb_exane/www.dbv-technologies.com/website_content/investor-relations/financial-information/amf-regulated-information/unknown___
[2019-09-05 10:29:21,494: WARNING/ForkPoolWorker-11] -> Fetching remote content from : https://www.dbv-technologies.com/investor-relations/financial-information/amf-regulated-information/
[2019-09-05 10:29:21,522: WARNING/ForkPoolWorker-13] [200] https://worldline.com/en/home/investors/regulated-information.html
[2019-09-05 10:29:21,526: WARNING/ForkPoolWorker-10] //////////// https://www.icade.fr/en/content/download/2078/file/icade-steps-up-implementation-strategic-plan-eqho.pdf has been redirected to : http://www.icade.fr/en/content/download/2078/29661 //////////
[2019-09-05 10:29:21,562: WARNING/ForkPoolWorker-11] [200] https://www.dbv-technologies.com/investor-relations/financial-information/amf-regulated-information/
[2019-09-05 10:29:21,742: WARNING/ForkPoolWorker-10] -> cleaning pdf content ...
[2019-09-05 10:29:21,787: WARNING/ForkPoolWorker-10] RESPONSE => b'false'
[2019-09-05 10:29:21,788: WARNING/ForkPoolWorker-10] RESPONSE 1 = b'false'
[2019-09-05 10:29:21,789: WARNING/ForkPoolWorker-10] ENTER CHECK SBB : http://www.icade.fr/en/finance/regulated-information/icade-a-member-of-the-bidding-consortium-chosen-to-develop-a-new-neighbourghood-on-a-land-to-be-sold-to-the-university-hospotal-chu-of-caen
[2019-09-05 10:29:21,794: WARNING/ForkPoolWorker-3] -> cleaning HTML content ....
[2019-09-05 10:29:21,798: WARNING/ForkPoolWorker-3] -> cleaning HTML content ....
[2019-09-05 10:29:21,803: WARNING/ForkPoolWorker-3] ******* len status all linsk pos 1: 0
[2019-09-05 10:29:21,804: WARNING/ForkPoolWorker-3] -------------------------------———
[2019-09-05 10:29:21,804: WARNING/ForkPoolWorker-3] Excluded links are :
[2019-09-05 10:29:21,804: WARNING/ForkPoolWorker-3] -------------------------------———
[2019-09-05 10:29:21,805: WARNING/ForkPoolWorker-3] (https://www.neopost-group.com) DIFF POS:
[]
[2019-09-05 10:29:21,806: WARNING/ForkPoolWorker-3] (https://www.neopost-group.com) DIFF NEG :
[]
[2019-09-05 10:29:21,806: WARNING/ForkPoolWorker-3] ***** Content is SIMILAR *****
[2019-09-05 10:29:21,808: INFO/ForkPoolWorker-3] Task continuous_worker.check_diff_delayed[cca6a499-3daf-48f4-bf15-d979a238f479] succeeded in 5.931787214001815s: {'current': 100, 'total': 100, 'status': {'url': 'https://www.neopost-group.com/en/finance/regulated-information/shares-buyback', 'div': 'www.neopost-group.com', 'diff_neg': [], 'diff_pos': [], 'nearest_link_pos': [], 'nearest_link_neg': [], 'all_links_pos': [], 'all_links_neg': [], 'diff_nb': 0}, 'result': 0}
[2019-09-05 10:29:21,810: INFO/MainProcess] Received task: continuous_worker.check_diff_delayed[1d66dc6a-d3e5-4226-9925-9aa04b408369]  
[2019-09-05 10:29:21,810: WARNING/ForkPoolWorker-3] /FILE FROM\ == /Users/xxx/Projects/tracker_rework/tracker/workers/continuous/continuous_worker.py
[2019-09-05 10:29:21,811: WARNING/ForkPoolWorker-3] -> Fetching local content from : /Users/xxx/Projects/tracker_rework/data/light_sbb_exane/www.ferrovial.com/website_content/en/ir-shareholders/stock-exchange-filings/unknown___
[2019-09-05 10:29:21,811: WARNING/ForkPoolWorker-3] -> Fetching remote content from : https://www.ferrovial.com/en/ir-shareholders/stock-exchange-filings/
[2019-09-05 10:29:21,877: WARNING/ForkPoolWorker-12] -> cleaning HTML content ....
[2019-09-05 10:29:21,882: WARNING/ForkPoolWorker-12] -> cleaning HTML content ....
[2019-09-05 10:29:21,888: WARNING/ForkPoolWorker-12] ******* len status all linsk pos 1: 0
[2019-09-05 10:29:21,888: WARNING/ForkPoolWorker-12] -------------------------------———
[2019-09-05 10:29:21,889: WARNING/ForkPoolWorker-12] Excluded links are :
[2019-09-05 10:29:21,889: WARNING/ForkPoolWorker-12] -------------------------------———
[2019-09-05 10:29:21,890: WARNING/ForkPoolWorker-12] (https://www.shell.com) DIFF POS:
[]
[2019-09-05 10:29:21,890: WARNING/ForkPoolWorker-12] (https://www.shell.com) DIFF NEG :
[]
[2019-09-05 10:29:21,891: WARNING/ForkPoolWorker-12] ***** Content is SIMILAR *****
[2019-09-05 10:29:21,893: INFO/ForkPoolWorker-12] Task continuous_worker.check_diff_delayed[70c648ef-f443-403c-a626-99cd69e1313a] succeeded in 0.9152824609991512s: {'current': 100, 'total': 100, 'status': {'url': 'https://www.shell.com/investors/dividend-information/dividend-downloads.html', 'div': 'www.shell.com', 'diff_neg': [], 'diff_pos': [], 'nearest_link_pos': [], 'nearest_link_neg': [], 'all_links_pos': [], 'all_links_neg': [], 'diff_nb': 0}, 'result': 0}
[2019-09-05 10:29:21,893: WARNING/ForkPoolWorker-10] //////////// https://www.icade.fr/en/finance/regulated-information/icade-a-member-of-the-bidding-consortium-chosen-to-develop-a-new-neighbourghood-on-a-land-to-be-sold-to-the-university-hospotal-chu-of-caen has been redirected to : http://www.icade.fr/en/finance/regulated-information/icade-a-member-of-the-bidding-consortium-chosen-to-develop-a-new-neighbourghood-on-a-land-to-be-sold-to-the-university-hospotal-chu-of-caen //////////
[2019-09-05 10:29:21,894: WARNING/ForkPoolWorker-10] URL = https://www.icade.fr/en/finance/regulated-information/icade-a-member-of-the-bidding-consortium-chosen-to-develop-a-new-neighbourghood-on-a-land-to-be-sold-to-the-university-hospotal-chu-of-caen (detected NON pdf)
[2019-09-05 10:29:21,895: INFO/MainProcess] Received task: continuous_worker.check_diff_delayed[cf25ea2d-ef03-45af-b694-3a73bf853380]  
[2019-09-05 10:29:21,895: WARNING/ForkPoolWorker-12] /FILE FROM\ == /Users/xxx/Projects/tracker_rework/tracker/workers/continuous/continuous_worker.py
[2019-09-05 10:29:21,896: WARNING/ForkPoolWorker-12] -> Fetching local content from : /Users/xxx/Projects/tracker_rework/data/light_sbb_exane/gecina.fr/website_content/en/investors/regulatory-disclosures.html?tid=28&tpl=tpl5,expand
[2019-09-05 10:29:21,896: WARNING/ForkPoolWorker-12] -> Fetching remote content from : https://gecina.fr/en/investors/regulatory-disclosures.html?tid=28&tpl=tpl5,expand
[2019-09-05 10:29:21,921: WARNING/ForkPoolWorker-10] -> cleaning HTML content ....
[2019-09-05 10:29:21,931: WARNING/ForkPoolWorker-10] RESPONSE => b'false'
[2019-09-05 10:29:21,932: WARNING/ForkPoolWorker-10] RESPONSE 2 = b'false'
[2019-09-05 10:29:21,932: WARNING/ForkPoolWorker-10] ENTER CHECK SBB : http://www.icade.fr/en/innovation/framework-and-approach
[2019-09-05 10:29:22,005: WARNING/ForkPoolWorker-3] [200] https://www.ferrovial.com/en/ir-shareholders/stock-exchange-filings/
[2019-09-05 10:29:22,089: WARNING/ForkPoolWorker-10] //////////// https://www.icade.fr/en/innovation/framework-and-approach has been redirected to : http://www.icade.fr/en/innovation/framework-and-approach //////////
[2019-09-05 10:29:22,089: WARNING/ForkPoolWorker-10] URL = https://www.icade.fr/en/innovation/framework-and-approach (detected NON pdf)
[2019-09-05 10:29:22,121: WARNING/ForkPoolWorker-10] -> cleaning HTML content ....
[2019-09-05 10:29:22,132: WARNING/ForkPoolWorker-10] RESPONSE => b'false'
[2019-09-05 10:29:22,133: WARNING/ForkPoolWorker-10] RESPONSE 2 = b'false'
[2019-09-05 10:29:22,133: WARNING/ForkPoolWorker-10] ENTER CHECK SBB : http://www.icade.fr/en/legal-notice
[2019-09-05 10:29:22,139: WARNING/ForkPoolWorker-11] -> cleaning HTML content ....
[2019-09-05 10:29:22,141: WARNING/ForkPoolWorker-12] [200] https://gecina.fr/en/investors/regulatory-disclosures.html?tid=28&tpl=tpl5,expand
[2019-09-05 10:29:22,151: WARNING/ForkPoolWorker-11] -> cleaning HTML content ....
[2019-09-05 10:29:22,166: WARNING/ForkPoolWorker-11] ******* len status all linsk pos 1: 0
[2019-09-05 10:29:22,166: WARNING/ForkPoolWorker-11] -------------------------------———
[2019-09-05 10:29:22,167: WARNING/ForkPoolWorker-11] Excluded links are :
[2019-09-05 10:29:22,167: WARNING/ForkPoolWorker-11] -------------------------------———
[2019-09-05 10:29:22,168: WARNING/ForkPoolWorker-11] (https://www.dbv-technologies.com) DIFF POS:
[]
[2019-09-05 10:29:22,168: WARNING/ForkPoolWorker-11] (https://www.dbv-technologies.com) DIFF NEG :
[]
[2019-09-05 10:29:22,169: WARNING/ForkPoolWorker-11] ***** Content is SIMILAR *****
[2019-09-05 10:29:22,171: INFO/ForkPoolWorker-11] Task continuous_worker.check_diff_delayed[89c9ebf9-92ec-4e65-b032-8a68bc70d1ca] succeeded in 0.6772867019972182s: {'current': 100, 'total': 100, 'status': {'url': 'https://www.dbv-technologies.com/investor-relations/financial-information/amf-regulated-information/', 'div': 'www.dbv-technologies.com', 'diff_neg': [], 'diff_pos': [], 'nearest_link_pos': [], 'nearest_link_neg': [], 'all_links_pos': [], 'all_links_neg': [], 'diff_nb': 0}, 'result': 0}
[2019-09-05 10:29:22,173: INFO/MainProcess] Received task: continuous_worker.check_diff_delayed[34125271-515c-4a38-87aa-b64df1bec1c5]  
[2019-09-05 10:29:22,173: WARNING/ForkPoolWorker-11] /FILE FROM\ == /Users/xxx/Projects/tracker_rework/tracker/workers/continuous/continuous_worker.py
[2019-09-05 10:29:22,174: WARNING/ForkPoolWorker-11] -> Fetching local content from : /Users/xxx/Projects/tracker_rework/data/light_sbb_exane/www.paddypowerbetfair.com/website_content/investor-relations/rns-announcements
[2019-09-05 10:29:22,174: WARNING/ForkPoolWorker-11] -> Fetching remote content from : https://www.paddypowerbetfair.com/investor-relations/rns-announcements
[2019-09-05 10:29:22,188: WARNING/ForkPoolWorker-3] -> cleaning HTML content ....
[2019-09-05 10:29:22,189: WARNING/ForkPoolWorker-3] -> cleaning HTML content ....
[2019-09-05 10:29:22,189: WARNING/ForkPoolWorker-3] diff all links neg = ['https://www.ferrovial.com/en/ir-shareholders/significant-events/call-for-1h-2019-results/']
[2019-09-05 10:29:22,190: WARNING/ForkPoolWorker-3] ******* len status all linsk pos 1: 0
[2019-09-05 10:29:22,190: WARNING/ForkPoolWorker-3] -------------------------------———
[2019-09-05 10:29:22,190: WARNING/ForkPoolWorker-3] Excluded links are :
[2019-09-05 10:29:22,191: WARNING/ForkPoolWorker-3] -------------------------------———
[2019-09-05 10:29:22,191: WARNING/ForkPoolWorker-3] (https://www.ferrovial.com) DIFF POS:
[]
[2019-09-05 10:29:22,192: WARNING/ForkPoolWorker-3] (https://www.ferrovial.com) DIFF NEG :
[]
[2019-09-05 10:29:22,192: WARNING/ForkPoolWorker-3] ***** Content is SIMILAR *****
[2019-09-05 10:29:22,194: INFO/ForkPoolWorker-3] Task continuous_worker.check_diff_delayed[a5f64454-a424-4850-962e-3d98459e1c94] succeeded in 0.38340260200129705s: {'current': 100, 'total': 100, 'status': {'url': 'https://www.ferrovial.com/en/ir-shareholders/stock-exchange-filings/', 'div': 'www.ferrovial.com', 'diff_neg': [], 'diff_pos': [], 'nearest_link_pos': [], 'nearest_link_neg': [], 'all_links_pos': [], 'all_links_neg': [], 'diff_nb': 0}, 'result': 0}
[2019-09-05 10:29:22,196: INFO/MainProcess] Received task: continuous_worker.check_diff_delayed[7b3b1dce-c50b-4e6b-8d5a-c355edddbd1e]  
[2019-09-05 10:29:22,196: WARNING/ForkPoolWorker-3] /FILE FROM\ == /Users/xxx/Projects/tracker_rework/tracker/workers/continuous/continuous_worker.py
[2019-09-05 10:29:22,197: WARNING/ForkPoolWorker-3] -> Fetching local content from : /Users/xxx/Projects/tracker_rework/data/light_sbb_exane/www.cnhindustrial.com/website_content/en-us/investor_relations/stock_information/Pages/share_buyback_program.aspx
[2019-09-05 10:29:22,197: WARNING/ForkPoolWorker-3] -> Fetching remote content from : http://www.cnhindustrial.com/en-us/investor_relations/stock_information/Pages/share_buyback_program.aspx
[2019-09-05 10:29:22,264: WARNING/ForkPoolWorker-12] -> cleaning HTML content ....
[2019-09-05 10:29:22,265: WARNING/ForkPoolWorker-12] -> cleaning HTML content ....
[2019-09-05 10:29:22,266: WARNING/ForkPoolWorker-12] ******* len status all linsk pos 1: 0
[2019-09-05 10:29:22,266: WARNING/ForkPoolWorker-12] -------------------------------———
[2019-09-05 10:29:22,266: WARNING/ForkPoolWorker-12] Excluded links are :
[2019-09-05 10:29:22,267: WARNING/ForkPoolWorker-12] -------------------------------———
[2019-09-05 10:29:22,268: WARNING/ForkPoolWorker-12] (https://gecina.fr) DIFF POS:
[]
[2019-09-05 10:29:22,268: WARNING/ForkPoolWorker-12] (https://gecina.fr) DIFF NEG :
[]
[2019-09-05 10:29:22,268: WARNING/ForkPoolWorker-12] ***** Content is SIMILAR *****
[2019-09-05 10:29:22,270: INFO/ForkPoolWorker-12] Task continuous_worker.check_diff_delayed[395a2cc3-e13e-41d0-9b83-3e452ed63287] succeeded in 0.37525440600074944s: {'current': 100, 'total': 100, 'status': {'url': 'https://gecina.fr/en/investors/regulatory-disclosures.html?tid=28&tpl=tpl5,expand', 'div': 'gecina.fr', 'diff_neg': [], 'diff_pos': [], 'nearest_link_pos': [], 'nearest_link_neg': [], 'all_links_pos': [], 'all_links_neg': [], 'diff_nb': 0}, 'result': 0}
[2019-09-05 10:29:22,272: INFO/MainProcess] Received task: continuous_worker.check_diff_delayed[563fe784-52b3-4d17-a6f1-5be8cd882aef]  
[2019-09-05 10:29:22,273: WARNING/ForkPoolWorker-12] /FILE FROM\ == /Users/xxx/Projects/tracker_rework/tracker/workers/continuous/continuous_worker.py
[2019-09-05 10:29:22,273: WARNING/ForkPoolWorker-12] -> Fetching local content from : /Users/xxx/Projects/tracker_rework/data/light_sbb_exane/www.smurfitkappa.com/website_content/investors/regulatory-news
[2019-09-05 10:29:22,274: WARNING/ForkPoolWorker-12] -> Fetching remote content from : https://www.smurfitkappa.com/investors/regulatory-news
[2019-09-05 10:29:22,374: WARNING/ForkPoolWorker-10] //////////// https://www.icade.fr/en/legal-notice has been redirected to : http://www.icade.fr/en/legal-notice //////////
[2019-09-05 10:29:22,374: WARNING/ForkPoolWorker-10] URL = https://www.icade.fr/en/legal-notice (detected NON pdf)
[2019-09-05 10:29:22,398: WARNING/ForkPoolWorker-10] -> cleaning HTML content ....
[2019-09-05 10:29:22,409: WARNING/ForkPoolWorker-10] RESPONSE => b'false'
[2019-09-05 10:29:22,410: WARNING/ForkPoolWorker-10] RESPONSE 2 = b'false'
[2019-09-05 10:29:22,411: WARNING/ForkPoolWorker-10] ENTER CHECK SBB : http://www.icade.fr/en/finance/publications
[2019-09-05 10:29:22,433: WARNING/ForkPoolWorker-13] -> cleaning HTML content ....
[2019-09-05 10:29:22,434: WARNING/ForkPoolWorker-13] -> cleaning HTML content ....
[2019-09-05 10:29:22,436: WARNING/ForkPoolWorker-13] diff all links neg = ['https://in.worldline.com', '/en/home/newsroom/press-releases-investors/2019/pr-2019_04_30_01.html']
[2019-09-05 10:29:22,438: WARNING/ForkPoolWorker-13] diff all links pos = ['/en/home/newsroom/press-releases-investors/2019/pr2019_09_04_01.html', 'https://worldline.com/en/india.html']
[2019-09-05 10:29:22,438: WARNING/ForkPoolWorker-13] ******* len status all linsk pos 1: 0
[2019-09-05 10:29:22,438: WARNING/ForkPoolWorker-13] -------------------------------———
[2019-09-05 10:29:22,439: WARNING/ForkPoolWorker-13] Excluded links are :
[2019-09-05 10:29:22,439: WARNING/ForkPoolWorker-13] -------------------------------———
[2019-09-05 10:29:22,440: WARNING/ForkPoolWorker-13] (https://worldline.com) DIFF POS:
[]
[2019-09-05 10:29:22,440: WARNING/ForkPoolWorker-13] (https://worldline.com) DIFF NEG :
[]
[2019-09-05 10:29:22,441: WARNING/ForkPoolWorker-13] ***** Content is SIMILAR *****
[2019-09-05 10:29:22,442: INFO/ForkPoolWorker-13] Task continuous_worker.check_diff_delayed[18df6b31-4246-4983-bac2-efade56f10b1] succeeded in 1.0208529340015957s: {'current': 100, 'total': 100, 'status': {'url': 'https://worldline.com/en/home/investors/regulated-information.html', 'div': 'worldline.com', 'diff_neg': [], 'diff_pos': [], 'nearest_link_pos': [], 'nearest_link_neg': [], 'all_links_pos': [], 'all_links_neg': [], 'diff_nb': 0}, 'result': 0}
[2019-09-05 10:29:22,444: INFO/MainProcess] Received task: continuous_worker.check_diff_delayed[e66cbd02-9a55-4dcf-8b2c-810c6a8f7f31]  
[2019-09-05 10:29:22,445: WARNING/ForkPoolWorker-13] /FILE FROM\ == /Users/xxx/Projects/tracker_rework/tracker/workers/continuous/continuous_worker.py
[2019-09-05 10:29:22,445: WARNING/ForkPoolWorker-13] -> Fetching local content from : /Users/xxx/Projects/tracker_rework/data/light_sbb_exane/www.ses.com/website_content/investors/shareholder-information/share-buy-back
[2019-09-05 10:29:22,445: WARNING/ForkPoolWorker-13] -> Fetching remote content from : https://www.ses.com/investors/shareholder-information/share-buy-back
[2019-09-05 10:29:22,530: WARNING/ForkPoolWorker-10] //////////// https://www.icade.fr/en/finance/publications has been redirected to : http://www.icade.fr/en/finance/publications //////////
[2019-09-05 10:29:22,531: WARNING/ForkPoolWorker-10] URL = https://www.icade.fr/en/finance/publications (detected NON pdf)
[2019-09-05 10:29:22,590: WARNING/ForkPoolWorker-10] -> cleaning HTML content ....
[2019-09-05 10:29:22,591: WARNING/ForkPoolWorker-10] ENTER CHECK SBB : http://www.icade.fr/en/content/download/2287/36068
[2019-09-05 10:29:22,605: WARNING/ForkPoolWorker-13] [200] https://www.ses.com/investors/shareholder-information/share-buy-back
[2019-09-05 10:29:22,630: WARNING/ForkPoolWorker-11] [200] https://www.paddypowerbetfair.com/investor-relations/rns-announcements
[2019-09-05 10:29:22,653: INFO/MainProcess] Received task: continuous_worker.check_diff_delayed[b2ee7126-503a-4abd-a2c1-fbaf91df6bfe]  
[2019-09-05 10:29:22,715: WARNING/ForkPoolWorker-11] -> cleaning HTML content ....
[2019-09-05 10:29:22,716: WARNING/ForkPoolWorker-11] -> cleaning HTML content ....
[2019-09-05 10:29:22,717: WARNING/ForkPoolWorker-11] ******* len status all linsk pos 1: 0
[2019-09-05 10:29:22,717: WARNING/ForkPoolWorker-11] -------------------------------———
[2019-09-05 10:29:22,717: WARNING/ForkPoolWorker-11] Excluded links are :
[2019-09-05 10:29:22,718: WARNING/ForkPoolWorker-11] -------------------------------———
[2019-09-05 10:29:22,719: WARNING/ForkPoolWorker-11] (https://www.paddypowerbetfair.com) DIFF POS:
[]
[2019-09-05 10:29:22,719: WARNING/ForkPoolWorker-11] (https://www.paddypowerbetfair.com) DIFF NEG :
[]
[2019-09-05 10:29:22,719: WARNING/ForkPoolWorker-11] ***** Content is SIMILAR *****
[2019-09-05 10:29:22,721: INFO/ForkPoolWorker-11] Task continuous_worker.check_diff_delayed[ed214df9-a8b2-495a-9f39-ad57e79fca6d] succeeded in 0.5479651610003202s: {'current': 100, 'total': 100, 'status': {'url': 'https://www.paddypowerbetfair.com/investor-relations/rns-announcements', 'div': 'www.paddypowerbetfair.com', 'diff_neg': [], 'diff_pos': [], 'nearest_link_pos': [], 'nearest_link_neg': [], 'all_links_pos': [], 'all_links_neg': [], 'diff_nb': 0}, 'result': 0}
[2019-09-05 10:29:22,722: WARNING/ForkPoolWorker-11] /FILE FROM\ == /Users/xxx/Projects/tracker_rework/tracker/workers/continuous/continuous_worker.py
[2019-09-05 10:29:22,723: WARNING/ForkPoolWorker-11] -> Fetching local content from : /Users/xxx/Projects/tracker_rework/data/light_sbb_exane/deutsche-boerse.com/website_content/dbg-en/investor-relations/news-and-services/ad-hoc-announcements
[2019-09-05 10:29:22,723: WARNING/ForkPoolWorker-11] -> Fetching remote content from : http://deutsche-boerse.com/dbg-en/investor-relations/news-and-services/ad-hoc-announcements
[2019-09-05 10:29:22,757: WARNING/ForkPoolWorker-13] -> cleaning HTML content ....
[2019-09-05 10:29:22,761: WARNING/ForkPoolWorker-13] -> cleaning HTML content ....
[2019-09-05 10:29:22,765: WARNING/ForkPoolWorker-13] diff all links neg = ['/video/distribution', '/video/broadcast/direct-home/dth-journey', '/video/broadcast/direct-home/partnering-ses', '/video/broadcast/direct-home', '/video/broadcast/advanced-ip-contribution', '/video/broadcast/vod-everywhere', '/video/distribution/dtc-dtt', '/video/consumer-experience/hdtv', '/video/consumer-experience/virtual-reality-satellite', '/video/consumer-experience/ultra-hd', '/video/distribution/network-offloading', '/video/broadcast', '/video/media-services', '/video/consumer-experience', '/video/occasional-use', '/video/broadcast/direct-home/your-dth-ebook', '/video/distribution/advanced-ip-contribution']
[2019-09-05 10:29:22,767: WARNING/ForkPoolWorker-13] diff all links pos = ['/video/products-services', '/video/insights/managed-services', '/video/products-services/content-management/content-processing', '/video/products-services/content-distribution/ip-delivery', '/video/who-we-work/sports-news-events', '/video/service-business-management', '/video/products-services/channel-playout', '/video/service-business-management/business-dashboard', '/video/media-platforms', '/video/products-services/channel-playout/self-managed-playout', '/video/who-we-work/broadcasters', '/video/insights/ultra-hd', '/video/products-services/content-distribution/online-streaming-cdn', '/video/products-services/content-management', '/video/products-services/content-monetisation/targeted-advertisement', '/video/products-services/content-distribution/dtt-dtc', '/video/products-services/content-distribution/direct-home', '/video/who-we-work/rights-holders', '/video/products-services/content-management/clipping-and-editing', '/video/who-we-work/telcos', '/video/products-services/channel-playout/fully-managed-playout', '/video/products-services/content-management/metadata-management', '/video/products-services/content-monetisation/vod-everywhere', '/video/products-services/content-management/content-storage', '/video/who-we-work/platform-operators', '/video/products-services/content-distribution/occasional-use', '/video/products-services/content-distribution', '/video/insights', '/video/service-business-management/ses-360', '/video/who-we-work/mobile-networks-operators', '/video/who-we-work/content-owners', '/video/insights/uhd/your-ultra-hd-ebook', '/video/products-services/content-management/vod-content-delivery', '/video/products-services/content-monetisation/online-video-platforms', '/video/who-we-work', '/video/insights/audience-reach', '/video/products-services/content-monetisation', '/video/products-services/content-management/content-localisation', '/video/products-services/content-distribution/fibre-distribution']
[2019-09-05 10:29:22,767: WARNING/ForkPoolWorker-13] ******* len status all linsk pos 1: 0
[2019-09-05 10:29:22,767: WARNING/ForkPoolWorker-13] -------------------------------———
[2019-09-05 10:29:22,768: WARNING/ForkPoolWorker-13] Excluded links are :
[2019-09-05 10:29:22,768: WARNING/ForkPoolWorker-13] -------------------------------———
[2019-09-05 10:29:22,769: WARNING/ForkPoolWorker-13] (https://www.ses.com) DIFF POS:
[]
[2019-09-05 10:29:22,769: WARNING/ForkPoolWorker-13] (https://www.ses.com) DIFF NEG :
[]
[2019-09-05 10:29:22,769: WARNING/ForkPoolWorker-13] ***** Content is SIMILAR *****
[2019-09-05 10:29:22,771: INFO/ForkPoolWorker-13] Task continuous_worker.check_diff_delayed[b5353572-4d2c-40c2-b7c9-8c643d44e9e0] succeeded in 0.32652893499835045s: {'current': 100, 'total': 100, 'status': {'url': 'https://www.ses.com/investors/shareholder-information/share-buy-back', 'div': 'www.ses.com', 'diff_neg': [], 'diff_pos': [], 'nearest_link_pos': [], 'nearest_link_neg': [], 'all_links_pos': [], 'all_links_neg': [], 'diff_nb': 0}, 'result': 0}
[2019-09-05 10:29:22,772: WARNING/ForkPoolWorker-12] [200] https://www.smurfitkappa.com/investors/regulatory-news
[2019-09-05 10:29:22,773: INFO/MainProcess] Received task: continuous_worker.check_diff_delayed[1960fd64-e255-408e-bb7a-1cc89cdff784]  
[2019-09-05 10:29:22,773: WARNING/ForkPoolWorker-13] /FILE FROM\ == /Users/xxx/Projects/tracker_rework/tracker/workers/continuous/continuous_worker.py
[2019-09-05 10:29:22,774: WARNING/ForkPoolWorker-13] -> Fetching local content from : /Users/xxx/Projects/tracker_rework/data/light_sbb_exane/www.bollore.com/website_content/en/informations-reglementees
[2019-09-05 10:29:22,774: WARNING/ForkPoolWorker-13] -> Fetching remote content from : https://www.bollore.com/en/informations-reglementees
[2019-09-05 10:29:22,845: WARNING/ForkPoolWorker-13] [200] https://www.bollore.com/en/informations-reglementees
[2019-09-05 10:29:22,848: WARNING/ForkPoolWorker-10] //////////// https://www.icade.fr/en/content/download/2287/file/PR%20Rungis.pdf has been redirected to : http://www.icade.fr/en/content/download/2287/36068 //////////
[2019-09-05 10:29:22,917: WARNING/ForkPoolWorker-13] -> cleaning HTML content ....
[2019-09-05 10:29:22,917: WARNING/ForkPoolWorker-13] -> cleaning HTML content ....
[2019-09-05 10:29:22,918: WARNING/ForkPoolWorker-13] ******* len status all linsk pos 1: 0
[2019-09-05 10:29:22,918: WARNING/ForkPoolWorker-13] -------------------------------———
[2019-09-05 10:29:22,918: WARNING/ForkPoolWorker-13] Excluded links are :
[2019-09-05 10:29:22,919: WARNING/ForkPoolWorker-13] -------------------------------———
[2019-09-05 10:29:22,920: WARNING/ForkPoolWorker-13] (https://www.bollore.com) DIFF POS:
[]
[2019-09-05 10:29:22,920: WARNING/ForkPoolWorker-13] (https://www.bollore.com) DIFF NEG :
[]
[2019-09-05 10:29:22,920: WARNING/ForkPoolWorker-13] ***** Content is SIMILAR *****
[2019-09-05 10:29:22,922: INFO/ForkPoolWorker-13] Task continuous_worker.check_diff_delayed[dd0daf3c-01f5-4205-becf-f6b5285abbd1] succeeded in 0.14867808000053628s: {'current': 100, 'total': 100, 'status': {'url': 'https://www.bollore.com/en/informations-reglementees', 'div': 'www.bollore.com', 'diff_neg': [], 'diff_pos': [], 'nearest_link_pos': [], 'nearest_link_neg': [], 'all_links_pos': [], 'all_links_neg': [], 'diff_nb': 0}, 'result': 0}
[2019-09-05 10:29:22,924: INFO/MainProcess] Received task: continuous_worker.check_diff_delayed[86ed6cee-6ffe-4b4f-b999-93f3f0d5a9c5]  
[2019-09-05 10:29:22,925: WARNING/ForkPoolWorker-13] /FILE FROM\ == /Users/xxx/Projects/tracker_rework/tracker/workers/continuous/continuous_worker.py
[2019-09-05 10:29:22,925: WARNING/ForkPoolWorker-13] -> Fetching local content from : /Users/xxx/Projects/tracker_rework/data/light_sbb_exane/www.siemensgamesa.com/website_content/en-int/investors-and-shareholders/cnmv-filings
[2019-09-05 10:29:22,925: WARNING/ForkPoolWorker-13] -> Fetching remote content from : https://www.siemensgamesa.com/en-int/investors-and-shareholders/cnmv-filings
[2019-09-05 10:29:23,022: WARNING/ForkPoolWorker-11] [200] http://deutsche-boerse.com/dbg-en/investor-relations/news-and-services/ad-hoc-announcements
[2019-09-05 10:29:23,032: WARNING/ForkPoolWorker-10] -> cleaning pdf content ...
[2019-09-05 10:29:23,038: WARNING/ForkPoolWorker-12] -> cleaning HTML content ....
[2019-09-05 10:29:23,039: WARNING/ForkPoolWorker-12] -> cleaning HTML content ....
[2019-09-05 10:29:23,040: WARNING/ForkPoolWorker-12] ******* len status all linsk pos 1: 0
[2019-09-05 10:29:23,040: WARNING/ForkPoolWorker-12] -------------------------------———
[2019-09-05 10:29:23,041: WARNING/ForkPoolWorker-12] Excluded links are :
