[2019-09-05 10:29:12,405: WARNING/ForkPoolWorker-13] /FILE FROM\ == /Users/xxx/Projects/tracker_rework/tracker/workers/continuous/continuous_worker.py
[2019-09-05 10:29:12,406: WARNING/ForkPoolWorker-13] -> Fetching local content from : /Users/xxx/Projects/tracker_rework/data/light_sbb_exane/www.evraz.com/website_content/en/investors/regulatory-news
[2019-09-05 10:29:12,406: WARNING/ForkPoolWorker-13] -> Fetching remote content from : https://www.evraz.com/en/investors/regulatory-news
[2019-09-05 10:29:12,413: WARNING/ForkPoolWorker-4] -> cleaning HTML content ....
[2019-09-05 10:29:12,437: WARNING/ForkPoolWorker-4] ******* len status all linsk pos 1: 0
[2019-09-05 10:29:12,438: WARNING/ForkPoolWorker-4] -------------------------------———
[2019-09-05 10:29:12,438: WARNING/ForkPoolWorker-4] Excluded links are :
[2019-09-05 10:29:12,438: WARNING/ForkPoolWorker-4] -------------------------------———
[2019-09-05 10:29:12,439: WARNING/ForkPoolWorker-4] (https://finecobank.com) DIFF POS:
[]
[2019-09-05 10:29:12,440: WARNING/ForkPoolWorker-4] (https://finecobank.com) DIFF NEG :
[]
[2019-09-05 10:29:12,440: WARNING/ForkPoolWorker-4] ***** Content is SIMILAR *****
[2019-09-05 10:29:12,442: INFO/ForkPoolWorker-4] Task continuous_worker.check_diff_delayed[ed4ce561-56b9-4e7a-84b5-80b721ab047f] succeeded in 2.0363913029977994s: {'current': 100, 'total': 100, 'status': {'url': 'https://finecobank.com/en/public/corporate/media', 'div': 'finecobank.com', 'diff_neg': [], 'diff_pos': [], 'nearest_link_pos': [], 'nearest_link_neg': [], 'all_links_pos': [], 'all_links_neg': [], 'diff_nb': 0}, 'result': 0}
[2019-09-05 10:29:12,443: INFO/MainProcess] Received task: continuous_worker.check_diff_delayed[cca6a499-3daf-48f4-bf15-d979a238f479]  
[2019-09-05 10:29:12,444: WARNING/ForkPoolWorker-4] /FILE FROM\ == /Users/xxx/Projects/tracker_rework/tracker/workers/continuous/continuous_worker.py
[2019-09-05 10:29:12,444: WARNING/ForkPoolWorker-4] -> Fetching local content from : /Users/xxx/Projects/tracker_rework/data/light_sbb_exane/corporate.ferrari.com/website_content/en/investors/stock-and-shareholder-corner/buyback-programs
[2019-09-05 10:29:12,445: WARNING/ForkPoolWorker-4] -> Fetching remote content from : http://corporate.ferrari.com/en/investors/stock-and-shareholder-corner/buyback-programs
[2019-09-05 10:29:12,461: WARNING/ForkPoolWorker-3] [200] http://www.telecomitalia.com/tit/en/press/press-releases-notes-new.html?from=10%2F2017&to=10%2F2018&_charset_=UTF-8
[2019-09-05 10:29:12,593: WARNING/ForkPoolWorker-3] -> cleaning HTML content ....
[2019-09-05 10:29:12,594: WARNING/ForkPoolWorker-3] -> cleaning HTML content ....
[2019-09-05 10:29:12,594: WARNING/ForkPoolWorker-3] ******* len status all linsk pos 1: 0
[2019-09-05 10:29:12,595: WARNING/ForkPoolWorker-3] -------------------------------———
[2019-09-05 10:29:12,595: WARNING/ForkPoolWorker-3] Excluded links are :
[2019-09-05 10:29:12,595: WARNING/ForkPoolWorker-3] -------------------------------———
[2019-09-05 10:29:12,596: WARNING/ForkPoolWorker-3] (http://www.telecomitalia.com) DIFF POS:
[]
[2019-09-05 10:29:12,597: WARNING/ForkPoolWorker-3] (http://www.telecomitalia.com) DIFF NEG :
[]
[2019-09-05 10:29:12,597: WARNING/ForkPoolWorker-3] ***** Content is SIMILAR *****
[2019-09-05 10:29:12,599: INFO/ForkPoolWorker-3] Task continuous_worker.check_diff_delayed[7f595f8d-f325-4a05-a1f2-55916eeb1581] succeeded in 1.4221814640004595s: {'current': 100, 'total': 100, 'status': {'url': 'http://www.telecomitalia.com/tit/en/press/press-releases-notes-new.html?from=10%2F2017&to=10%2F2018&_charset_=UTF-8', 'div': 'www.telecomitalia.com', 'diff_neg': [], 'diff_pos': [], 'nearest_link_pos': [], 'nearest_link_neg': [], 'all_links_pos': [], 'all_links_neg': [], 'diff_nb': 0}, 'result': 0}
[2019-09-05 10:29:12,601: INFO/MainProcess] Received task: continuous_worker.check_diff_delayed[85093d8f-a899-491f-acec-a1efccb1e251]  
[2019-09-05 10:29:12,601: WARNING/ForkPoolWorker-3] /FILE FROM\ == /Users/xxx/Projects/tracker_rework/tracker/workers/continuous/continuous_worker.py
[2019-09-05 10:29:12,601: WARNING/ForkPoolWorker-3] -> Fetching local content from : /Users/xxx/Projects/tracker_rework/data/light_sbb_exane/www.axa.com/website_content/en/investor/regulated-information-share-repurchase
[2019-09-05 10:29:12,602: WARNING/ForkPoolWorker-3] -> Fetching remote content from : https://www.axa.com/en/investor/regulated-information-share-repurchase
[2019-09-05 10:29:12,637: INFO/MainProcess] Received task: continuous_worker.check_diff_delayed[461a02e8-aa33-4675-bf30-f83fc7d2dad7]  
[2019-09-05 10:29:12,699: WARNING/ForkPoolWorker-11] [200] https://www.grifols.com/en/press-releases
[2019-09-05 10:29:12,878: WARNING/ForkPoolWorker-10] -> cleaning HTML content ....
[2019-09-05 10:29:12,889: WARNING/ForkPoolWorker-10] RESPONSE => b'false'
[2019-09-05 10:29:12,889: WARNING/ForkPoolWorker-10] RESPONSE 2 = b'false'
[2019-09-05 10:29:12,890: WARNING/ForkPoolWorker-12] [200] http://www.carrefour.com/content/financial-information
[2019-09-05 10:29:12,890: WARNING/ForkPoolWorker-10] ENTER CHECK SBB : http://www.icade.fr/en/activities/commercial-property-investment
[2019-09-05 10:29:12,927: WARNING/ForkPoolWorker-3] [200] https://www.axa.com/en/investor/regulated-information-share-repurchase
[2019-09-05 10:29:12,976: WARNING/ForkPoolWorker-4] [200] http://corporate.ferrari.com/en/investors/stock-and-shareholder-corner/buyback-programs
[2019-09-05 10:29:12,999: WARNING/ForkPoolWorker-12] -> cleaning HTML content ....
[2019-09-05 10:29:13,000: WARNING/ForkPoolWorker-12] -> cleaning HTML content ....
[2019-09-05 10:29:13,001: WARNING/ForkPoolWorker-12] ******* len status all linsk pos 1: 0
[2019-09-05 10:29:13,002: WARNING/ForkPoolWorker-12] -------------------------------———
[2019-09-05 10:29:13,002: WARNING/ForkPoolWorker-12] Excluded links are :
[2019-09-05 10:29:13,002: WARNING/ForkPoolWorker-12] -------------------------------———
[2019-09-05 10:29:13,003: WARNING/ForkPoolWorker-12] (http://www.carrefour.com) DIFF POS:
[]
[2019-09-05 10:29:13,003: WARNING/ForkPoolWorker-12] (http://www.carrefour.com) DIFF NEG :
[]
[2019-09-05 10:29:13,004: WARNING/ForkPoolWorker-12] ***** Content is SIMILAR *****
[2019-09-05 10:29:13,005: INFO/ForkPoolWorker-12] Task continuous_worker.check_diff_delayed[e9d209be-0573-4569-aa5e-d2fa340f451f] succeeded in 3.8605065010015096s: {'current': 100, 'total': 100, 'status': {'url': 'http://www.carrefour.com/content/financial-information', 'div': 'www.carrefour.com', 'diff_neg': [], 'diff_pos': [], 'nearest_link_pos': [], 'nearest_link_neg': [], 'all_links_pos': [], 'all_links_neg': [], 'diff_nb': 0}, 'result': 0}
[2019-09-05 10:29:13,007: WARNING/ForkPoolWorker-12] /FILE FROM\ == /Users/xxx/Projects/tracker_rework/tracker/workers/continuous/continuous_worker.py
[2019-09-05 10:29:13,007: WARNING/ForkPoolWorker-12] -> Fetching local content from : /Users/xxx/Projects/tracker_rework/data/light_sbb_exane/www.signify.com/website_content/global/our-company/investors/shareholder-info/share-repurchases
[2019-09-05 10:29:13,008: WARNING/ForkPoolWorker-12] -> Fetching remote content from : https://www.signify.com/global/our-company/investors/shareholder-info/share-repurchases
[2019-09-05 10:29:13,059: WARNING/ForkPoolWorker-10] //////////// https://www.icade.fr/en/activities/commercial-property-investment has been redirected to : http://www.icade.fr/en/activities/commercial-property-investment //////////
[2019-09-05 10:29:13,060: WARNING/ForkPoolWorker-10] URL = https://www.icade.fr/en/activities/commercial-property-investment (detected NON pdf)
[2019-09-05 10:29:13,070: WARNING/ForkPoolWorker-3] -> cleaning HTML content ....
[2019-09-05 10:29:13,071: WARNING/ForkPoolWorker-3] -> cleaning HTML content ....
[2019-09-05 10:29:13,072: WARNING/ForkPoolWorker-3] ******* len status all linsk pos 1: 0
[2019-09-05 10:29:13,072: WARNING/ForkPoolWorker-3] -------------------------------———
[2019-09-05 10:29:13,073: WARNING/ForkPoolWorker-3] Excluded links are :
[2019-09-05 10:29:13,073: WARNING/ForkPoolWorker-3] -------------------------------———
[2019-09-05 10:29:13,074: WARNING/ForkPoolWorker-3] (https://www.axa.com) DIFF POS:
[]
[2019-09-05 10:29:13,074: WARNING/ForkPoolWorker-3] (https://www.axa.com) DIFF NEG :
[]
[2019-09-05 10:29:13,075: WARNING/ForkPoolWorker-3] ***** Content is SIMILAR *****
[2019-09-05 10:29:13,077: WARNING/ForkPoolWorker-12] [200] https://www.signify.com/global/our-company/investors/shareholder-info/share-repurchases
[2019-09-05 10:29:13,077: INFO/ForkPoolWorker-3] Task continuous_worker.check_diff_delayed[81e4861d-fad6-4ded-b9da-363be551f74b] succeeded in 0.47646511099810596s: {'current': 100, 'total': 100, 'status': {'url': 'https://www.axa.com/en/investor/regulated-information-share-repurchase', 'div': 'www.axa.com', 'diff_neg': [], 'diff_pos': [], 'nearest_link_pos': [], 'nearest_link_neg': [], 'all_links_pos': [], 'all_links_neg': [], 'diff_nb': 0}, 'result': 0}
[2019-09-05 10:29:13,080: INFO/MainProcess] Received task: continuous_worker.check_diff_delayed[fd5dafa6-318a-4579-895d-2671c5f3a30d]  
[2019-09-05 10:29:13,080: WARNING/ForkPoolWorker-3] /FILE FROM\ == /Users/xxx/Projects/tracker_rework/tracker/workers/continuous/continuous_worker.py
[2019-09-05 10:29:13,081: WARNING/ForkPoolWorker-3] -> Fetching local content from : /Users/xxx/Projects/tracker_rework/data/light_sbb_exane/www.aldautomotive.com/website_content/investors/information-and-publications/regulated-information
[2019-09-05 10:29:13,081: WARNING/ForkPoolWorker-3] -> Fetching remote content from : https://www.aldautomotive.com/investors/information-and-publications/regulated-information
[2019-09-05 10:29:13,120: WARNING/ForkPoolWorker-10] -> cleaning HTML content ....
[2019-09-05 10:29:13,136: WARNING/ForkPoolWorker-10] RESPONSE => b'false'
[2019-09-05 10:29:13,137: WARNING/ForkPoolWorker-10] RESPONSE 2 = b'false'
[2019-09-05 10:29:13,137: WARNING/ForkPoolWorker-10] ENTER CHECK SBB : http://www.icade.fr/en/group/ambition
[2019-09-05 10:29:13,203: WARNING/ForkPoolWorker-4] -> cleaning HTML content ....
[2019-09-05 10:29:13,205: WARNING/ForkPoolWorker-4] -> cleaning HTML content ....
[2019-09-05 10:29:13,206: WARNING/ForkPoolWorker-4] ******* len status all linsk pos 1: 0
[2019-09-05 10:29:13,206: WARNING/ForkPoolWorker-4] -------------------------------———
[2019-09-05 10:29:13,207: WARNING/ForkPoolWorker-4] Excluded links are :
[2019-09-05 10:29:13,207: WARNING/ForkPoolWorker-4] -------------------------------———
[2019-09-05 10:29:13,208: WARNING/ForkPoolWorker-4] (http://corporate.ferrari.com) DIFF POS:
[]
[2019-09-05 10:29:13,208: WARNING/ForkPoolWorker-4] (http://corporate.ferrari.com) DIFF NEG :
[]
[2019-09-05 10:29:13,208: WARNING/ForkPoolWorker-4] ***** Content is SIMILAR *****
[2019-09-05 10:29:13,211: INFO/ForkPoolWorker-4] Task continuous_worker.check_diff_delayed[9b3ae845-c724-43f7-a4fd-2b91a0498f22] succeeded in 0.7674833559976832s: {'current': 100, 'total': 100, 'status': {'url': 'http://corporate.ferrari.com/en/investors/stock-and-shareholder-corner/buyback-programs', 'div': 'corporate.ferrari.com', 'diff_neg': [], 'diff_pos': [], 'nearest_link_pos': [], 'nearest_link_neg': [], 'all_links_pos': [], 'all_links_neg': [], 'diff_nb': 0}, 'result': 0}
[2019-09-05 10:29:13,213: INFO/MainProcess] Received task: continuous_worker.check_diff_delayed[866d4810-4919-4c9e-87cf-342964548de9]  
[2019-09-05 10:29:13,214: WARNING/ForkPoolWorker-4] /FILE FROM\ == /Users/xxx/Projects/tracker_rework/tracker/workers/continuous/continuous_worker.py
[2019-09-05 10:29:13,214: WARNING/ForkPoolWorker-4] -> Fetching local content from : /Users/xxx/Projects/tracker_rework/data/light_sbb_exane/www.nextplc.co.uk/website_content/investors/regulatory-news-and-alerts
[2019-09-05 10:29:13,214: WARNING/ForkPoolWorker-4] -> Fetching remote content from : https://www.nextplc.co.uk/investors/regulatory-news-and-alerts
[2019-09-05 10:29:13,223: WARNING/ForkPoolWorker-11] -> cleaning HTML content ....
[2019-09-05 10:29:13,230: WARNING/ForkPoolWorker-11] -> cleaning HTML content ....
[2019-09-05 10:29:13,236: WARNING/ForkPoolWorker-11] ******* len status all linsk pos 1: 0
[2019-09-05 10:29:13,237: WARNING/ForkPoolWorker-11] -------------------------------———
[2019-09-05 10:29:13,238: WARNING/ForkPoolWorker-11] Excluded links are :
[2019-09-05 10:29:13,238: WARNING/ForkPoolWorker-11] -------------------------------———
[2019-09-05 10:29:13,239: WARNING/ForkPoolWorker-11] (https://www.grifols.com) DIFF POS:
[]
[2019-09-05 10:29:13,239: WARNING/ForkPoolWorker-11] (https://www.grifols.com) DIFF NEG :
[]
[2019-09-05 10:29:13,240: WARNING/ForkPoolWorker-11] ***** Content is SIMILAR *****
[2019-09-05 10:29:13,242: INFO/ForkPoolWorker-11] Task continuous_worker.check_diff_delayed[a447cb37-41b4-483e-85bf-6fe930ed3f0f] succeeded in 1.0263515340011509s: {'current': 100, 'total': 100, 'status': {'url': 'https://www.grifols.com/en/press-releases', 'div': 'www.grifols.com', 'diff_neg': [], 'diff_pos': [], 'nearest_link_pos': [], 'nearest_link_neg': [], 'all_links_pos': [], 'all_links_neg': [], 'diff_nb': 0}, 'result': 0}
[2019-09-05 10:29:13,245: INFO/MainProcess] Received task: continuous_worker.check_diff_delayed[2cc8650c-503f-4989-8cb3-65a09498f224]  
[2019-09-05 10:29:13,245: WARNING/ForkPoolWorker-11] /FILE FROM\ == /Users/xxx/Projects/tracker_rework/tracker/workers/continuous/continuous_worker.py
[2019-09-05 10:29:13,246: WARNING/ForkPoolWorker-11] -> Fetching local content from : /Users/xxx/Projects/tracker_rework/data/light_sbb_exane/www.telefonica.com/website_content/en/web/shareholders-investors/hechos_relevantes_registro_cnmv/2019
[2019-09-05 10:29:13,246: WARNING/ForkPoolWorker-11] -> Fetching remote content from : https://www.telefonica.com/en/web/shareholders-investors/hechos_relevantes_registro_cnmv/2019
[2019-09-05 10:29:13,258: WARNING/ForkPoolWorker-10] //////////// https://www.icade.fr/en/group/ambition has been redirected to : http://www.icade.fr/en/group/ambition //////////
[2019-09-05 10:29:13,258: WARNING/ForkPoolWorker-10] URL = https://www.icade.fr/en/group/ambition (detected NON pdf)
[2019-09-05 10:29:13,274: WARNING/ForkPoolWorker-3] [200] https://www.aldautomotive.com/investors/information-and-publications/regulated-information
[2019-09-05 10:29:13,285: INFO/MainProcess] Received task: continuous_worker.check_diff_delayed[dca9dc24-f38c-4c4d-80ca-ab253625e18f]  
[2019-09-05 10:29:13,285: WARNING/ForkPoolWorker-10] -> cleaning HTML content ....
[2019-09-05 10:29:13,294: WARNING/ForkPoolWorker-12] -> cleaning HTML content ....
[2019-09-05 10:29:13,297: WARNING/ForkPoolWorker-10] RESPONSE => b'false'
[2019-09-05 10:29:13,297: WARNING/ForkPoolWorker-12] -> cleaning HTML content ....
[2019-09-05 10:29:13,297: WARNING/ForkPoolWorker-10] RESPONSE 2 = b'false'
[2019-09-05 10:29:13,298: WARNING/ForkPoolWorker-10] ENTER CHECK SBB : http://www.icade.fr/en/group/history
[2019-09-05 10:29:13,300: WARNING/ForkPoolWorker-12] ******* len status all linsk pos 1: 0
[2019-09-05 10:29:13,300: WARNING/ForkPoolWorker-12] -------------------------------———
[2019-09-05 10:29:13,300: WARNING/ForkPoolWorker-12] Excluded links are :
[2019-09-05 10:29:13,301: WARNING/ForkPoolWorker-12] -------------------------------———
[2019-09-05 10:29:13,302: WARNING/ForkPoolWorker-12] (https://www.signify.com) DIFF POS:
[]
[2019-09-05 10:29:13,302: WARNING/ForkPoolWorker-12] (https://www.signify.com) DIFF NEG :
[]
[2019-09-05 10:29:13,302: WARNING/ForkPoolWorker-12] ***** Content is SIMILAR *****
[2019-09-05 10:29:13,304: INFO/ForkPoolWorker-12] Task continuous_worker.check_diff_delayed[e85495a4-651d-4969-9f4e-e29ae8ae0b9f] succeeded in 0.2971776369995496s: {'current': 100, 'total': 100, 'status': {'url': 'https://www.signify.com/global/our-company/investors/shareholder-info/share-repurchases', 'div': 'www.signify.com', 'diff_neg': [], 'diff_pos': [], 'nearest_link_pos': [], 'nearest_link_neg': [], 'all_links_pos': [], 'all_links_neg': [], 'diff_nb': 0}, 'result': 0}
[2019-09-05 10:29:13,305: WARNING/ForkPoolWorker-12] /FILE FROM\ == /Users/xxx/Projects/tracker_rework/tracker/workers/continuous/continuous_worker.py
[2019-09-05 10:29:13,305: WARNING/ForkPoolWorker-12] -> Fetching local content from : /Users/xxx/Projects/tracker_rework/data/light_sbb_exane/www.btplc.com/website_content/Sharesandperformance/Financialreportingandnews/News/Stockexchangeannouncements/index.htm
[2019-09-05 10:29:13,306: WARNING/ForkPoolWorker-12] -> Fetching remote content from : https://www.btplc.com/Sharesandperformance/Financialreportingandnews/News/Stockexchangeannouncements/index.htm
[2019-09-05 10:29:13,407: WARNING/ForkPoolWorker-10] //////////// https://www.icade.fr/en/group/history has been redirected to : http://www.icade.fr/en/group/history //////////
[2019-09-05 10:29:13,407: WARNING/ForkPoolWorker-10] URL = https://www.icade.fr/en/group/history (detected NON pdf)
[2019-09-05 10:29:13,417: WARNING/ForkPoolWorker-13] [200] https://www.evraz.com/en/investors/regulatory-news
[2019-09-05 10:29:13,432: WARNING/ForkPoolWorker-3] -> cleaning HTML content ....
[2019-09-05 10:29:13,434: WARNING/ForkPoolWorker-3] -> cleaning HTML content ....
[2019-09-05 10:29:13,435: WARNING/ForkPoolWorker-3] ******* len status all linsk pos 1: 0
[2019-09-05 10:29:13,436: WARNING/ForkPoolWorker-3] -------------------------------———
[2019-09-05 10:29:13,436: WARNING/ForkPoolWorker-3] Excluded links are :
[2019-09-05 10:29:13,436: WARNING/ForkPoolWorker-3] -------------------------------———
[2019-09-05 10:29:13,437: WARNING/ForkPoolWorker-3] (https://www.aldautomotive.com) DIFF POS:
[]
[2019-09-05 10:29:13,438: WARNING/ForkPoolWorker-3] (https://www.aldautomotive.com) DIFF NEG :
[]
[2019-09-05 10:29:13,438: WARNING/ForkPoolWorker-3] ***** Content is SIMILAR *****
[2019-09-05 10:29:13,439: INFO/ForkPoolWorker-3] Task continuous_worker.check_diff_delayed[94694a42-aaa1-4e0d-bbec-b48022b28ea2] succeeded in 0.35931652799990843s: {'current': 100, 'total': 100, 'status': {'url': 'https://www.aldautomotive.com/investors/information-and-publications/regulated-information', 'div': 'www.aldautomotive.com', 'diff_neg': [], 'diff_pos': [], 'nearest_link_pos': [], 'nearest_link_neg': [], 'all_links_pos': [], 'all_links_neg': [], 'diff_nb': 0}, 'result': 0}
[2019-09-05 10:29:13,441: WARNING/ForkPoolWorker-10] -> cleaning HTML content ....
[2019-09-05 10:29:13,441: INFO/MainProcess] Received task: continuous_worker.check_diff_delayed[657d3b60-bdd9-43a2-a302-a49b5122092a]  
[2019-09-05 10:29:13,442: WARNING/ForkPoolWorker-3] /FILE FROM\ == /Users/xxx/Projects/tracker_rework/tracker/workers/continuous/continuous_worker.py
[2019-09-05 10:29:13,442: WARNING/ForkPoolWorker-3] -> Fetching local content from : /Users/xxx/Projects/tracker_rework/data/light_sbb_exane/www.safran-group.com/website_content/finance/regulated-information-0/Regulated%20Information
[2019-09-05 10:29:13,443: WARNING/ForkPoolWorker-3] -> Fetching remote content from : https://www.safran-group.com/finance/regulated-information-0/Regulated%20Information
[2019-09-05 10:29:13,452: WARNING/ForkPoolWorker-4] [200] https://www.nextplc.co.uk/investors/regulatory-news-and-alerts
[2019-09-05 10:29:13,454: WARNING/ForkPoolWorker-10] RESPONSE => b'false'
[2019-09-05 10:29:13,455: WARNING/ForkPoolWorker-10] RESPONSE 2 = b'false'
[2019-09-05 10:29:13,456: WARNING/ForkPoolWorker-10] ENTER CHECK SBB : http://www.icade.fr/en/finance/regulated-information/icade-s-project-chosen-to-reconfigure-the-unapei-site-in-marseille
[2019-09-05 10:29:13,488: WARNING/ForkPoolWorker-12] [200] https://www.btplc.com/Sharesandperformance/Financialreportingandnews/News/Stockexchangeannouncements/index.htm
[2019-09-05 10:29:13,498: WARNING/ForkPoolWorker-4] -> cleaning HTML content ....
[2019-09-05 10:29:13,498: WARNING/ForkPoolWorker-4] -> cleaning HTML content ....
[2019-09-05 10:29:13,499: WARNING/ForkPoolWorker-4] ******* len status all linsk pos 1: 0
[2019-09-05 10:29:13,499: WARNING/ForkPoolWorker-4] -------------------------------———
[2019-09-05 10:29:13,499: WARNING/ForkPoolWorker-4] Excluded links are :
[2019-09-05 10:29:13,500: WARNING/ForkPoolWorker-4] -------------------------------———
[2019-09-05 10:29:13,501: WARNING/ForkPoolWorker-4] (https://www.nextplc.co.uk) DIFF POS:
[]
[2019-09-05 10:29:13,501: WARNING/ForkPoolWorker-4] (https://www.nextplc.co.uk) DIFF NEG :
[]
[2019-09-05 10:29:13,502: WARNING/ForkPoolWorker-4] ***** Content is SIMILAR *****
[2019-09-05 10:29:13,505: INFO/ForkPoolWorker-4] Task continuous_worker.check_diff_delayed[3edb8f65-3ae8-47f3-8eac-dc195b71ce51] succeeded in 0.29103357199710445s: {'current': 100, 'total': 100, 'status': {'url': 'https://www.nextplc.co.uk/investors/regulatory-news-and-alerts', 'div': 'www.nextplc.co.uk', 'diff_neg': [], 'diff_pos': [], 'nearest_link_pos': [], 'nearest_link_neg': [], 'all_links_pos': [], 'all_links_neg': [], 'diff_nb': 0}, 'result': 0}
[2019-09-05 10:29:13,507: INFO/MainProcess] Received task: continuous_worker.check_diff_delayed[e8d97e1b-bf8f-4d97-884e-a4b9a8f19297]  
[2019-09-05 10:29:13,508: WARNING/ForkPoolWorker-4] /FILE FROM\ == /Users/xxx/Projects/tracker_rework/tracker/workers/continuous/continuous_worker.py
[2019-09-05 10:29:13,508: WARNING/ForkPoolWorker-4] -> Fetching local content from : /Users/xxx/Projects/tracker_rework/data/light_sbb_exane/www.freseniusmedicalcare.com/website_content/en/investors/news-publications/ad-hoc-news/unknown___
[2019-09-05 10:29:13,509: WARNING/ForkPoolWorker-4] -> Fetching remote content from : https://www.freseniusmedicalcare.com/en/investors/news-publications/ad-hoc-news/
[2019-09-05 10:29:13,521: WARNING/ForkPoolWorker-3] [200] https://www.safran-group.com/finance/regulated-information-0/Regulated%20Information
[2019-09-05 10:29:13,529: WARNING/ForkPoolWorker-12] -> cleaning HTML content ....
[2019-09-05 10:29:13,529: WARNING/ForkPoolWorker-12] -> cleaning HTML content ....
[2019-09-05 10:29:13,530: WARNING/ForkPoolWorker-12] ******* len status all linsk pos 1: 0
[2019-09-05 10:29:13,530: WARNING/ForkPoolWorker-12] -------------------------------———
[2019-09-05 10:29:13,530: WARNING/ForkPoolWorker-12] Excluded links are :
[2019-09-05 10:29:13,530: WARNING/ForkPoolWorker-12] -------------------------------———
[2019-09-05 10:29:13,531: WARNING/ForkPoolWorker-12] (https://www.btplc.com) DIFF POS:
[]
[2019-09-05 10:29:13,532: WARNING/ForkPoolWorker-12] (https://www.btplc.com) DIFF NEG :
[]
[2019-09-05 10:29:13,532: WARNING/ForkPoolWorker-12] ***** Content is SIMILAR *****
[2019-09-05 10:29:13,534: INFO/ForkPoolWorker-12] Task continuous_worker.check_diff_delayed[f19b7937-3fea-415a-971f-a861b7d94832] succeeded in 0.22882922599819722s: {'current': 100, 'total': 100, 'status': {'url': 'https://www.btplc.com/Sharesandperformance/Financialreportingandnews/News/Stockexchangeannouncements/index.htm', 'div': 'www.btplc.com', 'diff_neg': [], 'diff_pos': [], 'nearest_link_pos': [], 'nearest_link_neg': [], 'all_links_pos': [], 'all_links_neg': [], 'diff_nb': 0}, 'result': 0}
[2019-09-05 10:29:13,535: INFO/MainProcess] Received task: continuous_worker.check_diff_delayed[b64ec5a7-3728-4204-a7a8-17ddc3f8a763]  
[2019-09-05 10:29:13,536: WARNING/ForkPoolWorker-12] /FILE FROM\ == /Users/xxx/Projects/tracker_rework/tracker/workers/continuous/continuous_worker.py
[2019-09-05 10:29:13,536: WARNING/ForkPoolWorker-12] -> Fetching local content from : /Users/xxx/Projects/tracker_rework/data/light_sbb_exane/www.vinci.com/website_content/vinci.nsf/en/finance-stock-market-shareholders-transactions/pages/index.htm
[2019-09-05 10:29:13,536: WARNING/ForkPoolWorker-12] -> Fetching remote content from : https://www.vinci.com/vinci.nsf/en/finance-stock-market-shareholders-transactions/pages/index.htm
[2019-09-05 10:29:13,549: WARNING/ForkPoolWorker-13] -> cleaning HTML content ....
[2019-09-05 10:29:13,549: WARNING/ForkPoolWorker-13] -> cleaning HTML content ....
[2019-09-05 10:29:13,550: WARNING/ForkPoolWorker-13] ******* len status all linsk pos 1: 0
[2019-09-05 10:29:13,550: WARNING/ForkPoolWorker-13] -------------------------------———
[2019-09-05 10:29:13,550: WARNING/ForkPoolWorker-13] Excluded links are :
[2019-09-05 10:29:13,551: WARNING/ForkPoolWorker-13] -------------------------------———
[2019-09-05 10:29:13,552: WARNING/ForkPoolWorker-13] (https://www.evraz.com) DIFF POS:
[]
[2019-09-05 10:29:13,552: WARNING/ForkPoolWorker-13] (https://www.evraz.com) DIFF NEG :
[]
[2019-09-05 10:29:13,552: WARNING/ForkPoolWorker-13] ***** Content is SIMILAR *****
[2019-09-05 10:29:13,554: INFO/ForkPoolWorker-13] Task continuous_worker.check_diff_delayed[ddb5be85-fef2-4260-b490-4ae3215b69d6] succeeded in 1.148588922998897s: {'current': 100, 'total': 100, 'status': {'url': 'https://www.evraz.com/en/investors/regulatory-news', 'div': 'www.evraz.com', 'diff_neg': [], 'diff_pos': [], 'nearest_link_pos': [], 'nearest_link_neg': [], 'all_links_pos': [], 'all_links_neg': [], 'diff_nb': 0}, 'result': 0}
[2019-09-05 10:29:13,556: INFO/MainProcess] Received task: continuous_worker.check_diff_delayed[f04eb6a2-f487-4dce-8bbc-1f56e9fbae9c]  
[2019-09-05 10:29:13,556: WARNING/ForkPoolWorker-13] /FILE FROM\ == /Users/xxx/Projects/tracker_rework/tracker/workers/continuous/continuous_worker.py
[2019-09-05 10:29:13,556: WARNING/ForkPoolWorker-13] -> Fetching local content from : /Users/xxx/Projects/tracker_rework/data/light_sbb_exane/www.sjp.co.uk/website_content/shareholders/regulatory-news
[2019-09-05 10:29:13,557: WARNING/ForkPoolWorker-13] -> Fetching remote content from : https://www.sjp.co.uk/shareholders/regulatory-news
[2019-09-05 10:29:13,582: WARNING/ForkPoolWorker-10] //////////// https://www.icade.fr/en/finance/regulated-information/icade-s-project-chosen-to-reconfigure-the-unapei-site-in-marseille has been redirected to : http://www.icade.fr/en/finance/regulated-information/icade-s-project-chosen-to-reconfigure-the-unapei-site-in-marseille //////////
[2019-09-05 10:29:13,582: WARNING/ForkPoolWorker-10] URL = https://www.icade.fr/en/finance/regulated-information/icade-s-project-chosen-to-reconfigure-the-unapei-site-in-marseille (detected NON pdf)
[2019-09-05 10:29:13,607: WARNING/ForkPoolWorker-10] -> cleaning HTML content ....
[2019-09-05 10:29:13,617: WARNING/ForkPoolWorker-10] RESPONSE => b'false'
[2019-09-05 10:29:13,617: WARNING/ForkPoolWorker-10] RESPONSE 2 = b'false'
[2019-09-05 10:29:13,618: WARNING/ForkPoolWorker-10] ENTER CHECK SBB : http://www.icade.fr/en/content/download/2286/35998
[2019-09-05 10:29:13,817: WARNING/ForkPoolWorker-13] [200] https://www.sjp.co.uk/shareholders/regulatory-news
[2019-09-05 10:29:13,832: WARNING/ForkPoolWorker-10] //////////// https://www.icade.fr/en/content/download/2286/file/CP%20UNAPEI%20VUK.PDF has been redirected to : http://www.icade.fr/en/content/download/2286/35998 //////////
[2019-09-05 10:29:13,898: WARNING/ForkPoolWorker-13] -> cleaning HTML content ....
[2019-09-05 10:29:13,899: WARNING/ForkPoolWorker-13] -> cleaning HTML content ....
[2019-09-05 10:29:13,900: WARNING/ForkPoolWorker-13] ******* len status all linsk pos 1: 0
[2019-09-05 10:29:13,900: WARNING/ForkPoolWorker-13] -------------------------------———
[2019-09-05 10:29:13,900: WARNING/ForkPoolWorker-13] Excluded links are :
[2019-09-05 10:29:13,901: WARNING/ForkPoolWorker-13] -------------------------------———
[2019-09-05 10:29:13,901: WARNING/ForkPoolWorker-13] (https://www.sjp.co.uk) DIFF POS:
[]
[2019-09-05 10:29:13,902: WARNING/ForkPoolWorker-13] (https://www.sjp.co.uk) DIFF NEG :
[]
[2019-09-05 10:29:13,902: WARNING/ForkPoolWorker-13] ***** Content is SIMILAR *****
[2019-09-05 10:29:13,905: INFO/ForkPoolWorker-13] Task continuous_worker.check_diff_delayed[3b417ab9-6a28-4302-8420-861a980dc82c] succeeded in 0.3487200589988788s: {'current': 100, 'total': 100, 'status': {'url': 'https://www.sjp.co.uk/shareholders/regulatory-news', 'div': 'www.sjp.co.uk', 'diff_neg': [], 'diff_pos': [], 'nearest_link_pos': [], 'nearest_link_neg': [], 'all_links_pos': [], 'all_links_neg': [], 'diff_nb': 0}, 'result': 0}
[2019-09-05 10:29:13,907: INFO/MainProcess] Received task: continuous_worker.check_diff_delayed[3c4dce9d-dd13-47ef-abaf-2c7b5479d057]  
[2019-09-05 10:29:13,907: WARNING/ForkPoolWorker-13] /FILE FROM\ == /Users/xxx/Projects/tracker_rework/tracker/workers/continuous/continuous_worker.py
[2019-09-05 10:29:13,908: WARNING/ForkPoolWorker-13] -> Fetching local content from : /Users/xxx/Projects/tracker_rework/data/light_sbb_exane/www.inditex.com/website_content/news-releases
[2019-09-05 10:29:13,908: WARNING/ForkPoolWorker-13] -> Fetching remote content from : https://www.inditex.com/news-releases
[2019-09-05 10:29:13,935: WARNING/ForkPoolWorker-12] [200] https://www.vinci.com/vinci.nsf/en/finance-stock-market-shareholders-transactions/pages/index.htm
[2019-09-05 10:29:13,963: WARNING/ForkPoolWorker-3] -> cleaning HTML content ....
[2019-09-05 10:29:13,971: WARNING/ForkPoolWorker-3] -> cleaning HTML content ....
[2019-09-05 10:29:13,990: WARNING/ForkPoolWorker-11] [200] https://www.telefonica.com/en/web/shareholders-investors/hechos_relevantes_registro_cnmv/2019
[2019-09-05 10:29:13,992: WARNING/ForkPoolWorker-3] diff all links neg = ['/media/zahira-bouaouda-appointed-president-matis-aerospace-20190808', '#collapse-86669', '#collapse-38968', '#collapse-89553', '#collapse-78904', 'https://www.safran-group.com/media/safran-announces-adjustment-conversion-ratio-its-bonds-convertible-and/or-exchangeable-new-and/or-existing-shares-safran-due-21-june-2023-20190529', 'https://www.safran-group.com/video/13084', '#collapse-13895', '#collapse-40367', '#collapse-80150', '#collapse-73326', '#collapse-56298', '#collapse-8147', '#collapse-27588', '#collapse-43953', '#collapse-22454', '#collapse-85854']
[2019-09-05 10:29:14,001: WARNING/ForkPoolWorker-10] -> cleaning pdf content ...
[2019-09-05 10:29:14,003: WARNING/ForkPoolWorker-3] diff all links pos = ['https://www.safran-group.com/sites/group/files/amf_-_tableau_de_declaration_a_j7_des_operations_de_rachat_09.08.2019.pdf', 'https://www.safran-group.com/sites/group/files/amf_-_tableau_de_declaration_a_j7_des_operations_de_rachat_02.08.2019.pdf', '#collapse-98345', '#collapse-47378', '#collapse-55285', '#collapse-89468', '#collapse-26616', '#collapse-49259', 'https://www.safran-group.com/sites/group/files/amf_-_tableau_de_declaration_a_j7_des_operations_de_rachat_15.08.2019.pdf', '#collapse-92414', '#collapse-30754', '#collapse-9373', 'https://www.safran-group.com/media/safran-reports-very-strong-performance-first-half-2019-fy-2019-outlook-substantially-upgraded-20190905', '/media/safran-reports-very-strong-performance-first-half-2019-fy-2019-outlook-substantially-upgraded-20190905', '#collapse-74599', '#collapse-31640', '#collapse-37969', 'https://www.safran-group.com/sites/group/files/declaration_mensuelle_juillet_2019.pdf', '#collapse-36195', '#collapse-82322', 'https://www.safran-group.com/sites/group/files/amf_-_tableau_de_declaration_a_j7_des_operations_de_rachat_26.07.2019.pdf', 'https://www.safran-group.com/sites/group/files/statement_about_shares_july_2019.pdf']
[2019-09-05 10:29:14,004: WARNING/ForkPoolWorker-3] ******* len status all linsk pos 1: 0
[2019-09-05 10:29:14,004: WARNING/ForkPoolWorker-3] -------------------------------———
[2019-09-05 10:29:14,004: WARNING/ForkPoolWorker-3] Excluded links are :
[2019-09-05 10:29:14,005: WARNING/ForkPoolWorker-3] -------------------------------———
[2019-09-05 10:29:14,006: WARNING/ForkPoolWorker-3] (https://www.safran-group.com) DIFF POS:
[]
[2019-09-05 10:29:14,006: WARNING/ForkPoolWorker-3] (https://www.safran-group.com) DIFF NEG :
[]
[2019-09-05 10:29:14,007: WARNING/ForkPoolWorker-3] ***** Content is SIMILAR *****
[2019-09-05 10:29:14,008: INFO/ForkPoolWorker-3] Task continuous_worker.check_diff_delayed[ee24b621-25a0-4249-9027-8adbb99ab55e] succeeded in 0.5663668230008625s: {'current': 100, 'total': 100, 'status': {'url': 'https://www.safran-group.com/finance/regulated-information-0/Regulated%20Information', 'div': 'www.safran-group.com', 'diff_neg': [], 'diff_pos': [], 'nearest_link_pos': [], 'nearest_link_neg': [], 'all_links_pos': [], 'all_links_neg': [], 'diff_nb': 0}, 'result': 0}
[2019-09-05 10:29:14,010: INFO/MainProcess] Received task: continuous_worker.check_diff_delayed[ac9f423f-b7ba-477a-b1ce-232544a652cc]  
[2019-09-05 10:29:14,010: WARNING/ForkPoolWorker-3] /FILE FROM\ == /Users/xxx/Projects/tracker_rework/tracker/workers/continuous/continuous_worker.py
[2019-09-05 10:29:14,011: WARNING/ForkPoolWorker-3] -> Fetching local content from : /Users/xxx/Projects/tracker_rework/data/light_sbb_exane/www.sanofi.com/website_content/en/investors/sanofi-share-and-adrs/share-overview/share-repurchases/unknown___
[2019-09-05 10:29:14,011: WARNING/ForkPoolWorker-3] -> Fetching remote content from : https://www.sanofi.com/en/investors/sanofi-share-and-adrs/share-overview/share-repurchases/
[2019-09-05 10:29:14,024: WARNING/ForkPoolWorker-10] RESPONSE => b'false'
[2019-09-05 10:29:14,024: WARNING/ForkPoolWorker-10] RESPONSE 1 = b'false'
[2019-09-05 10:29:14,025: WARNING/ForkPoolWorker-10] ENTER CHECK SBB : http://www.icade.fr/en/content/download/1055/36040
[2019-09-05 10:29:14,178: WARNING/ForkPoolWorker-12] -> cleaning HTML content ....
[2019-09-05 10:29:14,181: WARNING/ForkPoolWorker-12] -> cleaning HTML content ....
[2019-09-05 10:29:14,186: WARNING/ForkPoolWorker-12] ******* len status all linsk pos 1: 0
[2019-09-05 10:29:14,186: WARNING/ForkPoolWorker-12] -------------------------------———
[2019-09-05 10:29:14,186: WARNING/ForkPoolWorker-12] Excluded links are :
[2019-09-05 10:29:14,187: WARNING/ForkPoolWorker-12] -------------------------------———
[2019-09-05 10:29:14,188: WARNING/ForkPoolWorker-12] (https://www.vinci.com) DIFF POS:
[]
[2019-09-05 10:29:14,188: WARNING/ForkPoolWorker-12] (https://www.vinci.com) DIFF NEG :
[]
[2019-09-05 10:29:14,189: WARNING/ForkPoolWorker-12] ***** Content is SIMILAR *****
[2019-09-05 10:29:14,191: INFO/ForkPoolWorker-12] Task continuous_worker.check_diff_delayed[c2c92b58-2530-4f8e-a768-43a446f8ac19] succeeded in 0.6549429880033131s: {'current': 100, 'total': 100, 'status': {'url': 'https://www.vinci.com/vinci.nsf/en/finance-stock-market-shareholders-transactions/pages/index.htm', 'div': 'www.vinci.com', 'diff_neg': [], 'diff_pos': [], 'nearest_link_pos': [], 'nearest_link_neg': [], 'all_links_pos': [], 'all_links_neg': [], 'diff_nb': 0}, 'result': 0}
[2019-09-05 10:29:14,192: INFO/MainProcess] Received task: continuous_worker.check_diff_delayed[70c648ef-f443-403c-a626-99cd69e1313a]  
[2019-09-05 10:29:14,193: WARNING/ForkPoolWorker-12] /FILE FROM\ == /Users/xxx/Projects/tracker_rework/tracker/workers/continuous/continuous_worker.py
[2019-09-05 10:29:14,193: WARNING/ForkPoolWorker-12] -> Fetching local content from : /Users/xxx/Projects/tracker_rework/data/light_sbb_exane/www.henkel.com/website_content/investors-and-analysts/shares/share-buy-back
[2019-09-05 10:29:14,193: WARNING/ForkPoolWorker-12] -> Fetching remote content from : https://www.henkel.com/investors-and-analysts/shares/share-buy-back
[2019-09-05 10:29:14,250: WARNING/ForkPoolWorker-10] //////////// https://www.icade.fr/en/content/download/1055/file/PR%20Icade%20-%20E%20DESMAIZIERES%2006242019.pdf has been redirected to : http://www.icade.fr/en/content/download/1055/36040 //////////
[2019-09-05 10:29:14,273: WARNING/ForkPoolWorker-13] [200] https://www.inditex.com/news-releases
[2019-09-05 10:29:14,319: WARNING/ForkPoolWorker-12] [200] https://www.henkel.com/investors-and-analysts/shares/share-buy-back
[2019-09-05 10:29:14,384: WARNING/ForkPoolWorker-10] -> cleaning pdf content ...
[2019-09-05 10:29:14,405: WARNING/ForkPoolWorker-10] RESPONSE => b'false'
[2019-09-05 10:29:14,406: WARNING/ForkPoolWorker-10] RESPONSE 1 = b'false'
[2019-09-05 10:29:14,406: WARNING/ForkPoolWorker-10] ENTER CHECK SBB : http://www.icade.fr/en/content/download/2038/27166
[2019-09-05 10:29:14,439: WARNING/ForkPoolWorker-13] -> cleaning HTML content ....
[2019-09-05 10:29:14,441: WARNING/ForkPoolWorker-13] -> cleaning HTML content ....
[2019-09-05 10:29:14,442: WARNING/ForkPoolWorker-13] ******* len status all linsk pos 1: 0
[2019-09-05 10:29:14,442: WARNING/ForkPoolWorker-13] -------------------------------———
[2019-09-05 10:29:14,443: WARNING/ForkPoolWorker-13] Excluded links are :
[2019-09-05 10:29:14,443: WARNING/ForkPoolWorker-13] -------------------------------———
[2019-09-05 10:29:14,444: WARNING/ForkPoolWorker-13] (https://www.inditex.com) DIFF POS:
[]
[2019-09-05 10:29:14,444: WARNING/ForkPoolWorker-13] (https://www.inditex.com) DIFF NEG :
[]
[2019-09-05 10:29:14,445: WARNING/ForkPoolWorker-13] ***** Content is SIMILAR *****
[2019-09-05 10:29:14,446: INFO/ForkPoolWorker-13] Task continuous_worker.check_diff_delayed[1305a615-6e65-4ad6-b8e6-076de1fbc2a6] succeeded in 0.5391978489969915s: {'current': 100, 'total': 100, 'status': {'url': 'https://www.inditex.com/news-releases', 'div': 'www.inditex.com', 'diff_neg': [], 'diff_pos': [], 'nearest_link_pos': [], 'nearest_link_neg': [], 'all_links_pos': [], 'all_links_neg': [], 'diff_nb': 0}, 'result': 0}
[2019-09-05 10:29:14,448: INFO/MainProcess] Received task: continuous_worker.check_diff_delayed[668808e8-e452-4288-b4f8-875049951586]  
[2019-09-05 10:29:14,448: WARNING/ForkPoolWorker-13] /FILE FROM\ == /Users/xxx/Projects/tracker_rework/tracker/workers/continuous/continuous_worker.py
[2019-09-05 10:29:14,449: WARNING/ForkPoolWorker-13] -> Fetching local content from : /Users/xxx/Projects/tracker_rework/data/light_sbb_exane/en.avh.be/website_content/pers/pressreleases-ackermans-van-haaren.aspx
[2019-09-05 10:29:14,449: WARNING/ForkPoolWorker-13] -> Fetching remote content from : https://en.avh.be/pers/pressreleases-ackermans-van-haaren.aspx
[2019-09-05 10:29:14,612: WARNING/ForkPoolWorker-10] //////////// https://www.icade.fr/en/content/download/2038/file/icade-CP-resultats-semestriels-2019.pdf has been redirected to : http://www.icade.fr/en/content/download/2038/27166 //////////
[2019-09-05 10:29:14,639: INFO/MainProcess] Received task: continuous_worker.check_diff_delayed[ee2070b1-319b-4b09-ba65-62e75fd2566c]  
[2019-09-05 10:29:14,642: WARNING/ForkPoolWorker-12] -> cleaning HTML content ....
[2019-09-05 10:29:14,643: WARNING/ForkPoolWorker-12] -> cleaning HTML content ....
[2019-09-05 10:29:14,645: WARNING/ForkPoolWorker-12] diff all links neg = ['/press-and-media/press-releases-and-kits/2019-08-13-publication-report-q2-2019-966310']
[2019-09-05 10:29:14,646: WARNING/ForkPoolWorker-12] diff all links pos = []
[2019-09-05 10:29:14,646: WARNING/ForkPoolWorker-12] ******* len status all linsk pos 1: 0
[2019-09-05 10:29:14,646: WARNING/ForkPoolWorker-12] -------------------------------———
[2019-09-05 10:29:14,647: WARNING/ForkPoolWorker-12] Excluded links are :
[2019-09-05 10:29:14,647: WARNING/ForkPoolWorker-12] -------------------------------———
[2019-09-05 10:29:14,648: WARNING/ForkPoolWorker-12] (https://www.henkel.com) DIFF POS:
[]
[2019-09-05 10:29:14,648: WARNING/ForkPoolWorker-12] (https://www.henkel.com) DIFF NEG :
[]
[2019-09-05 10:29:14,649: WARNING/ForkPoolWorker-12] ***** Content is SIMILAR *****
[2019-09-05 10:29:14,650: INFO/ForkPoolWorker-12] Task continuous_worker.check_diff_delayed[80f6bdb3-acba-44fc-bae9-5a1c84cb43fd] succeeded in 0.4576562139991438s: {'current': 100, 'total': 100, 'status': {'url': 'https://www.henkel.com/investors-and-analysts/shares/share-buy-back', 'div': 'www.henkel.com', 'diff_neg': [], 'diff_pos': [], 'nearest_link_pos': [], 'nearest_link_neg': [], 'all_links_pos': [], 'all_links_neg': [], 'diff_nb': 0}, 'result': 0}
[2019-09-05 10:29:14,651: WARNING/ForkPoolWorker-12] /FILE FROM\ == /Users/xxx/Projects/tracker_rework/tracker/workers/continuous/continuous_worker.py
[2019-09-05 10:29:14,652: WARNING/ForkPoolWorker-12] -> Fetching local content from : /Users/xxx/Projects/tracker_rework/data/light_sbb_exane/www.heidelbergcement.com/website_content/en/ad-hoc-notifications
[2019-09-05 10:29:14,652: WARNING/ForkPoolWorker-12] -> Fetching remote content from : https://www.heidelbergcement.com/en/ad-hoc-notifications
[2019-09-05 10:29:14,677: WARNING/ForkPoolWorker-10] -> cleaning pdf content ...
[2019-09-05 10:29:14,745: WARNING/ForkPoolWorker-13] [200] https://en.avh.be/pers/pressreleases-ackermans-van-haaren.aspx
[2019-09-05 10:29:14,807: WARNING/ForkPoolWorker-3] [200] https://www.sanofi.com/en/investors/sanofi-share-and-adrs/share-overview/share-repurchases/
[2019-09-05 10:29:14,818: WARNING/ForkPoolWorker-12] [200] https://www.heidelbergcement.com/en/ad-hoc-notifications
[2019-09-05 10:29:14,829: WARNING/ForkPoolWorker-13] -> cleaning HTML content ....
[2019-09-05 10:29:14,830: WARNING/ForkPoolWorker-13] -> cleaning HTML content ....
[2019-09-05 10:29:14,831: WARNING/ForkPoolWorker-13] diff all links neg = ['/sites/avh/files/AvH-2018-UK.pdf']
[2019-09-05 10:29:14,832: WARNING/ForkPoolWorker-13] diff all links pos = ['/sites/avh/files/documents/AvH-PR-1H19-EN.pdf']
[2019-09-05 10:29:14,832: WARNING/ForkPoolWorker-13] ******* len status all linsk pos 1: 0
[2019-09-05 10:29:14,832: WARNING/ForkPoolWorker-13] -------------------------------———
[2019-09-05 10:29:14,833: WARNING/ForkPoolWorker-13] Excluded links are :
[2019-09-05 10:29:14,833: WARNING/ForkPoolWorker-13] -------------------------------———
[2019-09-05 10:29:14,834: WARNING/ForkPoolWorker-4] [200] https://www.freseniusmedicalcare.com/en/investors/news-publications/ad-hoc-news/
[2019-09-05 10:29:14,834: WARNING/ForkPoolWorker-13] (https://en.avh.be) DIFF POS:
[]
[2019-09-05 10:29:14,835: WARNING/ForkPoolWorker-13] (https://en.avh.be) DIFF NEG :
[]
[2019-09-05 10:29:14,835: WARNING/ForkPoolWorker-13] ***** Content is SIMILAR *****
[2019-09-05 10:29:14,837: INFO/ForkPoolWorker-13] Task continuous_worker.check_diff_delayed[397742b6-d3f4-4422-88d2-588f789070d4] succeeded in 0.3885294280007656s: {'current': 100, 'total': 100, 'status': {'url': 'https://en.avh.be/pers/pressreleases-ackermans-van-haaren.aspx', 'div': 'en.avh.be', 'diff_neg': [], 'diff_pos': [], 'nearest_link_pos': [], 'nearest_link_neg': [], 'all_links_pos': [], 'all_links_neg': [], 'diff_nb': 0}, 'result': 0}
[2019-09-05 10:29:14,838: INFO/MainProcess] Received task: continuous_worker.check_diff_delayed[18df6b31-4246-4983-bac2-efade56f10b1]  
[2019-09-05 10:29:14,839: WARNING/ForkPoolWorker-13] /FILE FROM\ == /Users/xxx/Projects/tracker_rework/tracker/workers/continuous/continuous_worker.py
[2019-09-05 10:29:14,839: WARNING/ForkPoolWorker-13] -> Fetching local content from : /Users/xxx/Projects/tracker_rework/data/light_sbb_exane/www.veolia.com/website_content/en/veolia-group/finance/press-releases?finance_press_release_category=1681
[2019-09-05 10:29:14,840: WARNING/ForkPoolWorker-13] -> Fetching remote content from : https://www.veolia.com/en/veolia-group/finance/press-releases?finance_press_release_category=1681
[2019-09-05 10:29:14,895: WARNING/ForkPoolWorker-10] RESPONSE => b'false'
[2019-09-05 10:29:14,896: WARNING/ForkPoolWorker-10] RESPONSE 1 = b'false'
[2019-09-05 10:29:14,897: WARNING/ForkPoolWorker-10] ENTER CHECK SBB : http://www.icade.fr?page=5
[2019-09-05 10:29:14,942: WARNING/ForkPoolWorker-4] -> cleaning HTML content ....
[2019-09-05 10:29:14,943: WARNING/ForkPoolWorker-4] -> cleaning HTML content ....
[2019-09-05 10:29:14,944: WARNING/ForkPoolWorker-4] ******* len status all linsk pos 1: 0
[2019-09-05 10:29:14,944: WARNING/ForkPoolWorker-4] -------------------------------———
[2019-09-05 10:29:14,944: WARNING/ForkPoolWorker-4] Excluded links are :
[2019-09-05 10:29:14,945: WARNING/ForkPoolWorker-4] -------------------------------———
[2019-09-05 10:29:14,945: WARNING/ForkPoolWorker-4] (https://www.freseniusmedicalcare.com) DIFF POS:
[]
[2019-09-05 10:29:14,946: WARNING/ForkPoolWorker-4] (https://www.freseniusmedicalcare.com) DIFF NEG :
[]
[2019-09-05 10:29:14,946: WARNING/ForkPoolWorker-4] ***** Content is SIMILAR *****
[2019-09-05 10:29:14,948: INFO/ForkPoolWorker-4] Task continuous_worker.check_diff_delayed[99a580c2-cea3-47c1-a1ea-33c8f7e99854] succeeded in 1.4400714680014062s: {'current': 100, 'total': 100, 'status': {'url': 'https://www.freseniusmedicalcare.com/en/investors/news-publications/ad-hoc-news/', 'div': 'www.freseniusmedicalcare.com', 'diff_neg': [], 'diff_pos': [], 'nearest_link_pos': [], 'nearest_link_neg': [], 'all_links_pos': [], 'all_links_neg': [], 'diff_nb': 0}, 'result': 0}
[2019-09-05 10:29:14,950: INFO/MainProcess] Received task: continuous_worker.check_diff_delayed[89c9ebf9-92ec-4e65-b032-8a68bc70d1ca]  
[2019-09-05 10:29:14,950: WARNING/ForkPoolWorker-4] /FILE FROM\ == /Users/xxx/Projects/tracker_rework/tracker/workers/continuous/continuous_worker.py
[2019-09-05 10:29:14,951: WARNING/ForkPoolWorker-4] -> Fetching local content from : /Users/xxx/Projects/tracker_rework/data/light_sbb_exane/www.total.com/website_content/fr/actionnaires/action-et-dividende/laction-total/info/operations-sur-titre-de-la-societe
[2019-09-05 10:29:14,951: WARNING/ForkPoolWorker-4] -> Fetching remote content from : https://www.total.com/fr/actionnaires/action-et-dividende/laction-total/info/operations-sur-titre-de-la-societe
[2019-09-05 10:29:14,965: WARNING/ForkPoolWorker-11] -> cleaning HTML content ....
[2019-09-05 10:29:14,967: WARNING/ForkPoolWorker-11] -> cleaning HTML content ....
[2019-09-05 10:29:14,971: WARNING/ForkPoolWorker-11] diff all links pos = ['/documents/162467/0/hr_20190829.pdf/dc5223f6-51de-2248-0a43-879b57862b4e']
[2019-09-05 10:29:14,972: WARNING/ForkPoolWorker-11] ******* len status all linsk pos 1: 0
[2019-09-05 10:29:14,972: WARNING/ForkPoolWorker-3] -> cleaning HTML content ....
[2019-09-05 10:29:14,972: WARNING/ForkPoolWorker-11] -------------------------------———
[2019-09-05 10:29:14,972: WARNING/ForkPoolWorker-11] Excluded links are :
[2019-09-05 10:29:14,972: WARNING/ForkPoolWorker-11] -------------------------------———
[2019-09-05 10:29:14,973: WARNING/ForkPoolWorker-11] (https://www.telefonica.com) DIFF POS:
[]
[2019-09-05 10:29:14,974: WARNING/ForkPoolWorker-11] (https://www.telefonica.com) DIFF NEG :
[]
[2019-09-05 10:29:14,974: WARNING/ForkPoolWorker-11] ***** Content is SIMILAR *****
[2019-09-05 10:29:14,974: WARNING/ForkPoolWorker-3] -> cleaning HTML content ....
[2019-09-05 10:29:14,976: INFO/ForkPoolWorker-11] Task continuous_worker.check_diff_delayed[989ccc8c-4743-46a8-ba81-1df97b91f1b3] succeeded in 1.7309274279978126s: {'current': 100, 'total': 100, 'status': {'url': 'https://www.telefonica.com/en/web/shareholders-investors/hechos_relevantes_registro_cnmv/2019', 'div': 'www.telefonica.com', 'diff_neg': [], 'diff_pos': [], 'nearest_link_pos': [], 'nearest_link_neg': [], 'all_links_pos': [], 'all_links_neg': [], 'diff_nb': 0}, 'result': 0}
[2019-09-05 10:29:14,978: INFO/MainProcess] Received task: continuous_worker.check_diff_delayed[a5f64454-a424-4850-962e-3d98459e1c94]  
[2019-09-05 10:29:14,978: WARNING/ForkPoolWorker-3] ******* len status all linsk pos 1: 0
[2019-09-05 10:29:14,978: WARNING/ForkPoolWorker-3] -------------------------------———
[2019-09-05 10:29:14,978: WARNING/ForkPoolWorker-3] Excluded links are :
[2019-09-05 10:29:14,978: WARNING/ForkPoolWorker-11] ERRRRRRRROR for z = 6ad6b111-9ff2-49a5-985f-8bc052552922
[2019-09-05 10:29:14,979: WARNING/ForkPoolWorker-3] -------------------------------———
[2019-09-05 10:29:14,979: INFO/ForkPoolWorker-11] Task continuous_worker.log_error[708b230d-ff04-4b98-847f-0a26c4d20860] succeeded in 0.0009605490013200324s: None
[2019-09-05 10:29:14,980: WARNING/ForkPoolWorker-3] (https://www.sanofi.com) DIFF POS:
[]
[2019-09-05 10:29:14,980: WARNING/ForkPoolWorker-3] (https://www.sanofi.com) DIFF NEG :
[]
[2019-09-05 10:29:14,980: WARNING/ForkPoolWorker-3] ***** Content is SIMILAR *****
[2019-09-05 10:29:14,981: INFO/MainProcess] Received task: continuous_worker.check_diff_delayed[395a2cc3-e13e-41d0-9b83-3e452ed63287]  
[2019-09-05 10:29:14,981: WARNING/ForkPoolWorker-11] /FILE FROM\ == /Users/xxx/Projects/tracker_rework/tracker/workers/continuous/continuous_worker.py
[2019-09-05 10:29:14,981: WARNING/ForkPoolWorker-11] -> Fetching local content from : /Users/xxx/Projects/tracker_rework/data/light_sbb_exane/www.pernod-ricard.com/website_content/en/our-news-and-press/our-press-releases/unknown___
[2019-09-05 10:29:14,982: WARNING/ForkPoolWorker-11] -> Fetching remote content from : https://www.pernod-ricard.com/en/our-news-and-press/our-press-releases/
[2019-09-05 10:29:14,982: INFO/ForkPoolWorker-3] Task continuous_worker.check_diff_delayed[3014832b-0e8c-4722-b6f5-6a89825929a6] succeeded in 0.9715069660014706s: {'current': 100, 'total': 100, 'status': {'url': 'https://www.sanofi.com/en/investors/sanofi-share-and-adrs/share-overview/share-repurchases/', 'div': 'www.sanofi.com', 'diff_neg': [], 'diff_pos': [], 'nearest_link_pos': [], 'nearest_link_neg': [], 'all_links_pos': [], 'all_links_neg': [], 'diff_nb': 0}, 'result': 0}
[2019-09-05 10:29:14,983: WARNING/ForkPoolWorker-3] /FILE FROM\ == /Users/xxx/Projects/tracker_rework/tracker/workers/continuous/continuous_worker.py
[2019-09-05 10:29:14,983: INFO/MainProcess] Received task: continuous_worker.check_diff_delayed[ed214df9-a8b2-495a-9f39-ad57e79fca6d]  
[2019-09-05 10:29:14,983: WARNING/ForkPoolWorker-3] -> Fetching local content from : /Users/xxx/Projects/tracker_rework/data/light_sbb_exane/www.mediaset.it/website_content/investor/documenti/2018/buyback_en.shtml
[2019-09-05 10:29:14,984: WARNING/ForkPoolWorker-3] -> Fetching remote content from : http://www.mediaset.it/investor/documenti/2018/buyback_en.shtml
[2019-09-05 10:29:15,029: WARNING/ForkPoolWorker-12] -> cleaning HTML content ....
[2019-09-05 10:29:15,030: WARNING/ForkPoolWorker-12] -> cleaning HTML content ....
[2019-09-05 10:29:15,032: WARNING/ForkPoolWorker-12] ******* len status all linsk pos 1: 0
[2019-09-05 10:29:15,032: WARNING/ForkPoolWorker-12] -------------------------------———
