[2019-09-05 10:29:01,633: WARNING/ForkPoolWorker-3] (https://www.royalmailgroup.com) DIFF POS:
[]
[2019-09-05 10:29:01,633: WARNING/ForkPoolWorker-3] (https://www.royalmailgroup.com) DIFF NEG :
[]
[2019-09-05 10:29:01,633: WARNING/ForkPoolWorker-3] ***** Content is SIMILAR *****
[2019-09-05 10:29:01,635: INFO/ForkPoolWorker-3] Task continuous_worker.check_diff_delayed[d8cbd6bc-02f2-4a3d-9ba3-7ab86217e7a6] succeeded in 0.4119998900023347s: {'current': 100, 'total': 100, 'status': {'url': 'https://www.royalmailgroup.com/en/investors/investor-news/', 'div': 'www.royalmailgroup.com', 'diff_neg': [], 'diff_pos': [], 'nearest_link_pos': [], 'nearest_link_neg': [], 'all_links_pos': [], 'all_links_neg': [], 'diff_nb': 0}, 'result': 0}
[2019-09-05 10:29:01,637: INFO/MainProcess] Received task: continuous_worker.check_diff_delayed[9912e690-8fc0-41b5-99de-f1d84fa409e0]  
[2019-09-05 10:29:01,638: WARNING/ForkPoolWorker-3] /FILE FROM\ == /Users/xxx/Projects/tracker_rework/tracker/workers/continuous/continuous_worker.py
[2019-09-05 10:29:01,638: WARNING/ForkPoolWorker-3] -> Fetching local content from : /Users/xxx/Projects/tracker_rework/data/light_sbb_exane/www.about.sainsburys.co.uk/website_content/investors/regulatory-news
[2019-09-05 10:29:01,638: WARNING/ForkPoolWorker-3] -> Fetching remote content from : https://www.about.sainsburys.co.uk/investors/regulatory-news
[2019-09-05 10:29:01,732: WARNING/ForkPoolWorker-10] //////////// https://www.icade.fr/en/finance/regulated-information/credit-agricole-immobilier-icade-legal-representative-and-novaxia-s-project-for-the-site-of-the-nanterre-hospital-wins-the-inventing-the-greate has been redirected to : http://www.icade.fr/en/finance/regulated-information/credit-agricole-immobilier-icade-legal-representative-and-novaxia-s-project-for-the-site-of-the-nanterre-hospital-wins-the-inventing-the-greate //////////
[2019-09-05 10:29:01,733: WARNING/ForkPoolWorker-10] URL = https://www.icade.fr/en/finance/regulated-information/credit-agricole-immobilier-icade-legal-representative-and-novaxia-s-project-for-the-site-of-the-nanterre-hospital-wins-the-inventing-the-greate (detected NON pdf)
[2019-09-05 10:29:01,748: WARNING/ForkPoolWorker-8] [200] https://www.shire.com/newsroom
[2019-09-05 10:29:01,758: WARNING/ForkPoolWorker-13] [200] https://www.repsol.com/en/press-room/press-releases/index.cshtml
[2019-09-05 10:29:01,771: WARNING/ForkPoolWorker-10] -> cleaning HTML content ....
[2019-09-05 10:29:01,782: WARNING/ForkPoolWorker-10] RESPONSE => b'false'
[2019-09-05 10:29:01,783: WARNING/ForkPoolWorker-10] RESPONSE 2 = b'false'
[2019-09-05 10:29:01,783: WARNING/ForkPoolWorker-10] ENTER CHECK SBB : http://www.icade.fr/en/innovation
[2019-09-05 10:29:01,801: WARNING/ForkPoolWorker-9] [200] https://www.prysmiangroup.com/en/investors/press-releases
[2019-09-05 10:29:01,853: WARNING/ForkPoolWorker-3] [200] https://www.about.sainsburys.co.uk/investors/regulatory-news
[2019-09-05 10:29:01,980: WARNING/ForkPoolWorker-3] -> cleaning HTML content ....
[2019-09-05 10:29:01,980: WARNING/ForkPoolWorker-3] -> cleaning HTML content ....
[2019-09-05 10:29:01,981: WARNING/ForkPoolWorker-3] ******* len status all linsk pos 1: 0
[2019-09-05 10:29:01,982: WARNING/ForkPoolWorker-3] -------------------------------———
[2019-09-05 10:29:01,982: WARNING/ForkPoolWorker-3] Excluded links are :
[2019-09-05 10:29:01,983: WARNING/ForkPoolWorker-3] -------------------------------———
[2019-09-05 10:29:01,984: WARNING/ForkPoolWorker-3] (https://www.about.sainsburys.co.uk) DIFF POS:
[]
[2019-09-05 10:29:01,985: WARNING/ForkPoolWorker-3] (https://www.about.sainsburys.co.uk) DIFF NEG :
[]
[2019-09-05 10:29:01,985: WARNING/ForkPoolWorker-3] ***** Content is SIMILAR *****
[2019-09-05 10:29:01,987: INFO/ForkPoolWorker-3] Task continuous_worker.check_diff_delayed[d7fbd298-f62c-4737-b4c5-15a59e72fb4f] succeeded in 0.34928360800040537s: {'current': 100, 'total': 100, 'status': {'url': 'https://www.about.sainsburys.co.uk/investors/regulatory-news', 'div': 'www.about.sainsburys.co.uk', 'diff_neg': [], 'diff_pos': [], 'nearest_link_pos': [], 'nearest_link_neg': [], 'all_links_pos': [], 'all_links_neg': [], 'diff_nb': 0}, 'result': 0}
[2019-09-05 10:29:01,989: INFO/MainProcess] Received task: continuous_worker.check_diff_delayed[9117d40f-c2e8-4af8-abd1-7199c471a74d]  
[2019-09-05 10:29:01,989: WARNING/ForkPoolWorker-3] /FILE FROM\ == /Users/xxx/Projects/tracker_rework/tracker/workers/continuous/continuous_worker.py
[2019-09-05 10:29:01,990: WARNING/ForkPoolWorker-3] -> Fetching local content from : /Users/xxx/Projects/tracker_rework/data/light_sbb_exane/www.ucb.com/website_content/stories-media/Press-Releases
[2019-09-05 10:29:01,990: WARNING/ForkPoolWorker-3] -> Fetching remote content from : https://www.ucb.com/stories-media/Press-Releases
[2019-09-05 10:29:01,996: WARNING/ForkPoolWorker-10] //////////// https://www.icade.fr/en/innovation has been redirected to : http://www.icade.fr/en/innovation //////////
[2019-09-05 10:29:01,997: WARNING/ForkPoolWorker-10] URL = https://www.icade.fr/en/innovation (detected NON pdf)
[2019-09-05 10:29:02,006: WARNING/ForkPoolWorker-4] [200] https://coca-colahellenic.com/en/media/news
[2019-09-05 10:29:02,033: WARNING/ForkPoolWorker-10] -> cleaning HTML content ....
[2019-09-05 10:29:02,046: WARNING/ForkPoolWorker-10] RESPONSE => b'false'
[2019-09-05 10:29:02,047: WARNING/ForkPoolWorker-10] RESPONSE 2 = b'false'
[2019-09-05 10:29:02,048: WARNING/ForkPoolWorker-10] ENTER CHECK SBB : http://www.icade.frtel:00 33 1 41 57 70 29
[2019-09-05 10:29:02,050: WARNING/ForkPoolWorker-10] -- [ERROR FETCHING URL http://www.icade.frtel:00 33 1 41 57 70 29] --
Reason:nonnumeric port: '00 33 1 41 57 70 29'
[2019-09-05 10:29:02,051: WARNING/ForkPoolWorker-10] ENTER CHECK SBB : http://www.icade.fr/en/finance/regulated-information/icade-acquisition-of-the-pointe-metro-1-complex-in-gennevilliers-for-123m-subject-to-conditions-precedent
[2019-09-05 10:29:02,232: WARNING/ForkPoolWorker-10] //////////// https://www.icade.fr/en/finance/regulated-information/icade-acquisition-of-the-pointe-metro-1-complex-in-gennevilliers-for-123m-subject-to-conditions-precedent has been redirected to : http://www.icade.fr/en/finance/regulated-information/icade-acquisition-of-the-pointe-metro-1-complex-in-gennevilliers-for-123m-subject-to-conditions-precedent //////////
[2019-09-05 10:29:02,232: WARNING/ForkPoolWorker-10] URL = https://www.icade.fr/en/finance/regulated-information/icade-acquisition-of-the-pointe-metro-1-complex-in-gennevilliers-for-123m-subject-to-conditions-precedent (detected NON pdf)
[2019-09-05 10:29:02,272: WARNING/ForkPoolWorker-10] -> cleaning HTML content ....
[2019-09-05 10:29:02,274: WARNING/ForkPoolWorker-8] -> cleaning HTML content ....
[2019-09-05 10:29:02,275: WARNING/ForkPoolWorker-8] -> cleaning HTML content ....
[2019-09-05 10:29:02,277: WARNING/ForkPoolWorker-8] ******* len status all linsk pos 1: 0
[2019-09-05 10:29:02,278: WARNING/ForkPoolWorker-8] -------------------------------———
[2019-09-05 10:29:02,278: WARNING/ForkPoolWorker-8] Excluded links are :
[2019-09-05 10:29:02,278: WARNING/ForkPoolWorker-8] -------------------------------———
[2019-09-05 10:29:02,280: WARNING/ForkPoolWorker-8] (https://www.shire.com) DIFF POS:
[]
[2019-09-05 10:29:02,280: WARNING/ForkPoolWorker-8] (https://www.shire.com) DIFF NEG :
[]
[2019-09-05 10:29:02,281: WARNING/ForkPoolWorker-8] ***** Content is SIMILAR *****
[2019-09-05 10:29:02,283: INFO/ForkPoolWorker-8] Task continuous_worker.check_diff_delayed[d14c6a58-761d-4405-ae7b-964c94f4e43a] succeeded in 1.1927766279986827s: {'current': 100, 'total': 100, 'status': {'url': 'https://www.shire.com/newsroom', 'div': 'www.shire.com', 'diff_neg': [], 'diff_pos': [], 'nearest_link_pos': [], 'nearest_link_neg': [], 'all_links_pos': [], 'all_links_neg': [], 'diff_nb': 0}, 'result': 0}
[2019-09-05 10:29:02,285: INFO/MainProcess] Received task: continuous_worker.check_diff_delayed[5145664a-6efc-46a4-a922-57109db6c99e]  
[2019-09-05 10:29:02,286: WARNING/ForkPoolWorker-8] /FILE FROM\ == /Users/xxx/Projects/tracker_rework/tracker/workers/continuous/continuous_worker.py
[2019-09-05 10:29:02,287: WARNING/ForkPoolWorker-8] -> Fetching local content from : /Users/xxx/Projects/tracker_rework/data/light_sbb_exane/www.compass-group.com/website_content/en/media/news.html
[2019-09-05 10:29:02,287: WARNING/ForkPoolWorker-10] RESPONSE => b'false'
[2019-09-05 10:29:02,287: WARNING/ForkPoolWorker-8] -> Fetching remote content from : https://www.compass-group.com/en/media/news.html
[2019-09-05 10:29:02,288: WARNING/ForkPoolWorker-10] RESPONSE 2 = b'false'
[2019-09-05 10:29:02,288: WARNING/ForkPoolWorker-10] ENTER CHECK SBB : http://www.icade-immobilier.com/
[2019-09-05 10:29:02,304: WARNING/ForkPoolWorker-4] -> cleaning HTML content ....
[2019-09-05 10:29:02,306: WARNING/ForkPoolWorker-4] -> cleaning HTML content ....
[2019-09-05 10:29:02,308: WARNING/ForkPoolWorker-4] ******* len status all linsk pos 1: 0
[2019-09-05 10:29:02,308: WARNING/ForkPoolWorker-4] -------------------------------———
[2019-09-05 10:29:02,309: WARNING/ForkPoolWorker-4] Excluded links are :
[2019-09-05 10:29:02,309: WARNING/ForkPoolWorker-4] -------------------------------———
[2019-09-05 10:29:02,310: WARNING/ForkPoolWorker-4] (https://coca-colahellenic.com) DIFF POS:
[]
[2019-09-05 10:29:02,310: WARNING/ForkPoolWorker-4] (https://coca-colahellenic.com) DIFF NEG :
[]
[2019-09-05 10:29:02,311: WARNING/ForkPoolWorker-4] ***** Content is SIMILAR *****
[2019-09-05 10:29:02,313: INFO/ForkPoolWorker-4] Task continuous_worker.check_diff_delayed[fe5f71dc-b1d8-4102-8f1a-3b46efd34c09] succeeded in 1.3304807339991385s: {'current': 100, 'total': 100, 'status': {'url': 'https://coca-colahellenic.com/en/media/news', 'div': 'coca-colahellenic.com', 'diff_neg': [], 'diff_pos': [], 'nearest_link_pos': [], 'nearest_link_neg': [], 'all_links_pos': [], 'all_links_neg': [], 'diff_nb': 0}, 'result': 0}
[2019-09-05 10:29:02,315: INFO/MainProcess] Received task: continuous_worker.check_diff_delayed[6941b15c-a6a3-409e-870c-095bb9782ac3]  
[2019-09-05 10:29:02,316: WARNING/ForkPoolWorker-4] /FILE FROM\ == /Users/xxx/Projects/tracker_rework/tracker/workers/continuous/continuous_worker.py
[2019-09-05 10:29:02,316: WARNING/ForkPoolWorker-4] -> Fetching local content from : /Users/xxx/Projects/tracker_rework/data/light_sbb_exane/www.lseg.com/website_content/content/regulatory-news
[2019-09-05 10:29:02,317: WARNING/ForkPoolWorker-4] -> Fetching remote content from : https://www.lseg.com/content/regulatory-news
[2019-09-05 10:29:02,396: WARNING/ForkPoolWorker-13] -> cleaning HTML content ....
[2019-09-05 10:29:02,398: WARNING/ForkPoolWorker-13] -> cleaning HTML content ....
[2019-09-05 10:29:02,400: WARNING/ForkPoolWorker-13] ******* len status all linsk pos 1: 0
[2019-09-05 10:29:02,401: WARNING/ForkPoolWorker-13] -------------------------------———
[2019-09-05 10:29:02,401: WARNING/ForkPoolWorker-13] Excluded links are :
[2019-09-05 10:29:02,401: WARNING/ForkPoolWorker-13] -------------------------------———
[2019-09-05 10:29:02,402: WARNING/ForkPoolWorker-13] (https://www.repsol.com) DIFF POS:
[]
[2019-09-05 10:29:02,402: WARNING/ForkPoolWorker-13] (https://www.repsol.com) DIFF NEG :
[]
[2019-09-05 10:29:02,403: WARNING/ForkPoolWorker-13] ***** Content is SIMILAR *****
[2019-09-05 10:29:02,405: INFO/ForkPoolWorker-13] Task continuous_worker.check_diff_delayed[ab9a51fd-8b9a-4b78-9988-8ae9d414e71e] succeeded in 1.2382360550000158s: {'current': 100, 'total': 100, 'status': {'url': 'https://www.repsol.com/en/press-room/press-releases/index.cshtml', 'div': 'www.repsol.com', 'diff_neg': [], 'diff_pos': [], 'nearest_link_pos': [], 'nearest_link_neg': [], 'all_links_pos': [], 'all_links_neg': [], 'diff_nb': 0}, 'result': 0}
[2019-09-05 10:29:02,407: INFO/MainProcess] Received task: continuous_worker.check_diff_delayed[ec611102-f7bc-4dfb-a89b-7559d39ade5c]  
[2019-09-05 10:29:02,407: WARNING/ForkPoolWorker-13] /FILE FROM\ == /Users/xxx/Projects/tracker_rework/tracker/workers/continuous/continuous_worker.py
[2019-09-05 10:29:02,408: WARNING/ForkPoolWorker-13] -> Fetching local content from : /Users/xxx/Projects/tracker_rework/data/light_sbb_exane/www.endesa.com/website_content/en/investors/a201611-events-filings-cnmv.html
[2019-09-05 10:29:02,408: WARNING/ForkPoolWorker-13] -> Fetching remote content from : https://www.endesa.com/en/investors/a201611-events-filings-cnmv.html
[2019-09-05 10:29:02,445: WARNING/ForkPoolWorker-8] [200] https://www.compass-group.com/en/media/news.html
[2019-09-05 10:29:02,531: WARNING/ForkPoolWorker-13] [200] https://www.endesa.com/en/investors/a201611-events-filings-cnmv.html
[2019-09-05 10:29:02,533: WARNING/ForkPoolWorker-10] URL = http://www.icade-immobilier.com/ (detected NON pdf)
[2019-09-05 10:29:02,552: WARNING/ForkPoolWorker-8] -> cleaning HTML content ....
[2019-09-05 10:29:02,553: WARNING/ForkPoolWorker-8] -> cleaning HTML content ....
[2019-09-05 10:29:02,554: WARNING/ForkPoolWorker-8] ******* len status all linsk pos 1: 0
[2019-09-05 10:29:02,554: WARNING/ForkPoolWorker-8] -------------------------------———
[2019-09-05 10:29:02,555: WARNING/ForkPoolWorker-8] Excluded links are :
[2019-09-05 10:29:02,555: WARNING/ForkPoolWorker-8] -------------------------------———
[2019-09-05 10:29:02,556: WARNING/ForkPoolWorker-8] (https://www.compass-group.com) DIFF POS:
[]
[2019-09-05 10:29:02,557: WARNING/ForkPoolWorker-8] (https://www.compass-group.com) DIFF NEG :
[]
[2019-09-05 10:29:02,557: WARNING/ForkPoolWorker-8] ***** Content is SIMILAR *****
[2019-09-05 10:29:02,559: INFO/ForkPoolWorker-8] Task continuous_worker.check_diff_delayed[64e96cda-826c-451e-81b6-c647ed6c8a10] succeeded in 0.27294475400049123s: {'current': 100, 'total': 100, 'status': {'url': 'https://www.compass-group.com/en/media/news.html', 'div': 'www.compass-group.com', 'diff_neg': [], 'diff_pos': [], 'nearest_link_pos': [], 'nearest_link_neg': [], 'all_links_pos': [], 'all_links_neg': [], 'diff_nb': 0}, 'result': 0}
[2019-09-05 10:29:02,561: INFO/MainProcess] Received task: continuous_worker.check_diff_delayed[043b3976-275e-4f46-9669-2e1e1d909863]  
[2019-09-05 10:29:02,562: WARNING/ForkPoolWorker-8] /FILE FROM\ == /Users/xxx/Projects/tracker_rework/tracker/workers/continuous/continuous_worker.py
[2019-09-05 10:29:02,562: WARNING/ForkPoolWorker-8] -> Fetching local content from : /Users/xxx/Projects/tracker_rework/data/light_sbb_exane/www.riotinto.com/website_content/media/regulatory-news-and-filings-4996.aspx
[2019-09-05 10:29:02,563: WARNING/ForkPoolWorker-8] -> Fetching remote content from : https://www.riotinto.com/media/regulatory-news-and-filings-4996.aspx
[2019-09-05 10:29:02,619: INFO/MainProcess] Received task: continuous_worker.check_diff_delayed[1cb053ef-4c18-4b36-8439-e495c84283fb]  
[2019-09-05 10:29:02,674: WARNING/ForkPoolWorker-9] -> cleaning HTML content ....
[2019-09-05 10:29:02,681: WARNING/ForkPoolWorker-9] -> cleaning HTML content ....
[2019-09-05 10:29:02,694: WARNING/ForkPoolWorker-9] diff all links neg = []
[2019-09-05 10:29:02,694: WARNING/ForkPoolWorker-9] ******* len status all linsk pos 1: 0
[2019-09-05 10:29:02,695: WARNING/ForkPoolWorker-9] -------------------------------———
[2019-09-05 10:29:02,695: WARNING/ForkPoolWorker-9] Excluded links are :
[2019-09-05 10:29:02,695: WARNING/ForkPoolWorker-9] -------------------------------———
[2019-09-05 10:29:02,696: WARNING/ForkPoolWorker-9] (https://www.prysmiangroup.com) DIFF POS:
[]
[2019-09-05 10:29:02,697: WARNING/ForkPoolWorker-9] (https://www.prysmiangroup.com) DIFF NEG :
[]
[2019-09-05 10:29:02,697: WARNING/ForkPoolWorker-9] ***** Content is SIMILAR *****
[2019-09-05 10:29:02,699: INFO/ForkPoolWorker-9] Task continuous_worker.check_diff_delayed[8ebb3f2a-3447-425c-a488-1f4c9ebb9300] succeeded in 1.0832428140020056s: {'current': 100, 'total': 100, 'status': {'url': 'https://www.prysmiangroup.com/en/investors/press-releases', 'div': 'www.prysmiangroup.com', 'diff_neg': [], 'diff_pos': [], 'nearest_link_pos': [], 'nearest_link_neg': [], 'all_links_pos': [], 'all_links_neg': [], 'diff_nb': 0}, 'result': 0}
[2019-09-05 10:29:02,700: WARNING/ForkPoolWorker-9] /FILE FROM\ == /Users/xxx/Projects/tracker_rework/tracker/workers/continuous/continuous_worker.py
[2019-09-05 10:29:02,700: WARNING/ForkPoolWorker-9] -> Fetching local content from : /Users/xxx/Projects/tracker_rework/data/light_sbb_exane/www.iliad.fr/website_content/fr/finances/2019
[2019-09-05 10:29:02,701: WARNING/ForkPoolWorker-9] -> Fetching remote content from : https://www.iliad.fr/fr/finances/2019
[2019-09-05 10:29:02,709: WARNING/ForkPoolWorker-3] [200] https://www.ucb.com/stories-media/Press-Releases
[2019-09-05 10:29:02,749: WARNING/ForkPoolWorker-9] [200] https://www.iliad.fr/fr/finances/2019
[2019-09-05 10:29:02,767: WARNING/ForkPoolWorker-9] -> cleaning HTML content ....
[2019-09-05 10:29:02,768: WARNING/ForkPoolWorker-9] -> cleaning HTML content ....
[2019-09-05 10:29:02,769: WARNING/ForkPoolWorker-9] ******* len status all linsk pos 1: 0
[2019-09-05 10:29:02,770: WARNING/ForkPoolWorker-9] -------------------------------———
[2019-09-05 10:29:02,770: WARNING/ForkPoolWorker-9] Excluded links are :
[2019-09-05 10:29:02,771: WARNING/ForkPoolWorker-9] -------------------------------———
[2019-09-05 10:29:02,772: WARNING/ForkPoolWorker-9] (https://www.iliad.fr) DIFF POS:
[]
[2019-09-05 10:29:02,772: WARNING/ForkPoolWorker-9] (https://www.iliad.fr) DIFF NEG :
[]
[2019-09-05 10:29:02,773: WARNING/ForkPoolWorker-9] ***** Content is SIMILAR *****
[2019-09-05 10:29:02,775: INFO/ForkPoolWorker-9] Task continuous_worker.check_diff_delayed[f07c7b33-7189-4cf0-8dda-70cc167ceddd] succeeded in 0.07516572700114921s: {'current': 100, 'total': 100, 'status': {'url': 'https://www.iliad.fr/fr/finances/2019', 'div': 'www.iliad.fr', 'diff_neg': [], 'diff_pos': [], 'nearest_link_pos': [], 'nearest_link_neg': [], 'all_links_pos': [], 'all_links_neg': [], 'diff_nb': 0}, 'result': 0}
[2019-09-05 10:29:02,777: INFO/MainProcess] Received task: continuous_worker.check_diff_delayed[c86e6632-66f3-4c4d-bda3-052d865c28ab]  
[2019-09-05 10:29:02,778: WARNING/ForkPoolWorker-9] /FILE FROM\ == /Users/xxx/Projects/tracker_rework/tracker/workers/continuous/continuous_worker.py
[2019-09-05 10:29:02,779: WARNING/ForkPoolWorker-9] -> Fetching local content from : /Users/xxx/Projects/tracker_rework/data/light_sbb_exane/www.saint-gobain.com/website_content/en/finance/regulated-information/share-buyback
[2019-09-05 10:29:02,779: WARNING/ForkPoolWorker-9] -> Fetching remote content from : https://www.saint-gobain.com/en/finance/regulated-information/share-buyback
[2019-09-05 10:29:02,779: WARNING/ForkPoolWorker-10] -> cleaning HTML content ....
[2019-09-05 10:29:02,791: WARNING/ForkPoolWorker-3] -> cleaning HTML content ....
[2019-09-05 10:29:02,792: WARNING/ForkPoolWorker-10] RESPONSE => b'false'
[2019-09-05 10:29:02,792: WARNING/ForkPoolWorker-3] -> cleaning HTML content ....
[2019-09-05 10:29:02,792: WARNING/ForkPoolWorker-10] RESPONSE 2 = b'false'
[2019-09-05 10:29:02,793: WARNING/ForkPoolWorker-10] ENTER CHECK SBB : https://twitter.com/icade_officiel
[2019-09-05 10:29:02,793: WARNING/ForkPoolWorker-3] diff all links neg = ['/stories-media/Press-Releases/article/Transparency-notifications-BlackRock-Inc-a3372725-195903']
[2019-09-05 10:29:02,794: WARNING/ForkPoolWorker-3] diff all links pos = ['/stories-media/Press-Releases/article/Transparency-notification-BlackRock-Inc-a3401791-200117']
[2019-09-05 10:29:02,794: WARNING/ForkPoolWorker-3] ******* len status all linsk pos 1: 0
[2019-09-05 10:29:02,794: WARNING/ForkPoolWorker-3] -------------------------------———
[2019-09-05 10:29:02,795: WARNING/ForkPoolWorker-3] Excluded links are :
[2019-09-05 10:29:02,795: WARNING/ForkPoolWorker-3] -------------------------------———
[2019-09-05 10:29:02,796: WARNING/ForkPoolWorker-3] (https://www.ucb.com) DIFF POS:
[]
[2019-09-05 10:29:02,796: WARNING/ForkPoolWorker-3] (https://www.ucb.com) DIFF NEG :
[]
[2019-09-05 10:29:02,796: WARNING/ForkPoolWorker-3] ***** Content is SIMILAR *****
[2019-09-05 10:29:02,798: INFO/ForkPoolWorker-3] Task continuous_worker.check_diff_delayed[10583fa7-e201-4af2-a015-a2f70f3e66a6] succeeded in 0.8087498319982842s: {'current': 100, 'total': 100, 'status': {'url': 'https://www.ucb.com/stories-media/Press-Releases', 'div': 'www.ucb.com', 'diff_neg': [], 'diff_pos': [], 'nearest_link_pos': [], 'nearest_link_neg': [], 'all_links_pos': [], 'all_links_neg': [], 'diff_nb': 0}, 'result': 0}
[2019-09-05 10:29:02,800: INFO/MainProcess] Received task: continuous_worker.check_diff_delayed[44d25a37-bff3-4888-8612-f570678eb72b]  
[2019-09-05 10:29:02,800: WARNING/ForkPoolWorker-3] /FILE FROM\ == /Users/xxx/Projects/tracker_rework/tracker/workers/continuous/continuous_worker.py
[2019-09-05 10:29:02,801: WARNING/ForkPoolWorker-3] -> Fetching local content from : /Users/xxx/Projects/tracker_rework/data/light_sbb_exane/www.home.barclays/website_content/barclays-investor-relations/investor-news/regulatory-news.html
[2019-09-05 10:29:02,801: WARNING/ForkPoolWorker-3] -> Fetching remote content from : https://www.home.barclays/barclays-investor-relations/investor-news/regulatory-news.html
[2019-09-05 10:29:02,943: WARNING/ForkPoolWorker-9] [200] https://www.saint-gobain.com/en/finance/regulated-information/share-buyback
[2019-09-05 10:29:03,159: WARNING/ForkPoolWorker-9] -> cleaning HTML content ....
[2019-09-05 10:29:03,164: WARNING/ForkPoolWorker-9] -> cleaning HTML content ....
[2019-09-05 10:29:03,169: WARNING/ForkPoolWorker-9] diff all links neg = ['/en/saint-gobain-stories/saint-gobain-serving-growth-sub-saharan-africa', '/en/our-major-projects-2017/new-eclaz-glazing-clearly-innovative', '/en/our-major-projects-2017/saint-gobains-french-soccer-championship-students-play-field', '/en/our-major-projects-2017/xilec-mission-critical-ceramics-next-generation-glass-manufacturing', '/en/our-major-projects-2017/new-isover-glass-wool-innovation-all', '/en/saint-gobain-stories/score-puts-sustainability-core-saint-gobains-business', '/en/our-major-projects-2017/learning-week-one-week-talk-about-learning-enterprise', '/en/saint-gobain-stories/responsible-purchasing', '/en/our-major-projects-2017/saint-gobain-acquires-means-fulfill-its-ambitions', '/en/2017', '/en/our-major-projects-2017/live-journey-around-world-and-saint-gobain-just-few-clicks', '/en/our-major-projects-2017/major-group-reflected-its-major-projects', '/en/our-major-projects-2017/saint-gobain-tower-towering-achievement']
[2019-09-05 10:29:03,169: WARNING/ForkPoolWorker-9] ******* len status all linsk pos 1: 0
[2019-09-05 10:29:03,169: WARNING/ForkPoolWorker-9] -------------------------------———
[2019-09-05 10:29:03,170: WARNING/ForkPoolWorker-9] Excluded links are :
[2019-09-05 10:29:03,170: WARNING/ForkPoolWorker-9] -------------------------------———
[2019-09-05 10:29:03,171: WARNING/ForkPoolWorker-9] (https://www.saint-gobain.com) DIFF POS:
[]
[2019-09-05 10:29:03,171: WARNING/ForkPoolWorker-9] (https://www.saint-gobain.com) DIFF NEG :
[]
[2019-09-05 10:29:03,171: WARNING/ForkPoolWorker-9] ***** Content is SIMILAR *****
[2019-09-05 10:29:03,173: INFO/ForkPoolWorker-9] Task continuous_worker.check_diff_delayed[aa979631-9c44-4ce4-bc42-a294d796d45f] succeeded in 0.39532361199962907s: {'current': 100, 'total': 100, 'status': {'url': 'https://www.saint-gobain.com/en/finance/regulated-information/share-buyback', 'div': 'www.saint-gobain.com', 'diff_neg': [], 'diff_pos': [], 'nearest_link_pos': [], 'nearest_link_neg': [], 'all_links_pos': [], 'all_links_neg': [], 'diff_nb': 0}, 'result': 0}
[2019-09-05 10:29:03,175: INFO/MainProcess] Received task: continuous_worker.check_diff_delayed[b9a4f275-5c79-4154-96f8-baf3c818da25]  
[2019-09-05 10:29:03,175: WARNING/ForkPoolWorker-9] /FILE FROM\ == /Users/xxx/Projects/tracker_rework/tracker/workers/continuous/continuous_worker.py
[2019-09-05 10:29:03,176: WARNING/ForkPoolWorker-9] -> Fetching local content from : /Users/xxx/Projects/tracker_rework/data/light_sbb_exane/investors.nationalgrid.com/website_content/news-and-reports/financial-news/regulatory-news
[2019-09-05 10:29:03,176: WARNING/ForkPoolWorker-9] -> Fetching remote content from : http://investors.nationalgrid.com/news-and-reports/financial-news/regulatory-news
[2019-09-05 10:29:03,186: WARNING/ForkPoolWorker-11] [200] https://www.hl.co.uk/investor-relations/regulatory-announcements/more-regulatory-announcements
[2019-09-05 10:29:03,257: WARNING/ForkPoolWorker-12] [200] http://www.recordati.com/en/corporate_governance/share_buy-back/
[2019-09-05 10:29:03,281: INFO/MainProcess] Received task: continuous_worker.check_diff_delayed[d4a00252-64dc-4083-a010-da7fc95000f7]  
[2019-09-05 10:29:03,316: WARNING/ForkPoolWorker-10] //////////// https://mobile.twitter.com/icade_officiel has been redirected to : https://twitter.com/icade_officiel //////////
[2019-09-05 10:29:03,317: WARNING/ForkPoolWorker-10] URL = https://mobile.twitter.com/icade_officiel (detected NON pdf)
[2019-09-05 10:29:03,333: WARNING/ForkPoolWorker-3] [200] https://www.home.barclays/barclays-investor-relations/investor-news/regulatory-news.html
[2019-09-05 10:29:03,338: WARNING/ForkPoolWorker-12] -> cleaning HTML content ....
[2019-09-05 10:29:03,339: WARNING/ForkPoolWorker-12] -> cleaning HTML content ....
[2019-09-05 10:29:03,340: WARNING/ForkPoolWorker-12] diff all links pos = ['https://www.recordati.com/resources/Pubblicazione/___93760e22f4d44347bbcaa3c1dd84ef43_/216_78574_2019_oneinfo.pdf']
[2019-09-05 10:29:03,340: WARNING/ForkPoolWorker-12] **** <!> KEYWORD_MATCH : 'transaction relating to treasury stock' on url http://www.recordati.com/en/corporate_governance/share_buy-back/ <!> ****
[2019-09-05 10:29:03,349: WARNING/ForkPoolWorker-12] Nearsest link found (url) = ['https://www.recordati.com/resources/Pubblicazione/___93760e22f4d44347bbcaa3c1dd84ef43_/216_78574_2019_oneinfo.pdf'] (http://www.recordati.com)
[2019-09-05 10:29:03,349: WARNING/ForkPoolWorker-12] Nearest founds are numerous for website : http://www.recordati.com. Exit.
[2019-09-05 10:29:03,350: WARNING/ForkPoolWorker-12] ******* len status all linsk pos 1: 1
[2019-09-05 10:29:03,350: WARNING/ForkPoolWorker-12] -------------------------------———
[2019-09-05 10:29:03,351: WARNING/ForkPoolWorker-12] ENTER CHECK SBB : https://www.recordati.com/resources/Pubblicazione/___93760e22f4d44347bbcaa3c1dd84ef43_/216_78574_2019_oneinfo.pdf
[2019-09-05 10:29:03,396: WARNING/ForkPoolWorker-13] -> cleaning HTML content ....
[2019-09-05 10:29:03,397: WARNING/ForkPoolWorker-11] -> cleaning HTML content ....
[2019-09-05 10:29:03,398: WARNING/ForkPoolWorker-11] -> cleaning HTML content ....
[2019-09-05 10:29:03,399: WARNING/ForkPoolWorker-11] ******* len status all linsk pos 1: 0
[2019-09-05 10:29:03,400: WARNING/ForkPoolWorker-11] -------------------------------———
[2019-09-05 10:29:03,400: WARNING/ForkPoolWorker-13] -> cleaning HTML content ....
[2019-09-05 10:29:03,400: WARNING/ForkPoolWorker-11] Excluded links are :
[2019-09-05 10:29:03,400: WARNING/ForkPoolWorker-11] -------------------------------———
[2019-09-05 10:29:03,401: WARNING/ForkPoolWorker-11] (https://www.hl.co.uk) DIFF POS:
[]
[2019-09-05 10:29:03,401: WARNING/ForkPoolWorker-11] (https://www.hl.co.uk) DIFF NEG :
[]
[2019-09-05 10:29:03,402: WARNING/ForkPoolWorker-11] ***** Content is SIMILAR *****
[2019-09-05 10:29:03,403: INFO/ForkPoolWorker-11] Task continuous_worker.check_diff_delayed[8b98ea24-ce05-40d6-9684-fb93560cad06] succeeded in 2.17825744700167s: {'current': 100, 'total': 100, 'status': {'url': 'https://www.hl.co.uk/investor-relations/regulatory-announcements/more-regulatory-announcements', 'div': 'www.hl.co.uk', 'diff_neg': [], 'diff_pos': [], 'nearest_link_pos': [], 'nearest_link_neg': [], 'all_links_pos': [], 'all_links_neg': [], 'diff_nb': 0}, 'result': 0}
[2019-09-05 10:29:03,403: WARNING/ForkPoolWorker-13] ******* len status all linsk pos 1: 0
[2019-09-05 10:29:03,404: WARNING/ForkPoolWorker-13] -------------------------------———
[2019-09-05 10:29:03,404: WARNING/ForkPoolWorker-13] Excluded links are :
[2019-09-05 10:29:03,404: WARNING/ForkPoolWorker-13] -------------------------------———
[2019-09-05 10:29:03,404: WARNING/ForkPoolWorker-11] /FILE FROM\ == /Users/xxx/Projects/tracker_rework/tracker/workers/continuous/continuous_worker.py
[2019-09-05 10:29:03,405: WARNING/ForkPoolWorker-11] -> Fetching local content from : /Users/xxx/Projects/tracker_rework/data/light_sbb_exane/www.unilever.com/website_content/investor-relations/investor-news/nv-regulatory-news
[2019-09-05 10:29:03,405: WARNING/ForkPoolWorker-13] (https://www.endesa.com) DIFF POS:
[]
[2019-09-05 10:29:03,406: WARNING/ForkPoolWorker-11] -> Fetching remote content from : https://www.unilever.com/investor-relations/investor-news/nv-regulatory-news
[2019-09-05 10:29:03,406: WARNING/ForkPoolWorker-13] (https://www.endesa.com) DIFF NEG :
[]
[2019-09-05 10:29:03,406: WARNING/ForkPoolWorker-11] Problem reading local content : [Errno 2] No such file or directory: '/Users/xxx/Projects/tracker_rework/data/light_sbb_exane/www.unilever.com/website_content/investor-relations/investor-news/nv-regulatory-news'
[2019-09-05 10:29:03,406: WARNING/ForkPoolWorker-13] ***** Content is SIMILAR *****
[2019-09-05 10:29:03,409: INFO/ForkPoolWorker-13] Task continuous_worker.check_diff_delayed[7f0e25c4-bb92-432e-9354-6a70b042f88b] succeeded in 1.0013805969974783s: {'current': 100, 'total': 100, 'status': {'url': 'https://www.endesa.com/en/investors/a201611-events-filings-cnmv.html', 'div': 'www.endesa.com', 'diff_neg': [], 'diff_pos': [], 'nearest_link_pos': [], 'nearest_link_neg': [], 'all_links_pos': [], 'all_links_neg': [], 'diff_nb': 0}, 'result': 0}
[2019-09-05 10:29:03,410: INFO/MainProcess] Received task: continuous_worker.check_diff_delayed[aef28307-ff99-443c-9cbe-122529e44c43]  
[2019-09-05 10:29:03,411: WARNING/ForkPoolWorker-13] /FILE FROM\ == /Users/xxx/Projects/tracker_rework/tracker/workers/continuous/continuous_worker.py
[2019-09-05 10:29:03,411: WARNING/ForkPoolWorker-13] -> Fetching local content from : /Users/xxx/Projects/tracker_rework/data/light_sbb_exane/investors.baesystems.com/website_content/regulatory-news
[2019-09-05 10:29:03,411: WARNING/ForkPoolWorker-13] -> Fetching remote content from : https://investors.baesystems.com/regulatory-news
[2019-09-05 10:29:03,439: WARNING/ForkPoolWorker-9] [200] http://investors.nationalgrid.com/news-and-reports/financial-news/regulatory-news
[2019-09-05 10:29:03,454: WARNING/ForkPoolWorker-3] -> cleaning HTML content ....
[2019-09-05 10:29:03,455: WARNING/ForkPoolWorker-3] -> cleaning HTML content ....
[2019-09-05 10:29:03,455: WARNING/ForkPoolWorker-10] -> cleaning HTML content ....
[2019-09-05 10:29:03,455: WARNING/ForkPoolWorker-3] ******* len status all linsk pos 1: 0
[2019-09-05 10:29:03,456: WARNING/ForkPoolWorker-3] -------------------------------———
[2019-09-05 10:29:03,456: WARNING/ForkPoolWorker-3] Excluded links are :
[2019-09-05 10:29:03,456: WARNING/ForkPoolWorker-3] -------------------------------———
[2019-09-05 10:29:03,457: WARNING/ForkPoolWorker-3] (https://www.home.barclays) DIFF POS:
[]
[2019-09-05 10:29:03,457: WARNING/ForkPoolWorker-3] (https://www.home.barclays) DIFF NEG :
[]
[2019-09-05 10:29:03,458: WARNING/ForkPoolWorker-3] ***** Content is SIMILAR *****
[2019-09-05 10:29:03,459: INFO/ForkPoolWorker-3] Task continuous_worker.check_diff_delayed[816c32ef-eb04-44ea-920f-b0a01b3aeec6] succeeded in 0.6591805749994819s: {'current': 100, 'total': 100, 'status': {'url': 'https://www.home.barclays/barclays-investor-relations/investor-news/regulatory-news.html', 'div': 'www.home.barclays', 'diff_neg': [], 'diff_pos': [], 'nearest_link_pos': [], 'nearest_link_neg': [], 'all_links_pos': [], 'all_links_neg': [], 'diff_nb': 0}, 'result': 0}
[2019-09-05 10:29:03,461: INFO/MainProcess] Received task: continuous_worker.check_diff_delayed[06880475-dae3-4428-88f3-05b201ed0fe2]  
[2019-09-05 10:29:03,462: WARNING/ForkPoolWorker-3] /FILE FROM\ == /Users/xxx/Projects/tracker_rework/tracker/workers/continuous/continuous_worker.py
[2019-09-05 10:29:03,463: WARNING/ForkPoolWorker-3] -> Fetching local content from : /Users/xxx/Projects/tracker_rework/data/light_sbb_exane/www.teleperformanceinvestorrelations.com/website_content/en-us/regulated-information/share-buy-back-program-and-liquidity-contract
[2019-09-05 10:29:03,463: WARNING/ForkPoolWorker-3] -> Fetching remote content from : http://www.teleperformanceinvestorrelations.com/en-us/regulated-information/share-buy-back-program-and-liquidity-contract
[2019-09-05 10:29:03,472: WARNING/ForkPoolWorker-10] RESPONSE => b'false'
[2019-09-05 10:29:03,472: WARNING/ForkPoolWorker-10] RESPONSE 2 = b'false'
[2019-09-05 10:29:03,473: WARNING/ForkPoolWorker-10] ENTER CHECK SBB : http://www.icade.fr/en/csr/csr-highlights
[2019-09-05 10:29:03,482: WARNING/ForkPoolWorker-12] -> cleaning pdf content ...
[2019-09-05 10:29:03,496: WARNING/ForkPoolWorker-11] [200] https://www.unilever.com/investor-relations/investor-news/nv-regulatory-news
[2019-09-05 10:29:03,517: WARNING/ForkPoolWorker-12] RESPONSE => b'false'
[2019-09-05 10:29:03,518: WARNING/ForkPoolWorker-12] RESPONSE 1 = b'false'
[2019-09-05 10:29:03,519: WARNING/ForkPoolWorker-12] ENTER CHECK SBB : https://www.recordati.com/resources/Pubblicazione/___93760e22f4d44347bbcaa3c1dd84ef43_/216_78574_2019_oneinfo.pdf
[2019-09-05 10:29:03,521: WARNING/ForkPoolWorker-11] Problem fetching local content or remote content.
[2019-09-05 10:29:03,522: WARNING/ForkPoolWorker-11] -> Fetching local content from : /Users/xxx/Projects/tracker_rework/data/light_sbb_exane/www.unilever.com/website_content/investor-relations/investor-news/investor-news-and-releases/
[2019-09-05 10:29:03,522: WARNING/ForkPoolWorker-11] -> Fetching remote content from : https://www.unilever.com/investor-relations/investor-news/investor-news-and-releases/
[2019-09-05 10:29:03,522: WARNING/ForkPoolWorker-11] Problem reading local content : [Errno 2] No such file or directory: '/Users/xxx/Projects/tracker_rework/data/light_sbb_exane/www.unilever.com/website_content/investor-relations/investor-news/investor-news-and-releases/'
[2019-09-05 10:29:03,524: WARNING/ForkPoolWorker-9] -> cleaning HTML content ....
[2019-09-05 10:29:03,524: WARNING/ForkPoolWorker-9] -> cleaning HTML content ....
[2019-09-05 10:29:03,525: WARNING/ForkPoolWorker-9] ******* len status all linsk pos 1: 0
[2019-09-05 10:29:03,525: WARNING/ForkPoolWorker-9] -------------------------------———
[2019-09-05 10:29:03,526: WARNING/ForkPoolWorker-9] Excluded links are :
[2019-09-05 10:29:03,526: WARNING/ForkPoolWorker-9] -------------------------------———
[2019-09-05 10:29:03,527: WARNING/ForkPoolWorker-9] (http://investors.nationalgrid.com) DIFF POS:
[]
[2019-09-05 10:29:03,527: WARNING/ForkPoolWorker-9] (http://investors.nationalgrid.com) DIFF NEG :
[]
[2019-09-05 10:29:03,527: WARNING/ForkPoolWorker-9] ***** Content is SIMILAR *****
[2019-09-05 10:29:03,529: INFO/ForkPoolWorker-9] Task continuous_worker.check_diff_delayed[df873847-9b14-4835-a96d-8d1cce4fd0a3] succeeded in 0.3536865330024739s: {'current': 100, 'total': 100, 'status': {'url': 'http://investors.nationalgrid.com/news-and-reports/financial-news/regulatory-news', 'div': 'investors.nationalgrid.com', 'diff_neg': [], 'diff_pos': [], 'nearest_link_pos': [], 'nearest_link_neg': [], 'all_links_pos': [], 'all_links_neg': [], 'diff_nb': 0}, 'result': 0}
[2019-09-05 10:29:03,531: INFO/MainProcess] Received task: continuous_worker.check_diff_delayed[55fcffac-3d67-4783-b404-b44e587947f8]  
[2019-09-05 10:29:03,531: WARNING/ForkPoolWorker-9] /FILE FROM\ == /Users/xxx/Projects/tracker_rework/tracker/workers/continuous/continuous_worker.py
[2019-09-05 10:29:03,532: WARNING/ForkPoolWorker-9] -> Fetching local content from : /Users/xxx/Projects/tracker_rework/data/light_sbb_exane/www.basf.com/website_content/global/en/investors/share-and-adrs/share-overview/share-buyback.html
[2019-09-05 10:29:03,532: WARNING/ForkPoolWorker-9] -> Fetching remote content from : https://www.basf.com/global/en/investors/share-and-adrs/share-overview/share-buyback.html
[2019-09-05 10:29:03,554: WARNING/ForkPoolWorker-11] [200] https://www.unilever.com/investor-relations/investor-news/investor-news-and-releases/
[2019-09-05 10:29:03,569: WARNING/ForkPoolWorker-11] Problem fetching local content or remote content.
[2019-09-05 10:29:03,572: INFO/ForkPoolWorker-11] Task continuous_worker.check_diff_delayed[ff76f03f-1807-4547-ac78-c5b8da503a5e] succeeded in 0.16721084500022698s: {'current': 100, 'total': 100, 'status': {'url': 'https://www.unilever.com/investor-relations/investor-news/investor-news-and-releases/', 'div': 'www.unilever.com', 'diff_neg': [], 'diff_pos': [], 'nearest_link_pos': [], 'nearest_link_neg': [], 'all_links_pos': None, 'all_links_neg': None, 'diff_nb': 0}, 'result': 0}
[2019-09-05 10:29:03,574: INFO/MainProcess] Received task: continuous_worker.check_diff_delayed[015fd1d6-7a6c-4313-8640-263d4e8f4da5]  
[2019-09-05 10:29:03,574: WARNING/ForkPoolWorker-11] ERRRRRRRROR for z = 71d76282-6dfb-4c7a-bdc8-9de0319e3f93
[2019-09-05 10:29:03,575: INFO/ForkPoolWorker-11] Task continuous_worker.log_error[312650e7-a464-426e-9ed7-05a013b17403] succeeded in 0.0009342230005131569s: None
[2019-09-05 10:29:03,577: INFO/MainProcess] Received task: continuous_worker.check_diff_delayed[52a9ab81-d3e1-403c-8a4a-4bc5b03abbbd]  
[2019-09-05 10:29:03,577: WARNING/ForkPoolWorker-11] /FILE FROM\ == /Users/xxx/Projects/tracker_rework/tracker/workers/continuous/continuous_worker.py
[2019-09-05 10:29:03,578: WARNING/ForkPoolWorker-11] -> Fetching local content from : /Users/xxx/Projects/tracker_rework/data/light_sbb_exane/www.cofinimmo.com/website_content/news-and-media/press-releases/unknown___
[2019-09-05 10:29:03,578: WARNING/ForkPoolWorker-11] -> Fetching remote content from : https://www.cofinimmo.com/news-and-media/press-releases/
[2019-09-05 10:29:03,610: WARNING/ForkPoolWorker-12] -> cleaning pdf content ...
[2019-09-05 10:29:03,615: WARNING/ForkPoolWorker-8] [200] https://www.riotinto.com/media/regulatory-news-and-filings-4996.aspx
[2019-09-05 10:29:03,623: WARNING/ForkPoolWorker-12] Excluded links are :
[2019-09-05 10:29:03,623: WARNING/ForkPoolWorker-12] https://www.recordati.com/resources/Pubblicazione/___93760e22f4d44347bbcaa3c1dd84ef43_/216_78574_2019_oneinfo.pdf
[2019-09-05 10:29:03,624: WARNING/ForkPoolWorker-12] https://www.recordati.com/resources/Pubblicazione/___93760e22f4d44347bbcaa3c1dd84ef43_/216_78574_2019_oneinfo.pdf
[2019-09-05 10:29:03,624: WARNING/ForkPoolWorker-12] -------------------------------———
[2019-09-05 10:29:03,624: WARNING/ForkPoolWorker-10] //////////// https://www.icade.fr/en/csr/csr-highlights has been redirected to : http://www.icade.fr/en/csr/csr-highlights //////////
[2019-09-05 10:29:03,625: WARNING/ForkPoolWorker-10] URL = https://www.icade.fr/en/csr/csr-highlights (detected NON pdf)
[2019-09-05 10:29:03,625: WARNING/ForkPoolWorker-12] (http://www.recordati.com) DIFF POS:
['communication on transaction relating to treasury stock august']
[2019-09-05 10:29:03,626: WARNING/ForkPoolWorker-12] (http://www.recordati.com) DIFF NEG :
[]
[2019-09-05 10:29:03,626: WARNING/ForkPoolWorker-12] ***** Content is different *****
[2019-09-05 10:29:03,628: INFO/ForkPoolWorker-12] Task continuous_worker.check_diff_delayed[35554687-3468-47a3-a634-8e174be62672] succeeded in 2.7697558749969176s: {'current': 100, 'total': 100, 'status': {'url': 'http://www.recordati.com/en/corporate_governance/share_buy-back/', 'div': 'www.recordati.com', 'diff_neg': [], 'diff_pos': ['communication on transaction relating to treasury stock august'], 'nearest_link_pos': [], 'nearest_link_neg': [], 'all_links_pos': [], 'all_links_neg': [], 'diff_nb': 1}, 'result': 1}
[2019-09-05 10:29:03,630: INFO/MainProcess] Received task: continuous_worker.check_diff_delayed[c99c453c-6ba2-4f5d-bc4e-f630e64913d9]  
[2019-09-05 10:29:03,630: WARNING/ForkPoolWorker-12] /FILE FROM\ == /Users/xxx/Projects/tracker_rework/tracker/workers/continuous/continuous_worker.py
[2019-09-05 10:29:03,631: WARNING/ForkPoolWorker-12] -> Fetching local content from : /Users/xxx/Projects/tracker_rework/data/light_sbb_exane/www.vicat.com/website_content/finance/regulated-information
[2019-09-05 10:29:03,631: WARNING/ForkPoolWorker-12] -> Fetching remote content from : https://www.vicat.com/finance/regulated-information
[2019-09-05 10:29:03,652: WARNING/ForkPoolWorker-10] -> cleaning HTML content ....
[2019-09-05 10:29:03,662: WARNING/ForkPoolWorker-10] RESPONSE => b'false'
[2019-09-05 10:29:03,662: WARNING/ForkPoolWorker-10] RESPONSE 2 = b'false'
[2019-09-05 10:29:03,663: WARNING/ForkPoolWorker-10] ENTER CHECK SBB : http://www.icade.fr/en/csr
[2019-09-05 10:29:03,698: WARNING/ForkPoolWorker-8] -> cleaning HTML content ....
[2019-09-05 10:29:03,699: WARNING/ForkPoolWorker-8] -> cleaning HTML content ....
[2019-09-05 10:29:03,700: WARNING/ForkPoolWorker-8] ******* len status all linsk pos 1: 0
[2019-09-05 10:29:03,700: WARNING/ForkPoolWorker-8] -------------------------------———
[2019-09-05 10:29:03,701: WARNING/ForkPoolWorker-8] Excluded links are :
[2019-09-05 10:29:03,701: WARNING/ForkPoolWorker-8] -------------------------------———
[2019-09-05 10:29:03,702: WARNING/ForkPoolWorker-8] (https://www.riotinto.com) DIFF POS:
[]
[2019-09-05 10:29:03,703: WARNING/ForkPoolWorker-8] (https://www.riotinto.com) DIFF NEG :
[]
[2019-09-05 10:29:03,703: WARNING/ForkPoolWorker-8] ***** Content is SIMILAR *****
[2019-09-05 10:29:03,706: INFO/ForkPoolWorker-8] Task continuous_worker.check_diff_delayed[975de52e-5ce7-4a35-86a9-313292a2fc1c] succeeded in 1.1440770679982961s: {'current': 100, 'total': 100, 'status': {'url': 'https://www.riotinto.com/media/regulatory-news-and-filings-4996.aspx', 'div': 'www.riotinto.com', 'diff_neg': [], 'diff_pos': [], 'nearest_link_pos': [], 'nearest_link_neg': [], 'all_links_pos': [], 'all_links_neg': [], 'diff_nb': 0}, 'result': 0}
[2019-09-05 10:29:03,708: INFO/MainProcess] Received task: continuous_worker.check_diff_delayed[71d7561f-c016-4307-b470-6e1ab2bdd1b0]  
[2019-09-05 10:29:03,709: WARNING/ForkPoolWorker-8] /FILE FROM\ == /Users/xxx/Projects/tracker_rework/tracker/workers/continuous/continuous_worker.py
[2019-09-05 10:29:03,709: WARNING/ForkPoolWorker-8] -> Fetching local content from : /Users/xxx/Projects/tracker_rework/data/light_sbb_exane/www.burberryplc.com/website_content/en/investors/regulatory-news.html
[2019-09-05 10:29:03,710: WARNING/ForkPoolWorker-8] -> Fetching remote content from : https://www.burberryplc.com/en/investors/regulatory-news.html
[2019-09-05 10:29:03,741: WARNING/ForkPoolWorker-4] [200] https://www.lseg.com/content/regulatory-news
[2019-09-05 10:29:03,756: WARNING/ForkPoolWorker-10] //////////// https://www.icade.fr/en/csr has been redirected to : http://www.icade.fr/en/csr //////////
[2019-09-05 10:29:03,757: WARNING/ForkPoolWorker-10] URL = https://www.icade.fr/en/csr (detected NON pdf)
[2019-09-05 10:29:03,764: WARNING/ForkPoolWorker-9] [200] https://www.basf.com/global/en/investors/share-and-adrs/share-overview/share-buyback.html
[2019-09-05 10:29:03,765: WARNING/ForkPoolWorker-12] [200] https://www.vicat.com/finance/regulated-information
[2019-09-05 10:29:03,801: WARNING/ForkPoolWorker-10] -> cleaning HTML content ....
[2019-09-05 10:29:03,814: WARNING/ForkPoolWorker-10] RESPONSE => b'false'
[2019-09-05 10:29:03,815: WARNING/ForkPoolWorker-10] RESPONSE 2 = b'false'
[2019-09-05 10:29:03,815: WARNING/ForkPoolWorker-10] ENTER CHECK SBB : http://www.icade.fr/en/contact
[2019-09-05 10:29:03,869: WARNING/ForkPoolWorker-13] [200] https://investors.baesystems.com/regulatory-news
[2019-09-05 10:29:03,913: WARNING/ForkPoolWorker-8] [200] https://www.burberryplc.com/en/investors/regulatory-news.html
[2019-09-05 10:29:03,950: WARNING/ForkPoolWorker-10] //////////// https://www.icade.fr/en/contact has been redirected to : http://www.icade.fr/en/contact //////////
[2019-09-05 10:29:03,950: WARNING/ForkPoolWorker-10] URL = https://www.icade.fr/en/contact (detected NON pdf)
[2019-09-05 10:29:03,998: WARNING/ForkPoolWorker-13] -> cleaning HTML content ....
[2019-09-05 10:29:04,001: WARNING/ForkPoolWorker-13] -> cleaning HTML content ....
[2019-09-05 10:29:04,004: WARNING/ForkPoolWorker-13] diff all links neg = ['https://www.baesystems.com/en/article/bae-systems-holds-ribbon-cutting-for-new-innovation-hub-at-the-georgia-cyber-center', 'https://www.baesystems.com/en/article/bae-systems-57mm-gun-systems-selected-for-indonesian-navy-s-fast-attack-craft', 'https://www.baesystems.com/en/article/bae-systems-raises-the-bar-for-multi-domain-cybersecurity-with-xts--guard-7', 'https://www.baesystems.com/en/article/bae-systems-to-enhance-f-35-electronic-warfare-capabilities', 'https://www.baesystems.com/en/article/bae-systems-launches-robotic-operations-center-to-bring-automation-and-machine-learning-capabilities-to-u-s--defense-and-intelligence-communities']
[2019-09-05 10:29:04,005: WARNING/ForkPoolWorker-13] diff all links pos = ['https://www.baesystems.com/en/cybersecurity/article/bae-systems-partners-with-rusi-on-cyber-security-research-programme', 'https://www.baesystems.com/en-aus/article/autonomy-pivotal-for-a-future-ready-australian-army', 'https://www.baesystems.com/en/article/dsei-media-briefing-schedule', 'https://www.baesystems.com/en/article/germany-to-equip-new-coastal-patrol-vessels-with-bae-systems--57mm-guns', 'https://www.baesystems.com/en-uk/article/bae-systems-supports-development-of-local-sporting-facilities']
[2019-09-05 10:29:04,005: WARNING/ForkPoolWorker-13] ******* len status all linsk pos 1: 0
[2019-09-05 10:29:04,005: WARNING/ForkPoolWorker-13] -------------------------------———
[2019-09-05 10:29:04,006: WARNING/ForkPoolWorker-13] Excluded links are :
[2019-09-05 10:29:04,006: WARNING/ForkPoolWorker-13] -------------------------------———
[2019-09-05 10:29:04,006: WARNING/ForkPoolWorker-10] -> cleaning HTML content ....
[2019-09-05 10:29:04,007: WARNING/ForkPoolWorker-13] (https://investors.baesystems.com) DIFF POS:
[]
[2019-09-05 10:29:04,007: WARNING/ForkPoolWorker-13] (https://investors.baesystems.com) DIFF NEG :
[]
[2019-09-05 10:29:04,008: WARNING/ForkPoolWorker-13] ***** Content is SIMILAR *****
[2019-09-05 10:29:04,011: INFO/ForkPoolWorker-13] Task continuous_worker.check_diff_delayed[2999ca95-9bfb-4f48-8963-b5cdb0b8c4d1] succeeded in 0.5999871319982049s: {'current': 100, 'total': 100, 'status': {'url': 'https://investors.baesystems.com/regulatory-news', 'div': 'investors.baesystems.com', 'diff_neg': [], 'diff_pos': [], 'nearest_link_pos': [], 'nearest_link_neg': [], 'all_links_pos': [], 'all_links_neg': [], 'diff_nb': 0}, 'result': 0}
[2019-09-05 10:29:04,013: INFO/MainProcess] Received task: continuous_worker.check_diff_delayed[08527c27-1f87-49e3-9bdc-6a5e275ee8a7]  
[2019-09-05 10:29:04,013: WARNING/ForkPoolWorker-13] /FILE FROM\ == /Users/xxx/Projects/tracker_rework/tracker/workers/continuous/continuous_worker.py
[2019-09-05 10:29:04,014: WARNING/ForkPoolWorker-13] -> Fetching local content from : /Users/xxx/Projects/tracker_rework/data/light_sbb_exane/www.kingfisher.com/website_content/content/kingfisher/corporate/en/investors/regulatory-news/rns.html
[2019-09-05 10:29:04,014: WARNING/ForkPoolWorker-13] -> Fetching remote content from : https://www.kingfisher.com/content/kingfisher/corporate/en/investors/regulatory-news/rns.html
[2019-09-05 10:29:04,018: WARNING/ForkPoolWorker-10] RESPONSE => b'false'
[2019-09-05 10:29:04,019: WARNING/ForkPoolWorker-10] RESPONSE 2 = b'false'
[2019-09-05 10:29:04,020: WARNING/ForkPoolWorker-10] ENTER CHECK SBB : http://www.icade.fr/en/group/about-icade
[2019-09-05 10:29:04,044: WARNING/ForkPoolWorker-9] -> cleaning HTML content ....
[2019-09-05 10:29:04,045: WARNING/ForkPoolWorker-8] -> cleaning HTML content ....
[2019-09-05 10:29:04,045: WARNING/ForkPoolWorker-8] -> cleaning HTML content ....
[2019-09-05 10:29:04,046: WARNING/ForkPoolWorker-8] ******* len status all linsk pos 1: 0
[2019-09-05 10:29:04,046: WARNING/ForkPoolWorker-8] -------------------------------———
[2019-09-05 10:29:04,046: WARNING/ForkPoolWorker-9] -> cleaning HTML content ....
[2019-09-05 10:29:04,047: WARNING/ForkPoolWorker-8] Excluded links are :
[2019-09-05 10:29:04,047: WARNING/ForkPoolWorker-8] -------------------------------———
[2019-09-05 10:29:04,048: WARNING/ForkPoolWorker-8] (https://www.burberryplc.com) DIFF POS:
[]
[2019-09-05 10:29:04,048: WARNING/ForkPoolWorker-8] (https://www.burberryplc.com) DIFF NEG :
[]
[2019-09-05 10:29:04,048: WARNING/ForkPoolWorker-8] ***** Content is SIMILAR *****
[2019-09-05 10:29:04,049: WARNING/ForkPoolWorker-9] ******* len status all linsk pos 1: 0
[2019-09-05 10:29:04,049: WARNING/ForkPoolWorker-9] -------------------------------———
[2019-09-05 10:29:04,049: WARNING/ForkPoolWorker-9] Excluded links are :
[2019-09-05 10:29:04,050: WARNING/ForkPoolWorker-9] -------------------------------———
[2019-09-05 10:29:04,050: INFO/ForkPoolWorker-8] Task continuous_worker.check_diff_delayed[6c20ee56-a97b-48b3-8627-4b64466fdddb] succeeded in 0.34145586299928254s: {'current': 100, 'total': 100, 'status': {'url': 'https://www.burberryplc.com/en/investors/regulatory-news.html', 'div': 'www.burberryplc.com', 'diff_neg': [], 'diff_pos': [], 'nearest_link_pos': [], 'nearest_link_neg': [], 'all_links_pos': [], 'all_links_neg': [], 'diff_nb': 0}, 'result': 0}
[2019-09-05 10:29:04,050: WARNING/ForkPoolWorker-9] (https://www.basf.com) DIFF POS:
[]
[2019-09-05 10:29:04,051: WARNING/ForkPoolWorker-9] (https://www.basf.com) DIFF NEG :
[]
[2019-09-05 10:29:04,051: WARNING/ForkPoolWorker-9] ***** Content is SIMILAR *****
[2019-09-05 10:29:04,052: INFO/MainProcess] Received task: continuous_worker.check_diff_delayed[4c8d1da5-d561-4308-881c-fe8477ab4ebc]  
